Archive member included to satisfy reference by file (symbol)

/usr/lib/gcc/arm-none-eabi/14.2.0/../../../../arm-none-eabi/lib/thumb/v7e-m+fp/hard/libc_nano.a(libc_a-atexit.o)
                              /usr/lib/gcc/arm-none-eabi/14.2.0/../../../../arm-none-eabi/lib/thumb/v7e-m+fp/hard/crt0.o (atexit)
/usr/lib/gcc/arm-none-eabi/14.2.0/../../../../arm-none-eabi/lib/thumb/v7e-m+fp/hard/libc_nano.a(libc_a-exit.o)
                              /usr/lib/gcc/arm-none-eabi/14.2.0/../../../../arm-none-eabi/lib/thumb/v7e-m+fp/hard/crt0.o (exit)
/usr/lib/gcc/arm-none-eabi/14.2.0/../../../../arm-none-eabi/lib/thumb/v7e-m+fp/hard/libc_nano.a(libc_a-findfp.o)
                              /usr/lib/gcc/arm-none-eabi/14.2.0/../../../../arm-none-eabi/lib/thumb/v7e-m+fp/hard/libc_nano.a(libc_a-exit.o) (__stdio_exit_handler)
/usr/lib/gcc/arm-none-eabi/14.2.0/../../../../arm-none-eabi/lib/thumb/v7e-m+fp/hard/libc_nano.a(libc_a-fwalk.o)
                              /usr/lib/gcc/arm-none-eabi/14.2.0/../../../../arm-none-eabi/lib/thumb/v7e-m+fp/hard/libc_nano.a(libc_a-findfp.o) (_fwalk_sglue)
/usr/lib/gcc/arm-none-eabi/14.2.0/../../../../arm-none-eabi/lib/thumb/v7e-m+fp/hard/libc_nano.a(libc_a-stdio.o)
                              /usr/lib/gcc/arm-none-eabi/14.2.0/../../../../arm-none-eabi/lib/thumb/v7e-m+fp/hard/libc_nano.a(libc_a-findfp.o) (__sread)
/usr/lib/gcc/arm-none-eabi/14.2.0/../../../../arm-none-eabi/lib/thumb/v7e-m+fp/hard/libc_nano.a(libc_a-memset.o)
                              /usr/lib/gcc/arm-none-eabi/14.2.0/../../../../arm-none-eabi/lib/thumb/v7e-m+fp/hard/crt0.o (memset)
/usr/lib/gcc/arm-none-eabi/14.2.0/../../../../arm-none-eabi/lib/thumb/v7e-m+fp/hard/libc_nano.a(libc_a-closer.o)
                              /usr/lib/gcc/arm-none-eabi/14.2.0/../../../../arm-none-eabi/lib/thumb/v7e-m+fp/hard/libc_nano.a(libc_a-stdio.o) (_close_r)
/usr/lib/gcc/arm-none-eabi/14.2.0/../../../../arm-none-eabi/lib/thumb/v7e-m+fp/hard/libc_nano.a(libc_a-reent.o)
                              /usr/lib/gcc/arm-none-eabi/14.2.0/../../../../arm-none-eabi/lib/thumb/v7e-m+fp/hard/libc_nano.a(libc_a-closer.o) (errno)
/usr/lib/gcc/arm-none-eabi/14.2.0/../../../../arm-none-eabi/lib/thumb/v7e-m+fp/hard/libc_nano.a(libc_a-impure.o)
                              /usr/lib/gcc/arm-none-eabi/14.2.0/../../../../arm-none-eabi/lib/thumb/v7e-m+fp/hard/libc_nano.a(libc_a-reent.o) (_impure_ptr)
/usr/lib/gcc/arm-none-eabi/14.2.0/../../../../arm-none-eabi/lib/thumb/v7e-m+fp/hard/libc_nano.a(libc_a-lseekr.o)
                              /usr/lib/gcc/arm-none-eabi/14.2.0/../../../../arm-none-eabi/lib/thumb/v7e-m+fp/hard/libc_nano.a(libc_a-stdio.o) (_lseek_r)
/usr/lib/gcc/arm-none-eabi/14.2.0/../../../../arm-none-eabi/lib/thumb/v7e-m+fp/hard/libc_nano.a(libc_a-readr.o)
                              /usr/lib/gcc/arm-none-eabi/14.2.0/../../../../arm-none-eabi/lib/thumb/v7e-m+fp/hard/libc_nano.a(libc_a-stdio.o) (_read_r)
/usr/lib/gcc/arm-none-eabi/14.2.0/../../../../arm-none-eabi/lib/thumb/v7e-m+fp/hard/libc_nano.a(libc_a-writer.o)
                              /usr/lib/gcc/arm-none-eabi/14.2.0/../../../../arm-none-eabi/lib/thumb/v7e-m+fp/hard/libc_nano.a(libc_a-stdio.o) (_write_r)
/usr/lib/gcc/arm-none-eabi/14.2.0/../../../../arm-none-eabi/lib/thumb/v7e-m+fp/hard/libc_nano.a(libc_a-init.o)
                              /usr/lib/gcc/arm-none-eabi/14.2.0/../../../../arm-none-eabi/lib/thumb/v7e-m+fp/hard/crt0.o (__libc_init_array)
/usr/lib/gcc/arm-none-eabi/14.2.0/../../../../arm-none-eabi/lib/thumb/v7e-m+fp/hard/libc_nano.a(libc_a-fini.o)
                              /usr/lib/gcc/arm-none-eabi/14.2.0/../../../../arm-none-eabi/lib/thumb/v7e-m+fp/hard/crt0.o (__libc_fini_array)
/usr/lib/gcc/arm-none-eabi/14.2.0/../../../../arm-none-eabi/lib/thumb/v7e-m+fp/hard/libc_nano.a(libc_a-lock.o)
                              /usr/lib/gcc/arm-none-eabi/14.2.0/../../../../arm-none-eabi/lib/thumb/v7e-m+fp/hard/libc_nano.a(libc_a-findfp.o) (__retarget_lock_init_recursive)
/usr/lib/gcc/arm-none-eabi/14.2.0/../../../../arm-none-eabi/lib/thumb/v7e-m+fp/hard/libc_nano.a(libc_a-__atexit.o)
                              /usr/lib/gcc/arm-none-eabi/14.2.0/../../../../arm-none-eabi/lib/thumb/v7e-m+fp/hard/libc_nano.a(libc_a-atexit.o) (__register_exitproc)
/usr/lib/gcc/arm-none-eabi/14.2.0/../../../../arm-none-eabi/lib/thumb/v7e-m+fp/hard/libc_nano.a(libc_a-__call_atexit.o)
                              /usr/lib/gcc/arm-none-eabi/14.2.0/../../../../arm-none-eabi/lib/thumb/v7e-m+fp/hard/libc_nano.a(libc_a-__atexit.o) (__call_exitprocs)
/usr/lib/gcc/arm-none-eabi/14.2.0/../../../../arm-none-eabi/lib/thumb/v7e-m+fp/hard/libc_nano.a(libc_a-freer.o)
                              /usr/lib/gcc/arm-none-eabi/14.2.0/../../../../arm-none-eabi/lib/thumb/v7e-m+fp/hard/libc_nano.a(libc_a-reent.o) (_free_r)
/usr/lib/gcc/arm-none-eabi/14.2.0/../../../../arm-none-eabi/lib/thumb/v7e-m+fp/hard/libc_nano.a(libc_a-mallocr.o)
[...]
Memory Configuration

Name             Origin             Length             Attributes
RAM              0x20000000         0x00010000         xrw
CCMRAM           0x10000000         0x00004000         xrw
FLASH            0x08000000         0x00080000         xr
*default*        0x00000000         0xffffffff

Linker script and memory map

LOAD /usr/lib/gcc/arm-none-eabi/14.2.0/thumb/v7e-m+fp/hard/crti.o
LOAD /usr/lib/gcc/arm-none-eabi/14.2.0/thumb/v7e-m+fp/hard/crtbegin.o
LOAD /usr/lib/gcc/arm-none-eabi/14.2.0/../../../../arm-none-eabi/lib/thumb/v7e-m+fp/hard/crt0.o
LOAD build/debug/main.o
LOAD build/debug/stm32f3xx_hal.o
LOAD build/debug/stm32f3xx_hal_adc.o
LOAD build/debug/stm32f3xx_hal_adc_ex.o
LOAD build/debug/stm32f3xx_hal_comp.o
LOAD build/debug/stm32f3xx_hal_cortex.o
LOAD build/debug/stm32f3xx_hal_dac.o
LOAD build/debug/stm32f3xx_hal_dac_ex.o
LOAD build/debug/stm32f3xx_hal_dma.o
LOAD build/debug/stm32f3xx_hal_exti.o
LOAD build/debug/stm32f3xx_hal_flash.o
LOAD build/debug/stm32f3xx_hal_flash_ex.o
LOAD build/debug/stm32f3xx_hal_gpio.o
LOAD build/debug/stm32f3xx_hal_i2c.o
LOAD build/debug/stm32f3xx_hal_i2c_ex.o
LOAD build/debug/stm32f3xx_hal_msp.o
LOAD build/debug/stm32f3xx_hal_pwr.o
LOAD build/debug/stm32f3xx_hal_pwr_ex.o
LOAD build/debug/stm32f3xx_hal_rcc.o
LOAD build/debug/stm32f3xx_hal_rcc_ex.o
LOAD build/debug/stm32f3xx_hal_tim.o
LOAD build/debug/stm32f3xx_hal_tim_ex.o
LOAD build/debug/stm32f3xx_hal_uart.o
LOAD build/debug/stm32f3xx_hal_uart_ex.o
LOAD build/debug/stm32f3xx_it.o
LOAD build/debug/system_stm32f3xx.o
LOAD build/debug/startup_stm32f303xe.o
LOAD /usr/lib/gcc/arm-none-eabi/14.2.0/../../../../arm-none-eabi/lib/thumb/v7e-m+fp/hard/libc_nano.a
LOAD /usr/lib/gcc/arm-none-eabi/14.2.0/../../../../arm-none-eabi/lib/thumb/v7e-m+fp/hard/libm.a
LOAD /usr/lib/gcc/arm-none-eabi/14.2.0/../../../../arm-none-eabi/lib/thumb/v7e-m+fp/hard/libnosys.a
START GROUP
LOAD /usr/lib/gcc/arm-none-eabi/14.2.0/thumb/v7e-m+fp/hard/libgcc.a
LOAD /usr/lib/gcc/arm-none-eabi/14.2.0/../../../../arm-none-eabi/lib/thumb/v7e-m+fp/hard/libc_nano.a
END GROUP
START GROUP
LOAD /usr/lib/gcc/arm-none-eabi/14.2.0/thumb/v7e-m+fp/hard/libgcc.a
LOAD /usr/lib/gcc/arm-none-eabi/14.2.0/../../../../arm-none-eabi/lib/thumb/v7e-m+fp/hard/libc_nano.a
END GROUP
LOAD /usr/lib/gcc/arm-none-eabi/14.2.0/thumb/v7e-m+fp/hard/crtend.o
LOAD /usr/lib/gcc/arm-none-eabi/14.2.0/thumb/v7e-m+fp/hard/crtn.o
                0x20010000                        _estack = (ORIGIN (RAM) + LENGTH (RAM))
                0x00000200                        _Min_Heap_Size = 0x200
                0x00000400                        _Min_Stack_Size = 0x400

.isr_vector     0x08000000      0x194
                0x08000000                        . = ALIGN (0x4)
 *(.isr_vector)
 .isr_vector    0x08000000      0x194 build/debug/startup_stm32f303xe.o
                0x08000000                g_pfnVectors
                0x08000194                        . = ALIGN (0x4)

.text           0x08000194     0x3220
                0x08000194                        . = ALIGN (0x4)
 *(.text)
 *(.text*)
 .text.__do_global_dtors_aux
                0x08000194       0x24 /usr/lib/gcc/arm-none-eabi/14.2.0/thumb/v7e-m+fp/hard/crtbegin.o
 .text.frame_dummy
                0x080001b8       0x1c /usr/lib/gcc/arm-none-eabi/14.2.0/thumb/v7e-m+fp/hard/crtbegin.o
 .text.MX_GPIO_Init
                0x080001d4       0x44 build/debug/main.o
 .text.MX_DMA_Init
                0x08000218       0x34 build/debug/main.o
 .text.Error_Handler
                0x0800024c        0x4 build/debug/main.o
                0x0800024c                Error_Handler
 .text.MX_ADC1_Init
                0x08000250       0x88 build/debug/main.o
 .text.MX_COMP2_Init
                0x080002d8       0x30 build/debug/main.o
 .text.MX_COMP3_Init
                0x08000308       0x30 build/debug/main.o
 .text.MX_TIM2_Init
                0x08000338       0xc8 build/debug/main.o
 .text.MX_DAC1_Init
                0x08000400       0x40 build/debug/main.o
 .text.MX_TIM3_Init
                0x08000440       0xa4 build/debug/main.o
 .text.MX_USART1_UART_Init
                0x080004e4       0x38 build/debug/main.o
 .text.SystemClock_Config
                0x0800051c       0x90 build/debug/main.o
                0x0800051c                SystemClock_Config
 .text.main     0x080005ac       0x30 build/debug/main.o
                0x080005ac                main
 .text.HAL_InitTick
                0x080005dc       0x4c build/debug/stm32f3xx_hal.o
                0x080005dc                HAL_InitTick
 .text.HAL_Init
                0x08000628       0x24 build/debug/stm32f3xx_hal.o
                0x08000628                HAL_Init
 .text.HAL_IncTick
                0x0800064c       0x18 build/debug/stm32f3xx_hal.o
                0x0800064c                HAL_IncTick
 .text.HAL_GetTick
                0x08000664        0xc build/debug/stm32f3xx_hal.o
                0x08000664                HAL_GetTick
 .text.ADC_Disable
                0x08000670       0x88 build/debug/stm32f3xx_hal_adc_ex.o
 .text.HAL_ADC_Init
                0x080006f8      0x2b8 build/debug/stm32f3xx_hal_adc_ex.o
                0x080006f8                HAL_ADC_Init
 .text.HAL_ADC_ConfigChannel
                0x080009b0      0x3ac build/debug/stm32f3xx_hal_adc_ex.o
                0x080009b0                HAL_ADC_ConfigChannel
 .text.HAL_ADCEx_MultiModeConfigChannel
                0x08000d5c      0x15c build/debug/stm32f3xx_hal_adc_ex.o
                0x08000d5c                HAL_ADCEx_MultiModeConfigChannel
 .text.HAL_COMP_Init
                0x08000eb8       0xfc build/debug/stm32f3xx_hal_comp.o
                0x08000eb8                HAL_COMP_Init
 .text.__NVIC_SetPriority
                0x08000fb4       0x28 build/debug/stm32f3xx_hal_cortex.o
 .text.NVIC_EncodePriority
                0x08000fdc       0x3e build/debug/stm32f3xx_hal_cortex.o
 *fill*         0x0800101a        0x2 
 .text.HAL_NVIC_SetPriorityGrouping
                0x0800101c       0x24 build/debug/stm32f3xx_hal_cortex.o
                0x0800101c                HAL_NVIC_SetPriorityGrouping
 .text.HAL_NVIC_SetPriority
                0x08001040       0x20 build/debug/stm32f3xx_hal_cortex.o
                0x08001040                HAL_NVIC_SetPriority
 .text.HAL_NVIC_EnableIRQ
                0x08001060       0x1c build/debug/stm32f3xx_hal_cortex.o
                0x08001060                HAL_NVIC_EnableIRQ
 .text.HAL_SYSTICK_Config
                0x0800107c       0x28 build/debug/stm32f3xx_hal_cortex.o
                0x0800107c                HAL_SYSTICK_Config
 .text.HAL_DAC_Init
                0x080010a4       0x24 build/debug/stm32f3xx_hal_dac.o
                0x080010a4                HAL_DAC_Init
 .text.HAL_DAC_ConfigChannel
                0x080010c8       0x52 build/debug/stm32f3xx_hal_dac_ex.o
                0x080010c8                HAL_DAC_ConfigChannel
 *fill*         0x0800111a        0x2 
 .text.DMA_CalcBaseAndBitshift
                0x0800111c       0x4c build/debug/stm32f3xx_hal_dma.o
 .text.HAL_DMA_Init
                0x08001168       0x4c build/debug/stm32f3xx_hal_dma.o
                0x08001168                HAL_DMA_Init
 .text.HAL_DMA_IRQHandler
                0x080011b4       0xb2 build/debug/stm32f3xx_hal_dma.o
                0x080011b4                HAL_DMA_IRQHandler
 *fill*         0x08001266        0x2 
 .text.HAL_GPIO_Init
                0x08001268      0x1e0 build/debug/stm32f3xx_hal_gpio.o
                0x08001268                HAL_GPIO_Init
 .text.HAL_MspInit
                0x08001448       0x30 build/debug/stm32f3xx_hal_msp.o
                0x08001448                HAL_MspInit
 .text.HAL_ADC_MspInit
                0x08001478       0x5e build/debug/stm32f3xx_hal_msp.o
                0x08001478                HAL_ADC_MspInit
 *fill*         0x080014d6        0x2 
 .text.HAL_COMP_MspInit
                0x080014d8       0xb4 build/debug/stm32f3xx_hal_msp.o
                0x080014d8                HAL_COMP_MspInit
 .text.HAL_DAC_MspInit
                0x0800158c       0x60 build/debug/stm32f3xx_hal_msp.o
                0x0800158c                HAL_DAC_MspInit
 .text.HAL_TIM_Base_MspInit
                0x080015ec       0x90 build/debug/stm32f3xx_hal_msp.o
                0x080015ec                HAL_TIM_Base_MspInit
 .text.HAL_TIM_MspPostInit
                0x0800167c       0x84 build/debug/stm32f3xx_hal_msp.o
                0x0800167c                HAL_TIM_MspPostInit
 .text.HAL_UART_MspInit
                0x08001700       0x68 build/debug/stm32f3xx_hal_msp.o
                0x08001700                HAL_UART_MspInit
 .text.HAL_RCC_OscConfig
                0x08001768      0x644 build/debug/stm32f3xx_hal_rcc.o
                0x08001768                HAL_RCC_OscConfig
 .text.HAL_RCC_GetSysClockFreq
                0x08001dac       0x54 build/debug/stm32f3xx_hal_rcc.o
                0x08001dac                HAL_RCC_GetSysClockFreq
 .text.HAL_RCC_ClockConfig
                0x08001e00      0x1a8 build/debug/stm32f3xx_hal_rcc.o
                0x08001e00                HAL_RCC_ClockConfig
 .text.HAL_RCC_GetHCLKFreq
                0x08001fa8        0xc build/debug/stm32f3xx_hal_rcc.o
                0x08001fa8                HAL_RCC_GetHCLKFreq
 .text.HAL_RCC_GetPCLK1Freq
                0x08001fb4       0x2c build/debug/stm32f3xx_hal_rcc.o
                0x08001fb4                HAL_RCC_GetPCLK1Freq
 .text.HAL_RCC_GetPCLK2Freq
                0x08001fe0       0x2c build/debug/stm32f3xx_hal_rcc.o
                0x08001fe0                HAL_RCC_GetPCLK2Freq
 .text.HAL_RCCEx_PeriphCLKConfig
                0x0800200c      0x2fc build/debug/stm32f3xx_hal_rcc_ex.o
                0x0800200c                HAL_RCCEx_PeriphCLKConfig
 .text.TIM_OC1_SetConfig
                0x08002308       0xac build/debug/stm32f3xx_hal_tim.o
 .text.TIM_OC3_SetConfig
                0x080023b4       0x9c build/debug/stm32f3xx_hal_tim.o
 .text.TIM_OC4_SetConfig
                0x08002450       0x74 build/debug/stm32f3xx_hal_tim.o
 .text.TIM_OC5_SetConfig
                0x080024c4       0x70 build/debug/stm32f3xx_hal_tim.o
 .text.TIM_OC6_SetConfig
                0x08002534       0x74 build/debug/stm32f3xx_hal_tim.o
 .text.TIM_TI1_ConfigInputStage
                0x080025a8       0x26 build/debug/stm32f3xx_hal_tim.o
 .text.TIM_TI2_ConfigInputStage
                0x080025ce       0x28 build/debug/stm32f3xx_hal_tim.o
 .text.TIM_ITRx_SetConfig
                0x080025f6       0x10 build/debug/stm32f3xx_hal_tim.o
 .text.HAL_TIM_OC_MspInit
                0x08002606        0x2 build/debug/stm32f3xx_hal_tim.o
                0x08002606                HAL_TIM_OC_MspInit
 .text.HAL_TIM_PWM_MspInit
                0x08002608        0x2 build/debug/stm32f3xx_hal_tim.o
                0x08002608                HAL_TIM_PWM_MspInit
 *fill*         0x0800260a        0x2 
 .text.TIM_Base_SetConfig
                0x0800260c       0xe0 build/debug/stm32f3xx_hal_tim.o
                0x0800260c                TIM_Base_SetConfig
 .text.HAL_TIM_Base_Init
                0x080026ec       0x60 build/debug/stm32f3xx_hal_tim.o
                0x080026ec                HAL_TIM_Base_Init
 .text.HAL_TIM_OC_Init
                0x0800274c       0x60 build/debug/stm32f3xx_hal_tim.o
                0x0800274c                HAL_TIM_OC_Init
 .text.HAL_TIM_PWM_Init
                0x080027ac       0x60 build/debug/stm32f3xx_hal_tim.o
                0x080027ac                HAL_TIM_PWM_Init
 .text.TIM_OC2_SetConfig
                0x0800280c       0x9c build/debug/stm32f3xx_hal_tim.o
                0x0800280c                TIM_OC2_SetConfig
 .text.HAL_TIM_OC_ConfigChannel
                0x080028a8       0x7a build/debug/stm32f3xx_hal_tim.o
                0x080028a8                HAL_TIM_OC_ConfigChannel
 .text.HAL_TIM_PWM_ConfigChannel
                0x08002922      0x13a build/debug/stm32f3xx_hal_tim.o
                0x08002922                HAL_TIM_PWM_ConfigChannel
 .text.TIM_ETR_SetConfig
                0x08002a5c       0x1a build/debug/stm32f3xx_hal_tim.o
                0x08002a5c                TIM_ETR_SetConfig
 .text.HAL_TIM_ConfigOCrefClear
                0x08002a76      0x168 build/debug/stm32f3xx_hal_tim.o
                0x08002a76                HAL_TIM_ConfigOCrefClear
 *fill*         0x08002bde        0x2 
 .text.HAL_TIM_ConfigClockSource
                0x08002be0      0x100 build/debug/stm32f3xx_hal_tim.o
                0x08002be0                HAL_TIM_ConfigClockSource
 .text.HAL_TIMEx_MasterConfigSynchronization
                0x08002ce0       0xa0 build/debug/stm32f3xx_hal_tim_ex.o
                0x08002ce0                HAL_TIMEx_MasterConfigSynchronization
 .text.UART_EndRxTransfer
                0x08002d80       0x52 build/debug/stm32f3xx_hal_uart.o
 *fill*         0x08002dd2        0x2 
 .text.UART_SetConfig
                0x08002dd4      0x250 build/debug/stm32f3xx_hal_uart.o
                0x08002dd4                UART_SetConfig
 .text.UART_AdvFeatureConfig
                0x08003024       0xca build/debug/stm32f3xx_hal_uart.o
                0x08003024                UART_AdvFeatureConfig
 .text.UART_WaitOnFlagUntilTimeout
                0x080030ee       0x9e build/debug/stm32f3xx_hal_uart.o
                0x080030ee                UART_WaitOnFlagUntilTimeout
 .text.UART_CheckIdleState
                0x0800318c       0xc6 build/debug/stm32f3xx_hal_uart.o
                0x0800318c                UART_CheckIdleState
 .text.HAL_UART_Init
                0x08003252       0x62 build/debug/stm32f3xx_hal_uart.o
                0x08003252                HAL_UART_Init
 .text.NMI_Handler
                0x080032b4        0x2 build/debug/stm32f3xx_it.o
                0x080032b4                NMI_Handler
 .text.HardFault_Handler
                0x080032b6        0x2 build/debug/stm32f3xx_it.o
                0x080032b6                HardFault_Handler
 .text.MemManage_Handler
                0x080032b8        0x2 build/debug/stm32f3xx_it.o
                0x080032b8                MemManage_Handler
 .text.BusFault_Handler
                0x080032ba        0x2 build/debug/stm32f3xx_it.o
                0x080032ba                BusFault_Handler
 .text.UsageFault_Handler
                0x080032bc        0x2 build/debug/stm32f3xx_it.o
                0x080032bc                UsageFault_Handler
 .text.SVC_Handler
                0x080032be        0x2 build/debug/stm32f3xx_it.o
                0x080032be                SVC_Handler
 .text.DebugMon_Handler
                0x080032c0        0x2 build/debug/stm32f3xx_it.o
                0x080032c0                DebugMon_Handler
 .text.PendSV_Handler
                0x080032c2        0x2 build/debug/stm32f3xx_it.o
                0x080032c2                PendSV_Handler
 .text.SysTick_Handler
                0x080032c4        0x8 build/debug/stm32f3xx_it.o
                0x080032c4                SysTick_Handler
 .text.DMA1_Channel6_IRQHandler
                0x080032cc       0x10 build/debug/stm32f3xx_it.o
                0x080032cc                DMA1_Channel6_IRQHandler
 .text.SystemInit
                0x080032dc       0x14 build/debug/system_stm32f3xx.o
                0x080032dc                SystemInit
 .text.Reset_Handler
                0x080032f0       0x50 build/debug/startup_stm32f303xe.o
                0x080032f0                Reset_Handler
 .text.Default_Handler
                0x08003340        0x2 build/debug/startup_stm32f303xe.o
                0x08003340                RTC_Alarm_IRQHandler
                0x08003340                TIM8_TRG_COM_IRQHandler
                0x08003340                TIM8_CC_IRQHandler
                0x08003340                SPI4_IRQHandler
                0x08003340                TIM1_CC_IRQHandler
                0x08003340                USB_HP_IRQHandler
                0x08003340                PVD_IRQHandler
                0x08003340                TAMP_STAMP_IRQHandler
                0x08003340                EXTI3_IRQHandler
                0x08003340                I2C3_ER_IRQHandler
                0x08003340                USB_HP_CAN_TX_IRQHandler
                0x08003340                EXTI0_IRQHandler
                0x08003340                I2C2_EV_IRQHandler
                0x08003340                FPU_IRQHandler
                0x08003340                TIM1_UP_TIM16_IRQHandler
                0x08003340                ADC1_2_IRQHandler
                0x08003340                SPI1_IRQHandler
                0x08003340                CAN_SCE_IRQHandler
                0x08003340                TIM6_DAC_IRQHandler
                0x08003340                TIM8_UP_IRQHandler
                0x08003340                DMA2_Channel2_IRQHandler
                0x08003340                DMA1_Channel4_IRQHandler
                0x08003340                TIM20_TRG_COM_IRQHandler
                0x08003340                USART3_IRQHandler
                0x08003340                DMA1_Channel7_IRQHandler
                0x08003340                UART5_IRQHandler
                0x08003340                ADC3_IRQHandler
                0x08003340                TIM4_IRQHandler
                0x08003340                CAN_RX1_IRQHandler
                0x08003340                DMA2_Channel1_IRQHandler
                0x08003340                I2C1_EV_IRQHandler
                0x08003340                UART4_IRQHandler
                0x08003340                DMA2_Channel4_IRQHandler
                0x08003340                TIM3_IRQHandler
                0x08003340                RCC_IRQHandler
                0x08003340                TIM20_UP_IRQHandler
                0x08003340                DMA1_Channel1_IRQHandler
                0x08003340                Default_Handler
                0x08003340                USBWakeUp_RMP_IRQHandler
                0x08003340                EXTI15_10_IRQHandler
                0x08003340                TIM7_IRQHandler
                0x08003340                I2C3_EV_IRQHandler
                0x08003340                EXTI9_5_IRQHandler
                0x08003340                RTC_WKUP_IRQHandler
                0x08003340                SPI2_IRQHandler
                0x08003340                USB_LP_CAN_RX0_IRQHandler
                0x08003340                DMA2_Channel5_IRQHandler
                0x08003340                DMA1_Channel5_IRQHandler
                0x08003340                USB_LP_IRQHandler
                0x08003340                EXTI4_IRQHandler
                0x08003340                TIM1_TRG_COM_TIM17_IRQHandler
                0x08003340                DMA1_Channel3_IRQHandler
                0x08003340                ADC4_IRQHandler
                0x08003340                WWDG_IRQHandler
                0x08003340                TIM2_IRQHandler
                0x08003340                COMP7_IRQHandler
                0x08003340                COMP1_2_3_IRQHandler
                0x08003340                EXTI1_IRQHandler
                0x08003340                USART2_IRQHandler
                0x08003340                COMP4_5_6_IRQHandler
                0x08003340                TIM20_BRK_IRQHandler
                0x08003340                I2C2_ER_IRQHandler
                0x08003340                DMA1_Channel2_IRQHandler
                0x08003340                TIM8_BRK_IRQHandler
                0x08003340                FLASH_IRQHandler
                0x08003340                TIM20_CC_IRQHandler
                0x08003340                USART1_IRQHandler
                0x08003340                SPI3_IRQHandler
                0x08003340                I2C1_ER_IRQHandler
                0x08003340                FMC_IRQHandler
                0x08003340                USBWakeUp_IRQHandler
                0x08003340                DMA2_Channel3_IRQHandler
                0x08003340                EXTI2_TSC_IRQHandler
                0x08003340                TIM1_BRK_TIM15_IRQHandler
 .text.memset   0x08003342       0x10 /usr/lib/gcc/arm-none-eabi/14.2.0/../../../../arm-none-eabi/lib/thumb/v7e-m+fp/hard/libc_nano.a(libc_a-memset.o)
                0x08003342                memset
 *fill*         0x08003352        0x2 
 .text.__libc_init_array
                0x08003354       0x48 /usr/lib/gcc/arm-none-eabi/14.2.0/../../../../arm-none-eabi/lib/thumb/v7e-m+fp/hard/libc_nano.a(libc_a-init.o)
                0x08003354                __libc_init_array
 *(.glue_7)
 .glue_7        0x0800339c        0x0 linker stubs
 *(.glue_7t)
 .glue_7t       0x0800339c        0x0 linker stubs
 *(.eh_frame)
 .eh_frame      0x0800339c        0x0 /usr/lib/gcc/arm-none-eabi/14.2.0/thumb/v7e-m+fp/hard/crtbegin.o
 *(.init)
 .init          0x0800339c        0x4 /usr/lib/gcc/arm-none-eabi/14.2.0/thumb/v7e-m+fp/hard/crti.o
                0x0800339c                _init
 .init          0x080033a0        0x8 /usr/lib/gcc/arm-none-eabi/14.2.0/thumb/v7e-m+fp/hard/crtn.o
 *(.fini)
 .fini          0x080033a8        0x4 /usr/lib/gcc/arm-none-eabi/14.2.0/thumb/v7e-m+fp/hard/crti.o
                0x080033a8                _fini
 .fini          0x080033ac        0x8 /usr/lib/gcc/arm-none-eabi/14.2.0/thumb/v7e-m+fp/hard/crtn.o
                0x080033b4                        . = ALIGN (0x4)
                0x080033b4                        _etext = .

.vfp11_veneer   0x080033b4        0x0
 .vfp11_veneer  0x080033b4        0x0 linker stubs

.v4_bx          0x080033b4        0x0
 .v4_bx         0x080033b4        0x0 linker stubs

.iplt           0x080033b4        0x0
 .iplt          0x080033b4        0x0 /usr/lib/gcc/arm-none-eabi/14.2.0/thumb/v7e-m+fp/hard/crtbegin.o

.rodata         0x080033b4       0x38
                0x080033b4                        . = ALIGN (0x4)
 *(.rodata)
 *(.rodata*)
 .rodata.aPredivFactorTable
                0x080033b4       0x10 build/debug/stm32f3xx_hal_rcc.o
 .rodata.aPLLMULFactorTable
                0x080033c4       0x10 build/debug/stm32f3xx_hal_rcc.o
 .rodata.APBPrescTable
                0x080033d4        0x8 build/debug/system_stm32f3xx.o
                0x080033d4                APBPrescTable
 .rodata.AHBPrescTable
                0x080033dc       0x10 build/debug/system_stm32f3xx.o
                0x080033dc                AHBPrescTable
                0x080033ec                        . = ALIGN (0x4)

.ARM.extab      0x080033ec        0x0
                0x080033ec                        . = ALIGN (0x4)
 *(.ARM.extab* .gnu.linkonce.armextab.*)
                0x080033ec                        . = ALIGN (0x4)

.ARM            0x080033ec        0x0
                0x080033ec                        . = ALIGN (0x4)
                0x080033ec                        __exidx_start = .
 *(.ARM.exidx*)
                0x080033ec                        __exidx_end = .
                0x080033ec                        . = ALIGN (0x4)

.preinit_array  0x080033ec        0x0
                0x080033ec                        . = ALIGN (0x4)
                0x080033ec                        PROVIDE (__preinit_array_start = .)
 *(.preinit_array*)
                0x080033ec                        PROVIDE (__preinit_array_end = .)
                0x080033ec                        . = ALIGN (0x4)

.init_array     0x080033ec        0x4
                0x080033ec                        . = ALIGN (0x4)
                0x080033ec                        PROVIDE (__init_array_start = .)
 *(SORT_BY_NAME(.init_array.*))
 *(.init_array*)
 .init_array    0x080033ec        0x4 /usr/lib/gcc/arm-none-eabi/14.2.0/thumb/v7e-m+fp/hard/crtbegin.o
                0x080033f0                        PROVIDE (__init_array_end = .)
                0x080033f0                        . = ALIGN (0x4)

.fini_array     0x080033f0        0x4
                0x080033f0                        . = ALIGN (0x4)
                0x080033f0                        PROVIDE (__fini_array_start = .)
 *(SORT_BY_NAME(.fini_array.*))
 *(.fini_array*)
 .fini_array    0x080033f0        0x4 /usr/lib/gcc/arm-none-eabi/14.2.0/thumb/v7e-m+fp/hard/crtbegin.o
                0x080033f4                        PROVIDE (__fini_array_end = .)
                0x080033f4                        . = ALIGN (0x4)
                0x080033f4                        _sidata = LOADADDR (.data)

.rel.dyn        0x080033f4        0x0
 .rel.iplt      0x080033f4        0x0 /usr/lib/gcc/arm-none-eabi/14.2.0/thumb/v7e-m+fp/hard/crtbegin.o

.data           0x20000000        0xc load address 0x080033f4
                0x20000000                        . = ALIGN (0x4)
                0x20000000                        _sdata = .
 *(.data)
 *(.data*)
 .data.uwTickFreq
                0x20000000        0x1 build/debug/stm32f3xx_hal.o
                0x20000000                uwTickFreq
 *fill*         0x20000001        0x3 
 .data.uwTickPrio
                0x20000004        0x4 build/debug/stm32f3xx_hal.o
                0x20000004                uwTickPrio
 .data.SystemCoreClock
                0x20000008        0x4 build/debug/system_stm32f3xx.o
                0x20000008                SystemCoreClock
 *(.RamFunc)
 *(.RamFunc*)
                0x2000000c                        . = ALIGN (0x4)
                0x2000000c                        _edata = .
                0x08003400                        _siccmram = LOADADDR (.ccmram)

.igot.plt       0x2000000c        0x0 load address 0x08003400
 .igot.plt      0x2000000c        0x0 /usr/lib/gcc/arm-none-eabi/14.2.0/thumb/v7e-m+fp/hard/crtbegin.o

.ccmram         0x10000000        0x0 load address 0x08003400
                0x10000000                        . = ALIGN (0x4)
                0x10000000                        _sccmram = .
 *(.ccmram)
 *(.ccmram*)
                0x10000000                        . = ALIGN (0x4)
                0x10000000                        _eccmram = .
                0x10000000                        . = ALIGN (0x4)

.bss            0x2000000c      0x248
                0x2000000c                        _sbss = .
                0x2000000c                        __bss_start__ = _sbss
 *(.bss)
 *(.bss*)
 .bss.completed.1
                0x2000000c        0x1 /usr/lib/gcc/arm-none-eabi/14.2.0/thumb/v7e-m+fp/hard/crtbegin.o
 *fill*         0x2000000d        0x3 
 .bss.object.0  0x20000010       0x18 /usr/lib/gcc/arm-none-eabi/14.2.0/thumb/v7e-m+fp/hard/crtbegin.o
 .bss.huart1    0x20000028       0x88 build/debug/main.o
                0x20000028                huart1
 .bss.hdma_tim3_ch1_trig
                0x200000b0       0x44 build/debug/main.o
                0x200000b0                hdma_tim3_ch1_trig
 .bss.htim3     0x200000f4       0x4c build/debug/main.o
                0x200000f4                htim3
 .bss.htim2     0x20000140       0x4c build/debug/main.o
                0x20000140                htim2
 .bss.hdac1     0x2000018c       0x14 build/debug/main.o
                0x2000018c                hdac1
 .bss.hcomp3    0x200001a0       0x30 build/debug/main.o
                0x200001a0                hcomp3
 .bss.hcomp2    0x200001d0       0x30 build/debug/main.o
                0x200001d0                hcomp2
 .bss.hadc1     0x20000200       0x50 build/debug/main.o
                0x20000200                hadc1
 .bss.uwTick    0x20000250        0x4 build/debug/stm32f3xx_hal.o
                0x20000250                uwTick
 *(COMMON)
                0x20000254                        . = ALIGN (0x4)
                0x20000254                        _ebss = .
                0x20000254                        __bss_end__ = _ebss

._user_heap_stack
                0x20000254      0x604
                0x20000258                        . = ALIGN (0x8)
 *fill*         0x20000254        0x4 
                0x20000258                        PROVIDE (end = .)
                [!provide]                        PROVIDE (_end = .)
                0x20000458                        . = (. + _Min_Heap_Size)
 *fill*         0x20000258      0x200 
                0x20000858                        . = (. + _Min_Stack_Size)
 *fill*         0x20000458      0x400 
                0x20000858                        . = ALIGN (0x8)

/DISCARD/
 libc.a(*)
 libm.a(*)
 libgcc.a(*)
OUTPUT(build/debug/BitCrusher.elf elf32-littlearm)
LOAD linker stubs
LOAD /usr/lib/gcc/arm-none-eabi/14.2.0/../../../../arm-none-eabi/lib/thumb/v7e-m+fp/hard/libc.a
LOAD /usr/lib/gcc/arm-none-eabi/14.2.0/../../../../arm-none-eabi/lib/thumb/v7e-m+fp/hard/libm.a
LOAD /usr/lib/gcc/arm-none-eabi/14.2.0/thumb/v7e-m+fp/hard/libgcc.a

.ARM.attributes
                0x00000000       0x30
 .ARM.attributes
                0x00000000       0x22 /usr/lib/gcc/arm-none-eabi/14.2.0/thumb/v7e-m+fp/hard/crti.o
 .ARM.attributes
                0x00000022       0x34 /usr/lib/gcc/arm-none-eabi/14.2.0/thumb/v7e-m+fp/hard/crtbegin.o
 .ARM.attributes
                0x00000056       0x34 build/debug/main.o
 .ARM.attributes
                0x0000008a       0x34 build/debug/stm32f3xx_hal.o
 .ARM.attributes
                0x000000be       0x34 build/debug/stm32f3xx_hal_adc_ex.o
 .ARM.attributes
                0x000000f2       0x34 build/debug/stm32f3xx_hal_comp.o
 .ARM.attributes
                0x00000126       0x34 build/debug/stm32f3xx_hal_cortex.o
 .ARM.attributes
                0x0000015a       0x34 build/debug/stm32f3xx_hal_dac.o
 .ARM.attributes
                0x0000018e       0x34 build/debug/stm32f3xx_hal_dac_ex.o
 .ARM.attributes
                0x000001c2       0x34 build/debug/stm32f3xx_hal_dma.o
 .ARM.attributes
                0x000001f6       0x34 build/debug/stm32f3xx_hal_gpio.o
 .ARM.attributes
                0x0000022a       0x34 build/debug/stm32f3xx_hal_msp.o
 .ARM.attributes
                0x0000025e       0x34 build/debug/stm32f3xx_hal_rcc.o
 .ARM.attributes
                0x00000292       0x34 build/debug/stm32f3xx_hal_rcc_ex.o
 .ARM.attributes
                0x000002c6       0x34 build/debug/stm32f3xx_hal_tim.o
 .ARM.attributes
                0x000002fa       0x34 build/debug/stm32f3xx_hal_tim_ex.o
 .ARM.attributes
                0x0000032e       0x34 build/debug/stm32f3xx_hal_uart.o
 .ARM.attributes
                0x00000362       0x34 build/debug/stm32f3xx_it.o
 .ARM.attributes
                0x00000396       0x34 build/debug/system_stm32f3xx.o
 .ARM.attributes
                0x000003ca       0x21 build/debug/startup_stm32f303xe.o
 .ARM.attributes
                0x000003eb       0x34 /usr/lib/gcc/arm-none-eabi/14.2.0/../../../../arm-none-eabi/lib/thumb/v7e-m+fp/hard/libc_nano.a(libc_a-memset.o)
 .ARM.attributes
                0x0000041f       0x34 /usr/lib/gcc/arm-none-eabi/14.2.0/../../../../arm-none-eabi/lib/thumb/v7e-m+fp/hard/libc_nano.a(libc_a-init.o)
 .ARM.attributes
                0x00000453       0x22 /usr/lib/gcc/arm-none-eabi/14.2.0/thumb/v7e-m+fp/hard/crtn.o

.comment        0x00000000       0x1e
 .comment       0x00000000       0x1e build/debug/main.o
                                 0x1f (size before relaxing)
 .comment       0x0000001e       0x1f build/debug/stm32f3xx_hal.o
 .comment       0x0000001e       0x1f build/debug/stm32f3xx_hal_adc_ex.o
 .comment       0x0000001e       0x1f build/debug/stm32f3xx_hal_comp.o
 .comment       0x0000001e       0x1f build/debug/stm32f3xx_hal_cortex.o
 .comment       0x0000001e       0x1f build/debug/stm32f3xx_hal_dac.o
 .comment       0x0000001e       0x1f build/debug/stm32f3xx_hal_dac_ex.o
 .comment       0x0000001e       0x1f build/debug/stm32f3xx_hal_dma.o
 .comment       0x0000001e       0x1f build/debug/stm32f3xx_hal_gpio.o
 .comment       0x0000001e       0x1f build/debug/stm32f3xx_hal_msp.o
 .comment       0x0000001e       0x1f build/debug/stm32f3xx_hal_rcc.o
 .comment       0x0000001e       0x1f build/debug/stm32f3xx_hal_rcc_ex.o
 .comment       0x0000001e       0x1f build/debug/stm32f3xx_hal_tim.o
 .comment       0x0000001e       0x1f build/debug/stm32f3xx_hal_tim_ex.o
 .comment       0x0000001e       0x1f build/debug/stm32f3xx_hal_uart.o
 .comment       0x0000001e       0x1f build/debug/stm32f3xx_it.o
 .comment       0x0000001e       0x1f build/debug/system_stm32f3xx.o
 .comment       0x0000001e       0x1f /usr/lib/gcc/arm-none-eabi/14.2.0/../../../../arm-none-eabi/lib/thumb/v7e-m+fp/hard/libc_nano.a(libc_a-memset.o)
 .comment       0x0000001e       0x1f /usr/lib/gcc/arm-none-eabi/14.2.0/../../../../arm-none-eabi/lib/thumb/v7e-m+fp/hard/libc_nano.a(libc_a-init.o)

.debug_info     0x00000000    0x16645
 .debug_info    0x00000000     0x2143 build/debug/main.o
 .debug_info    0x00002143      0x8a2 build/debug/stm32f3xx_hal.o
 .debug_info    0x000029e5     0x1d29 build/debug/stm32f3xx_hal_adc_ex.o
 .debug_info    0x0000470e      0x793 build/debug/stm32f3xx_hal_comp.o
 .debug_info    0x00004ea1      0xf6a build/debug/stm32f3xx_hal_cortex.o
 .debug_info    0x00005e0b      0x892 build/debug/stm32f3xx_hal_dac.o
 .debug_info    0x0000669d      0xb14 build/debug/stm32f3xx_hal_dac_ex.o
 .debug_info    0x000071b1      0x821 build/debug/stm32f3xx_hal_dma.o
 .debug_info    0x000079d2      0x6d8 build/debug/stm32f3xx_hal_gpio.o
 .debug_info    0x000080aa     0x17ce build/debug/stm32f3xx_hal_msp.o
 .debug_info    0x00009878     0x1531 build/debug/stm32f3xx_hal_rcc.o
 .debug_info    0x0000ada9      0x7af build/debug/stm32f3xx_hal_rcc_ex.o
 .debug_info    0x0000b558     0x3cda build/debug/stm32f3xx_hal_tim.o
 .debug_info    0x0000f232     0x1b74 build/debug/stm32f3xx_hal_tim_ex.o
 .debug_info    0x00010da6     0x4efc build/debug/stm32f3xx_hal_uart.o
 .debug_info    0x00015ca2      0x371 build/debug/stm32f3xx_it.o
 .debug_info    0x00016013      0x417 build/debug/system_stm32f3xx.o
 .debug_info    0x0001642a       0x30 build/debug/startup_stm32f303xe.o
 .debug_info    0x0001645a       0xe0 /usr/lib/gcc/arm-none-eabi/14.2.0/../../../../arm-none-eabi/lib/thumb/v7e-m+fp/hard/libc_nano.a(libc_a-memset.o)
 .debug_info    0x0001653a      0x10b /usr/lib/gcc/arm-none-eabi/14.2.0/../../../../arm-none-eabi/lib/thumb/v7e-m+fp/hard/libc_nano.a(libc_a-init.o)

.debug_abbrev   0x00000000     0x29dc
 .debug_abbrev  0x00000000      0x2e1 build/debug/main.o
 .debug_abbrev  0x000002e1      0x241 build/debug/stm32f3xx_hal.o
 .debug_abbrev  0x00000522      0x2f6 build/debug/stm32f3xx_hal_adc_ex.o
 .debug_abbrev  0x00000818      0x1c7 build/debug/stm32f3xx_hal_comp.o
 .debug_abbrev  0x000009df      0x392 build/debug/stm32f3xx_hal_cortex.o
 .debug_abbrev  0x00000d71      0x1be build/debug/stm32f3xx_hal_dac.o
 .debug_abbrev  0x00000f2f      0x28d build/debug/stm32f3xx_hal_dac_ex.o
 .debug_abbrev  0x000011bc      0x235 build/debug/stm32f3xx_hal_dma.o
 .debug_abbrev  0x000013f1      0x1f8 build/debug/stm32f3xx_hal_gpio.o
 .debug_abbrev  0x000015e9      0x268 build/debug/stm32f3xx_hal_msp.o
 .debug_abbrev  0x00001851      0x31f build/debug/stm32f3xx_hal_rcc.o
 .debug_abbrev  0x00001b70      0x267 build/debug/stm32f3xx_hal_rcc_ex.o
 .debug_abbrev  0x00001dd7      0x271 build/debug/stm32f3xx_hal_tim.o
 .debug_abbrev  0x00002048      0x26f build/debug/stm32f3xx_hal_tim_ex.o
 .debug_abbrev  0x000022b7      0x305 build/debug/stm32f3xx_hal_uart.o
 .debug_abbrev  0x000025bc      0x177 build/debug/stm32f3xx_it.o
 .debug_abbrev  0x00002733      0x11e build/debug/system_stm32f3xx.o
 .debug_abbrev  0x00002851       0x24 build/debug/startup_stm32f303xe.o
 .debug_abbrev  0x00002875       0x9e /usr/lib/gcc/arm-none-eabi/14.2.0/../../../../arm-none-eabi/lib/thumb/v7e-m+fp/hard/libc_nano.a(libc_a-memset.o)
 .debug_abbrev  0x00002913       0xc9 /usr/lib/gcc/arm-none-eabi/14.2.0/../../../../arm-none-eabi/lib/thumb/v7e-m+fp/hard/libc_nano.a(libc_a-init.o)

.debug_aranges  0x00000000     0x1020
 .debug_aranges
                0x00000000       0x78 build/debug/main.o
 .debug_aranges
                0x00000078       0xe0 build/debug/stm32f3xx_hal.o
 .debug_aranges
                0x00000158      0x168 build/debug/stm32f3xx_hal_adc_ex.o
 .debug_aranges
                0x000002c0       0x88 build/debug/stm32f3xx_hal_comp.o
 .debug_aranges
                0x00000348       0xe8 build/debug/stm32f3xx_hal_cortex.o
 .debug_aranges
                0x00000430       0xa8 build/debug/stm32f3xx_hal_dac.o
 .debug_aranges
                0x000004d8       0xb8 build/debug/stm32f3xx_hal_dac_ex.o
 .debug_aranges
                0x00000590       0x88 build/debug/stm32f3xx_hal_dma.o
 .debug_aranges
                0x00000618       0x58 build/debug/stm32f3xx_hal_gpio.o
 .debug_aranges
                0x00000670       0x78 build/debug/stm32f3xx_hal_msp.o
 .debug_aranges
                0x000006e8       0x88 build/debug/stm32f3xx_hal_rcc.o
 .debug_aranges
                0x00000770       0x38 build/debug/stm32f3xx_hal_rcc_ex.o
 .debug_aranges
                0x000007a8      0x3e0 build/debug/stm32f3xx_hal_tim.o
 .debug_aranges
                0x00000b88      0x178 build/debug/stm32f3xx_hal_tim_ex.o
 .debug_aranges
                0x00000d00      0x228 build/debug/stm32f3xx_hal_uart.o
 .debug_aranges
                0x00000f28       0x68 build/debug/stm32f3xx_it.o
 .debug_aranges
                0x00000f90       0x28 build/debug/system_stm32f3xx.o
 .debug_aranges
                0x00000fb8       0x28 build/debug/startup_stm32f303xe.o
 .debug_aranges
                0x00000fe0       0x20 /usr/lib/gcc/arm-none-eabi/14.2.0/../../../../arm-none-eabi/lib/thumb/v7e-m+fp/hard/libc_nano.a(libc_a-memset.o)
 .debug_aranges
                0x00001000       0x20 /usr/lib/gcc/arm-none-eabi/14.2.0/../../../../arm-none-eabi/lib/thumb/v7e-m+fp/hard/libc_nano.a(libc_a-init.o)

.debug_rnglists
                0x00000000      0xc5f
 .debug_rnglists
                0x00000000       0x59 build/debug/main.o
 .debug_rnglists
                0x00000059       0xa3 build/debug/stm32f3xx_hal.o
 .debug_rnglists
                0x000000fc      0x121 build/debug/stm32f3xx_hal_adc_ex.o
 .debug_rnglists
                0x0000021d       0x67 build/debug/stm32f3xx_hal_comp.o
 .debug_rnglists
                0x00000284       0xa9 build/debug/stm32f3xx_hal_cortex.o
 .debug_rnglists
                0x0000032d       0x79 build/debug/stm32f3xx_hal_dac.o
 .debug_rnglists
                0x000003a6       0x86 build/debug/stm32f3xx_hal_dac_ex.o
 .debug_rnglists
                0x0000042c       0x63 build/debug/stm32f3xx_hal_dma.o
 .debug_rnglists
                0x0000048f       0x3f build/debug/stm32f3xx_hal_gpio.o
 .debug_rnglists
                0x000004ce       0x58 build/debug/stm32f3xx_hal_msp.o
 .debug_rnglists
                0x00000526       0x79 build/debug/stm32f3xx_hal_rcc.o
 .debug_rnglists
                0x0000059f       0x28 build/debug/stm32f3xx_hal_rcc_ex.o
 .debug_rnglists
                0x000005c7      0x313 build/debug/stm32f3xx_hal_tim.o
 .debug_rnglists
                0x000008da      0x128 build/debug/stm32f3xx_hal_tim_ex.o
 .debug_rnglists
                0x00000a02      0x1bb build/debug/stm32f3xx_hal_uart.o
 .debug_rnglists
                0x00000bbd       0x49 build/debug/stm32f3xx_it.o
 .debug_rnglists
                0x00000c06       0x1a build/debug/system_stm32f3xx.o
 .debug_rnglists
                0x00000c20       0x19 build/debug/startup_stm32f303xe.o
 .debug_rnglists
                0x00000c39       0x13 /usr/lib/gcc/arm-none-eabi/14.2.0/../../../../arm-none-eabi/lib/thumb/v7e-m+fp/hard/libc_nano.a(libc_a-memset.o)
 .debug_rnglists
                0x00000c4c       0x13 /usr/lib/gcc/arm-none-eabi/14.2.0/../../../../arm-none-eabi/lib/thumb/v7e-m+fp/hard/libc_nano.a(libc_a-init.o)

.debug_line     0x00000000    0x130ed
 .debug_line    0x00000000      0x88b build/debug/main.o
 .debug_line    0x0000088b      0x4b7 build/debug/stm32f3xx_hal.o
 .debug_line    0x00000d42     0x27a9 build/debug/stm32f3xx_hal_adc_ex.o
 .debug_line    0x000034eb      0x83a build/debug/stm32f3xx_hal_comp.o
 .debug_line    0x00003d25      0x765 build/debug/stm32f3xx_hal_cortex.o
 .debug_line    0x0000448a      0x410 build/debug/stm32f3xx_hal_dac.o
 .debug_line    0x0000489a      0x6ed build/debug/stm32f3xx_hal_dac_ex.o
 .debug_line    0x00004f87      0x978 build/debug/stm32f3xx_hal_dma.o
 .debug_line    0x000058ff      0x64e build/debug/stm32f3xx_hal_gpio.o
 .debug_line    0x00005f4d      0x5f3 build/debug/stm32f3xx_hal_msp.o
 .debug_line    0x00006540     0x127d build/debug/stm32f3xx_hal_rcc.o
 .debug_line    0x000077bd      0xcee build/debug/stm32f3xx_hal_rcc_ex.o
 .debug_line    0x000084ab     0x4be4 build/debug/stm32f3xx_hal_tim.o
 .debug_line    0x0000d08f     0x1ac7 build/debug/stm32f3xx_hal_tim_ex.o
 .debug_line    0x0000eb56     0x3ef5 build/debug/stm32f3xx_hal_uart.o
 .debug_line    0x00012a4b      0x215 build/debug/stm32f3xx_it.o
 .debug_line    0x00012c60      0x1df build/debug/system_stm32f3xx.o
 .debug_line    0x00012e3f       0x76 build/debug/startup_stm32f303xe.o
 .debug_line    0x00012eb5      0x123 /usr/lib/gcc/arm-none-eabi/14.2.0/../../../../arm-none-eabi/lib/thumb/v7e-m+fp/hard/libc_nano.a(libc_a-memset.o)
 .debug_line    0x00012fd8      0x115 /usr/lib/gcc/arm-none-eabi/14.2.0/../../../../arm-none-eabi/lib/thumb/v7e-m+fp/hard/libc_nano.a(libc_a-init.o)

.debug_str      0x00000000     0x51e4
 .debug_str     0x00000000     0x51e4 build/debug/main.o
                               0x1abc (size before relaxing)
 .debug_str     0x000051e4      0x9fc build/debug/stm32f3xx_hal.o
 .debug_str     0x000051e4      0xef4 build/debug/stm32f3xx_hal_adc_ex.o
 .debug_str     0x000051e4      0x560 build/debug/stm32f3xx_hal_comp.o
 .debug_str     0x000051e4      0xbde build/debug/stm32f3xx_hal_cortex.o
 .debug_str     0x000051e4      0x6b5 build/debug/stm32f3xx_hal_dac.o
 .debug_str     0x000051e4      0x7be build/debug/stm32f3xx_hal_dac_ex.o
 .debug_str     0x000051e4      0x5f9 build/debug/stm32f3xx_hal_dma.o
 .debug_str     0x000051e4      0x484 build/debug/stm32f3xx_hal_gpio.o
 .debug_str     0x000051e4      0xfc5 build/debug/stm32f3xx_hal_msp.o
 .debug_str     0x000051e4      0x65d build/debug/stm32f3xx_hal_rcc.o
 .debug_str     0x000051e4      0x59f build/debug/stm32f3xx_hal_rcc_ex.o
 .debug_str     0x000051e4     0x16e8 build/debug/stm32f3xx_hal_tim.o
 .debug_str     0x000051e4      0xf2e build/debug/stm32f3xx_hal_tim_ex.o
 .debug_str     0x000051e4      0xedc build/debug/stm32f3xx_hal_uart.o
 .debug_str     0x000051e4      0x42f build/debug/stm32f3xx_it.o
 .debug_str     0x000051e4      0x2b0 build/debug/system_stm32f3xx.o
 .debug_str     0x000051e4       0x60 build/debug/startup_stm32f303xe.o
 .debug_str     0x000051e4      0x1bf /usr/lib/gcc/arm-none-eabi/14.2.0/../../../../arm-none-eabi/lib/thumb/v7e-m+fp/hard/libc_nano.a(libc_a-memset.o)
 .debug_str     0x000051e4      0x220 /usr/lib/gcc/arm-none-eabi/14.2.0/../../../../arm-none-eabi/lib/thumb/v7e-m+fp/hard/libc_nano.a(libc_a-init.o)

.debug_frame    0x00000000     0x2ae0
 .debug_frame   0x00000000      0x158 build/debug/main.o
 .debug_frame   0x00000158      0x1cc build/debug/stm32f3xx_hal.o
 .debug_frame   0x00000324      0x4dc build/debug/stm32f3xx_hal_adc_ex.o
 .debug_frame   0x00000800      0x15c build/debug/stm32f3xx_hal_comp.o
 .debug_frame   0x0000095c      0x1ec build/debug/stm32f3xx_hal_cortex.o
 .debug_frame   0x00000b48      0x15c build/debug/stm32f3xx_hal_dac.o
 .debug_frame   0x00000ca4      0x1dc build/debug/stm32f3xx_hal_dac_ex.o
 .debug_frame   0x00000e80      0x160 build/debug/stm32f3xx_hal_dma.o
 .debug_frame   0x00000fe0       0xd0 build/debug/stm32f3xx_hal_gpio.o
 .debug_frame   0x000010b0      0x16c build/debug/stm32f3xx_hal_msp.o
 .debug_frame   0x0000121c      0x170 build/debug/stm32f3xx_hal_rcc.o
 .debug_frame   0x0000138c       0x70 build/debug/stm32f3xx_hal_rcc_ex.o
 .debug_frame   0x000013fc      0xb54 build/debug/stm32f3xx_hal_tim.o
 .debug_frame   0x00001f50      0x454 build/debug/stm32f3xx_hal_tim_ex.o
 .debug_frame   0x000023a4      0x600 build/debug/stm32f3xx_hal_uart.o
 .debug_frame   0x000029a4       0xc0 build/debug/stm32f3xx_it.o
 .debug_frame   0x00002a64       0x30 build/debug/system_stm32f3xx.o
 .debug_frame   0x00002a94       0x20 /usr/lib/gcc/arm-none-eabi/14.2.0/../../../../arm-none-eabi/lib/thumb/v7e-m+fp/hard/libc_nano.a(libc_a-memset.o)
 .debug_frame   0x00002ab4       0x2c /usr/lib/gcc/arm-none-eabi/14.2.0/../../../../arm-none-eabi/lib/thumb/v7e-m+fp/hard/libc_nano.a(libc_a-init.o)

.debug_loclists
                0x00000000     0xc8c9
 .debug_loclists
                0x00000000       0xe1 build/debug/stm32f3xx_hal.o
 .debug_loclists
                0x000000e1     0x15a7 build/debug/stm32f3xx_hal_adc_ex.o
 .debug_loclists
                0x00001688      0x3e4 build/debug/stm32f3xx_hal_comp.o
 .debug_loclists
                0x00001a6c      0x54d build/debug/stm32f3xx_hal_cortex.o
 .debug_loclists
                0x00001fb9      0x1fe build/debug/stm32f3xx_hal_dac.o
 .debug_loclists
                0x000021b7      0x5fc build/debug/stm32f3xx_hal_dac_ex.o
 .debug_loclists
                0x000027b3      0x571 build/debug/stm32f3xx_hal_dma.o
 .debug_loclists
                0x00002d24      0x291 build/debug/stm32f3xx_hal_gpio.o
 .debug_loclists
                0x00002fb5      0x277 build/debug/stm32f3xx_hal_msp.o
 .debug_loclists
                0x0000322c      0x859 build/debug/stm32f3xx_hal_rcc.o
 .debug_loclists
                0x00003a85      0xcc4 build/debug/stm32f3xx_hal_rcc_ex.o
 .debug_loclists
                0x00004749     0x3ba7 build/debug/stm32f3xx_hal_tim.o
 .debug_loclists
                0x000082f0     0x16f8 build/debug/stm32f3xx_hal_tim_ex.o
 .debug_loclists
                0x000099e8     0x2d6f build/debug/stm32f3xx_hal_uart.o
 .debug_loclists
                0x0000c757       0xd1 build/debug/system_stm32f3xx.o
 .debug_loclists
                0x0000c828       0x4d /usr/lib/gcc/arm-none-eabi/14.2.0/../../../../arm-none-eabi/lib/thumb/v7e-m+fp/hard/libc_nano.a(libc_a-memset.o)
 .debug_loclists
                0x0000c875       0x54 /usr/lib/gcc/arm-none-eabi/14.2.0/../../../../arm-none-eabi/lib/thumb/v7e-m+fp/hard/libc_nano.a(libc_a-init.o)

.debug_line_str
                0x00000000       0x46
 .debug_line_str
                0x00000000       0x46 build/debug/startup_stm32f303xe.o

Cross Reference Table

Symbol                                            File
ADC1_2_IRQHandler                                 build/debug/startup_stm32f303xe.o
ADC3_IRQHandler                                   build/debug/startup_stm32f303xe.o
ADC4_IRQHandler                                   build/debug/startup_stm32f303xe.o
AHBPrescTable                                     build/debug/system_stm32f3xx.o
                                                  build/debug/stm32f3xx_hal_rcc.o
APBPrescTable                                     build/debug/system_stm32f3xx.o
                                                  build/debug/stm32f3xx_hal_rcc.o
BusFault_Handler                                  build/debug/stm32f3xx_it.o
CAN_RX1_IRQHandler                                build/debug/startup_stm32f303xe.o
CAN_SCE_IRQHandler                                build/debug/startup_stm32f303xe.o
COMP1_2_3_IRQHandler                              build/debug/startup_stm32f303xe.o
COMP4_5_6_IRQHandler                              build/debug/startup_stm32f303xe.o
COMP7_IRQHandler                                  build/debug/startup_stm32f303xe.o
DMA1_Channel1_IRQHandler                          build/debug/startup_stm32f303xe.o
DMA1_Channel2_IRQHandler                          build/debug/startup_stm32f303xe.o
DMA1_Channel3_IRQHandler                          build/debug/startup_stm32f303xe.o
DMA1_Channel4_IRQHandler                          build/debug/startup_stm32f303xe.o
DMA1_Channel5_IRQHandler                          build/debug/startup_stm32f303xe.o
DMA1_Channel6_IRQHandler                          build/debug/stm32f3xx_it.o
DMA1_Channel7_IRQHandler                          build/debug/startup_stm32f303xe.o
DMA2_Channel1_IRQHandler                          build/debug/startup_stm32f303xe.o
DMA2_Channel2_IRQHandler                          build/debug/startup_stm32f303xe.o
DMA2_Channel3_IRQHandler                          build/debug/startup_stm32f303xe.o
DMA2_Channel4_IRQHandler                          build/debug/startup_stm32f303xe.o
DMA2_Channel5_IRQHandler                          build/debug/startup_stm32f303xe.o
DebugMon_Handler                                  build/debug/stm32f3xx_it.o
Default_Handler                                   build/debug/startup_stm32f303xe.o
EXTI0_IRQHandler                                  build/debug/startup_stm32f303xe.o
EXTI15_10_IRQHandler                              build/debug/startup_stm32f303xe.o
EXTI1_IRQHandler                                  build/debug/startup_stm32f303xe.o
EXTI2_TSC_IRQHandler                              build/debug/startup_stm32f303xe.o
EXTI3_IRQHandler                                  build/debug/startup_stm32f303xe.o
EXTI4_IRQHandler                                  build/debug/startup_stm32f303xe.o
EXTI9_5_IRQHandler                                build/debug/startup_stm32f303xe.o
Error_Handler                                     build/debug/main.o
                                                  build/debug/stm32f3xx_hal_msp.o
FLASH_IRQHandler                                  build/debug/startup_stm32f303xe.o
FLASH_PageErase                                   build/debug/stm32f3xx_hal_flash_ex.o
                                                  build/debug/stm32f3xx_hal_flash.o
FLASH_WaitForLastOperation                        build/debug/stm32f3xx_hal_flash.o
                                                  build/debug/stm32f3xx_hal_flash_ex.o
FMC_IRQHandler                                    build/debug/startup_stm32f303xe.o
FPU_IRQHandler                                    build/debug/startup_stm32f303xe.o
HAL_ADCEx_Calibration_GetValue                    build/debug/stm32f3xx_hal_adc_ex.o
HAL_ADCEx_Calibration_SetValue                    build/debug/stm32f3xx_hal_adc_ex.o
HAL_ADCEx_Calibration_Start                       build/debug/stm32f3xx_hal_adc_ex.o
HAL_ADCEx_InjectedConfigChannel                   build/debug/stm32f3xx_hal_adc_ex.o
HAL_ADCEx_InjectedConvCpltCallback                build/debug/stm32f3xx_hal_adc_ex.o
HAL_ADCEx_InjectedGetValue                        build/debug/stm32f3xx_hal_adc_ex.o
HAL_ADCEx_InjectedPollForConversion               build/debug/stm32f3xx_hal_adc_ex.o
HAL_ADCEx_InjectedQueueOverflowCallback           build/debug/stm32f3xx_hal_adc_ex.o
HAL_ADCEx_InjectedStart                           build/debug/stm32f3xx_hal_adc_ex.o
HAL_ADCEx_InjectedStart_IT                        build/debug/stm32f3xx_hal_adc_ex.o
HAL_ADCEx_InjectedStop                            build/debug/stm32f3xx_hal_adc_ex.o
HAL_ADCEx_InjectedStop_IT                         build/debug/stm32f3xx_hal_adc_ex.o
HAL_ADCEx_LevelOutOfWindow2Callback               build/debug/stm32f3xx_hal_adc_ex.o
HAL_ADCEx_LevelOutOfWindow3Callback               build/debug/stm32f3xx_hal_adc_ex.o
HAL_ADCEx_MultiModeConfigChannel                  build/debug/stm32f3xx_hal_adc_ex.o
                                                  build/debug/main.o
HAL_ADCEx_MultiModeGetValue                       build/debug/stm32f3xx_hal_adc_ex.o
HAL_ADCEx_MultiModeStart_DMA                      build/debug/stm32f3xx_hal_adc_ex.o
HAL_ADCEx_MultiModeStop_DMA                       build/debug/stm32f3xx_hal_adc_ex.o
HAL_ADCEx_RegularMultiModeStop_DMA                build/debug/stm32f3xx_hal_adc_ex.o
HAL_ADCEx_RegularStop                             build/debug/stm32f3xx_hal_adc_ex.o
HAL_ADCEx_RegularStop_DMA                         build/debug/stm32f3xx_hal_adc_ex.o
HAL_ADCEx_RegularStop_IT                          build/debug/stm32f3xx_hal_adc_ex.o
HAL_ADC_AnalogWDGConfig                           build/debug/stm32f3xx_hal_adc_ex.o
                                                  build/debug/stm32f3xx_hal_adc.o
HAL_ADC_ConfigChannel                             build/debug/stm32f3xx_hal_adc_ex.o
                                                  build/debug/stm32f3xx_hal_adc.o
                                                  build/debug/main.o
HAL_ADC_ConvCpltCallback                          build/debug/stm32f3xx_hal_adc.o
                                                  build/debug/stm32f3xx_hal_adc_ex.o
HAL_ADC_ConvHalfCpltCallback                      build/debug/stm32f3xx_hal_adc.o
                                                  build/debug/stm32f3xx_hal_adc_ex.o
HAL_ADC_DeInit                                    build/debug/stm32f3xx_hal_adc_ex.o
                                                  build/debug/stm32f3xx_hal_adc.o
HAL_ADC_ErrorCallback                             build/debug/stm32f3xx_hal_adc.o
                                                  build/debug/stm32f3xx_hal_adc_ex.o
HAL_ADC_GetError                                  build/debug/stm32f3xx_hal_adc.o
HAL_ADC_GetState                                  build/debug/stm32f3xx_hal_adc.o
HAL_ADC_GetValue                                  build/debug/stm32f3xx_hal_adc_ex.o
                                                  build/debug/stm32f3xx_hal_adc.o
HAL_ADC_IRQHandler                                build/debug/stm32f3xx_hal_adc_ex.o
                                                  build/debug/stm32f3xx_hal_adc.o
HAL_ADC_Init                                      build/debug/stm32f3xx_hal_adc_ex.o
                                                  build/debug/stm32f3xx_hal_adc.o
                                                  build/debug/main.o
HAL_ADC_LevelOutOfWindowCallback                  build/debug/stm32f3xx_hal_adc.o
                                                  build/debug/stm32f3xx_hal_adc_ex.o
HAL_ADC_MspDeInit                                 build/debug/stm32f3xx_hal_msp.o
                                                  build/debug/stm32f3xx_hal_adc.o
                                                  build/debug/stm32f3xx_hal_adc_ex.o
HAL_ADC_MspInit                                   build/debug/stm32f3xx_hal_msp.o
                                                  build/debug/stm32f3xx_hal_adc.o
                                                  build/debug/stm32f3xx_hal_adc_ex.o
HAL_ADC_PollForConversion                         build/debug/stm32f3xx_hal_adc_ex.o
                                                  build/debug/stm32f3xx_hal_adc.o
HAL_ADC_PollForEvent                              build/debug/stm32f3xx_hal_adc_ex.o
                                                  build/debug/stm32f3xx_hal_adc.o
HAL_ADC_Start                                     build/debug/stm32f3xx_hal_adc_ex.o
                                                  build/debug/stm32f3xx_hal_adc.o
HAL_ADC_Start_DMA                                 build/debug/stm32f3xx_hal_adc_ex.o
                                                  build/debug/stm32f3xx_hal_adc.o
HAL_ADC_Start_IT                                  build/debug/stm32f3xx_hal_adc_ex.o
                                                  build/debug/stm32f3xx_hal_adc.o
HAL_ADC_Stop                                      build/debug/stm32f3xx_hal_adc_ex.o
                                                  build/debug/stm32f3xx_hal_adc.o
HAL_ADC_Stop_DMA                                  build/debug/stm32f3xx_hal_adc_ex.o
                                                  build/debug/stm32f3xx_hal_adc.o
HAL_ADC_Stop_IT                                   build/debug/stm32f3xx_hal_adc_ex.o
                                                  build/debug/stm32f3xx_hal_adc.o
HAL_COMP_DeInit                                   build/debug/stm32f3xx_hal_comp.o
HAL_COMP_GetError                                 build/debug/stm32f3xx_hal_comp.o
HAL_COMP_GetOutputLevel                           build/debug/stm32f3xx_hal_comp.o
HAL_COMP_GetState                                 build/debug/stm32f3xx_hal_comp.o
HAL_COMP_IRQHandler                               build/debug/stm32f3xx_hal_comp.o
HAL_COMP_Init                                     build/debug/stm32f3xx_hal_comp.o
                                                  build/debug/main.o
HAL_COMP_Lock                                     build/debug/stm32f3xx_hal_comp.o
HAL_COMP_MspDeInit                                build/debug/stm32f3xx_hal_msp.o
                                                  build/debug/stm32f3xx_hal_comp.o
HAL_COMP_MspInit                                  build/debug/stm32f3xx_hal_msp.o
                                                  build/debug/stm32f3xx_hal_comp.o
HAL_COMP_Start                                    build/debug/stm32f3xx_hal_comp.o
HAL_COMP_Start_IT                                 build/debug/stm32f3xx_hal_comp.o
HAL_COMP_Stop                                     build/debug/stm32f3xx_hal_comp.o
HAL_COMP_Stop_IT                                  build/debug/stm32f3xx_hal_comp.o
HAL_COMP_TriggerCallback                          build/debug/stm32f3xx_hal_comp.o
HAL_DACEx_ConvCpltCallbackCh2                     build/debug/stm32f3xx_hal_dac_ex.o
HAL_DACEx_ConvHalfCpltCallbackCh2                 build/debug/stm32f3xx_hal_dac_ex.o
HAL_DACEx_DMAUnderrunCallbackCh2                  build/debug/stm32f3xx_hal_dac_ex.o
HAL_DACEx_DualGetValue                            build/debug/stm32f3xx_hal_dac_ex.o
                                                  build/debug/stm32f3xx_hal_dac.o
HAL_DACEx_DualSetValue                            build/debug/stm32f3xx_hal_dac_ex.o
                                                  build/debug/stm32f3xx_hal_dac.o
HAL_DACEx_ErrorCallbackCh2                        build/debug/stm32f3xx_hal_dac_ex.o
HAL_DACEx_NoiseWaveGenerate                       build/debug/stm32f3xx_hal_dac_ex.o
HAL_DACEx_TriangleWaveGenerate                    build/debug/stm32f3xx_hal_dac_ex.o
HAL_DAC_ConfigChannel                             build/debug/stm32f3xx_hal_dac_ex.o
                                                  build/debug/stm32f3xx_hal_dac.o
                                                  build/debug/main.o
HAL_DAC_ConvCpltCallbackCh1                       build/debug/stm32f3xx_hal_dac.o
                                                  build/debug/stm32f3xx_hal_dac_ex.o
HAL_DAC_ConvHalfCpltCallbackCh1                   build/debug/stm32f3xx_hal_dac.o
                                                  build/debug/stm32f3xx_hal_dac_ex.o
HAL_DAC_DMAUnderrunCallbackCh1                    build/debug/stm32f3xx_hal_dac.o
                                                  build/debug/stm32f3xx_hal_dac_ex.o
HAL_DAC_DeInit                                    build/debug/stm32f3xx_hal_dac.o
HAL_DAC_ErrorCallbackCh1                          build/debug/stm32f3xx_hal_dac.o
                                                  build/debug/stm32f3xx_hal_dac_ex.o
HAL_DAC_GetError                                  build/debug/stm32f3xx_hal_dac.o
HAL_DAC_GetState                                  build/debug/stm32f3xx_hal_dac.o
HAL_DAC_GetValue                                  build/debug/stm32f3xx_hal_dac_ex.o
                                                  build/debug/stm32f3xx_hal_dac.o
HAL_DAC_IRQHandler                                build/debug/stm32f3xx_hal_dac_ex.o
HAL_DAC_Init                                      build/debug/stm32f3xx_hal_dac.o
                                                  build/debug/main.o
HAL_DAC_MspDeInit                                 build/debug/stm32f3xx_hal_msp.o
                                                  build/debug/stm32f3xx_hal_dac.o
HAL_DAC_MspInit                                   build/debug/stm32f3xx_hal_msp.o
                                                  build/debug/stm32f3xx_hal_dac.o
HAL_DAC_SetValue                                  build/debug/stm32f3xx_hal_dac_ex.o
                                                  build/debug/stm32f3xx_hal_dac.o
HAL_DAC_Start                                     build/debug/stm32f3xx_hal_dac_ex.o
                                                  build/debug/stm32f3xx_hal_dac.o
HAL_DAC_Start_DMA                                 build/debug/stm32f3xx_hal_dac_ex.o
HAL_DAC_Stop                                      build/debug/stm32f3xx_hal_dac.o
HAL_DAC_Stop_DMA                                  build/debug/stm32f3xx_hal_dac.o
HAL_DBGMCU_DisableDBGSleepMode                    build/debug/stm32f3xx_hal.o
HAL_DBGMCU_DisableDBGStandbyMode                  build/debug/stm32f3xx_hal.o
HAL_DBGMCU_DisableDBGStopMode                     build/debug/stm32f3xx_hal.o
HAL_DBGMCU_EnableDBGSleepMode                     build/debug/stm32f3xx_hal.o
HAL_DBGMCU_EnableDBGStandbyMode                   build/debug/stm32f3xx_hal.o
HAL_DBGMCU_EnableDBGStopMode                      build/debug/stm32f3xx_hal.o
HAL_DMA_Abort                                     build/debug/stm32f3xx_hal_dma.o
                                                  build/debug/stm32f3xx_hal_uart.o
                                                  build/debug/stm32f3xx_hal_dac.o
                                                  build/debug/stm32f3xx_hal_adc_ex.o
HAL_DMA_Abort_IT                                  build/debug/stm32f3xx_hal_dma.o
                                                  build/debug/stm32f3xx_hal_uart.o
                                                  build/debug/stm32f3xx_hal_tim_ex.o
                                                  build/debug/stm32f3xx_hal_tim.o
                                                  build/debug/stm32f3xx_hal_i2c.o
HAL_DMA_DeInit                                    build/debug/stm32f3xx_hal_dma.o
                                                  build/debug/stm32f3xx_hal_msp.o
HAL_DMA_GetError                                  build/debug/stm32f3xx_hal_dma.o
                                                  build/debug/stm32f3xx_hal_uart.o
HAL_DMA_GetState                                  build/debug/stm32f3xx_hal_dma.o
                                                  build/debug/stm32f3xx_hal_i2c.o
HAL_DMA_IRQHandler                                build/debug/stm32f3xx_hal_dma.o
                                                  build/debug/stm32f3xx_it.o
HAL_DMA_Init                                      build/debug/stm32f3xx_hal_dma.o
                                                  build/debug/stm32f3xx_hal_msp.o
HAL_DMA_PollForTransfer                           build/debug/stm32f3xx_hal_dma.o
HAL_DMA_RegisterCallback                          build/debug/stm32f3xx_hal_dma.o
HAL_DMA_Start                                     build/debug/stm32f3xx_hal_dma.o
HAL_DMA_Start_IT                                  build/debug/stm32f3xx_hal_dma.o
                                                  build/debug/stm32f3xx_hal_uart.o
                                                  build/debug/stm32f3xx_hal_tim_ex.o
                                                  build/debug/stm32f3xx_hal_tim.o
                                                  build/debug/stm32f3xx_hal_i2c.o
                                                  build/debug/stm32f3xx_hal_dac_ex.o
                                                  build/debug/stm32f3xx_hal_adc_ex.o
HAL_DMA_UnRegisterCallback                        build/debug/stm32f3xx_hal_dma.o
HAL_DeInit                                        build/debug/stm32f3xx_hal.o
HAL_Delay                                         build/debug/stm32f3xx_hal.o
HAL_EXTI_ClearConfigLine                          build/debug/stm32f3xx_hal_exti.o
HAL_EXTI_ClearPending                             build/debug/stm32f3xx_hal_exti.o
HAL_EXTI_GenerateSWI                              build/debug/stm32f3xx_hal_exti.o
HAL_EXTI_GetConfigLine                            build/debug/stm32f3xx_hal_exti.o
HAL_EXTI_GetHandle                                build/debug/stm32f3xx_hal_exti.o
HAL_EXTI_GetPending                               build/debug/stm32f3xx_hal_exti.o
HAL_EXTI_IRQHandler                               build/debug/stm32f3xx_hal_exti.o
HAL_EXTI_RegisterCallback                         build/debug/stm32f3xx_hal_exti.o
HAL_EXTI_SetConfigLine                            build/debug/stm32f3xx_hal_exti.o
HAL_FLASHEx_Erase                                 build/debug/stm32f3xx_hal_flash_ex.o
HAL_FLASHEx_Erase_IT                              build/debug/stm32f3xx_hal_flash_ex.o
HAL_FLASHEx_OBErase                               build/debug/stm32f3xx_hal_flash_ex.o
HAL_FLASHEx_OBGetConfig                           build/debug/stm32f3xx_hal_flash_ex.o
HAL_FLASHEx_OBGetUserData                         build/debug/stm32f3xx_hal_flash_ex.o
HAL_FLASHEx_OBProgram                             build/debug/stm32f3xx_hal_flash_ex.o
HAL_FLASH_EndOfOperationCallback                  build/debug/stm32f3xx_hal_flash.o
HAL_FLASH_GetError                                build/debug/stm32f3xx_hal_flash.o
HAL_FLASH_IRQHandler                              build/debug/stm32f3xx_hal_flash.o
HAL_FLASH_Lock                                    build/debug/stm32f3xx_hal_flash.o
HAL_FLASH_OB_Launch                               build/debug/stm32f3xx_hal_flash.o
HAL_FLASH_OB_Lock                                 build/debug/stm32f3xx_hal_flash.o
HAL_FLASH_OB_Unlock                               build/debug/stm32f3xx_hal_flash.o
HAL_FLASH_OperationErrorCallback                  build/debug/stm32f3xx_hal_flash.o
HAL_FLASH_Program                                 build/debug/stm32f3xx_hal_flash.o
HAL_FLASH_Program_IT                              build/debug/stm32f3xx_hal_flash.o
HAL_FLASH_Unlock                                  build/debug/stm32f3xx_hal_flash.o
HAL_GPIO_DeInit                                   build/debug/stm32f3xx_hal_gpio.o
                                                  build/debug/stm32f3xx_hal_msp.o
HAL_GPIO_EXTI_Callback                            build/debug/stm32f3xx_hal_gpio.o
HAL_GPIO_EXTI_IRQHandler                          build/debug/stm32f3xx_hal_gpio.o
HAL_GPIO_Init                                     build/debug/stm32f3xx_hal_gpio.o
                                                  build/debug/stm32f3xx_hal_rcc.o
                                                  build/debug/stm32f3xx_hal_msp.o
HAL_GPIO_LockPin                                  build/debug/stm32f3xx_hal_gpio.o
HAL_GPIO_ReadPin                                  build/debug/stm32f3xx_hal_gpio.o
HAL_GPIO_TogglePin                                build/debug/stm32f3xx_hal_gpio.o
HAL_GPIO_WritePin                                 build/debug/stm32f3xx_hal_gpio.o
HAL_GetDEVID                                      build/debug/stm32f3xx_hal.o
HAL_GetHalVersion                                 build/debug/stm32f3xx_hal.o
HAL_GetREVID                                      build/debug/stm32f3xx_hal.o
HAL_GetTick                                       build/debug/stm32f3xx_hal.o
                                                  build/debug/stm32f3xx_hal_uart_ex.o
                                                  build/debug/stm32f3xx_hal_uart.o
                                                  build/debug/stm32f3xx_hal_rcc_ex.o
                                                  build/debug/stm32f3xx_hal_rcc.o
                                                  build/debug/stm32f3xx_hal_i2c.o
                                                  build/debug/stm32f3xx_hal_flash.o
                                                  build/debug/stm32f3xx_hal_dma.o
                                                  build/debug/stm32f3xx_hal_adc_ex.o
HAL_GetTickFreq                                   build/debug/stm32f3xx_hal.o
HAL_GetTickPrio                                   build/debug/stm32f3xx_hal.o
HAL_GetUIDw0                                      build/debug/stm32f3xx_hal.o
HAL_GetUIDw1                                      build/debug/stm32f3xx_hal.o
HAL_GetUIDw2                                      build/debug/stm32f3xx_hal.o
HAL_HalfDuplex_EnableReceiver                     build/debug/stm32f3xx_hal_uart.o
HAL_HalfDuplex_EnableTransmitter                  build/debug/stm32f3xx_hal_uart.o
HAL_HalfDuplex_Init                               build/debug/stm32f3xx_hal_uart.o
HAL_I2CEx_ConfigAnalogFilter                      build/debug/stm32f3xx_hal_i2c_ex.o
HAL_I2CEx_ConfigDigitalFilter                     build/debug/stm32f3xx_hal_i2c_ex.o
HAL_I2CEx_DisableFastModePlus                     build/debug/stm32f3xx_hal_i2c_ex.o
HAL_I2CEx_DisableWakeUp                           build/debug/stm32f3xx_hal_i2c_ex.o
HAL_I2CEx_EnableFastModePlus                      build/debug/stm32f3xx_hal_i2c_ex.o
HAL_I2CEx_EnableWakeUp                            build/debug/stm32f3xx_hal_i2c_ex.o
HAL_I2C_AbortCpltCallback                         build/debug/stm32f3xx_hal_i2c.o
HAL_I2C_AddrCallback                              build/debug/stm32f3xx_hal_i2c.o
HAL_I2C_DeInit                                    build/debug/stm32f3xx_hal_i2c.o
HAL_I2C_DisableListen_IT                          build/debug/stm32f3xx_hal_i2c.o
HAL_I2C_ER_IRQHandler                             build/debug/stm32f3xx_hal_i2c.o
HAL_I2C_EV_IRQHandler                             build/debug/stm32f3xx_hal_i2c.o
HAL_I2C_EnableListen_IT                           build/debug/stm32f3xx_hal_i2c.o
HAL_I2C_ErrorCallback                             build/debug/stm32f3xx_hal_i2c.o
HAL_I2C_GetError                                  build/debug/stm32f3xx_hal_i2c.o
HAL_I2C_GetMode                                   build/debug/stm32f3xx_hal_i2c.o
HAL_I2C_GetState                                  build/debug/stm32f3xx_hal_i2c.o
HAL_I2C_Init                                      build/debug/stm32f3xx_hal_i2c.o
HAL_I2C_IsDeviceReady                             build/debug/stm32f3xx_hal_i2c.o
HAL_I2C_ListenCpltCallback                        build/debug/stm32f3xx_hal_i2c.o
HAL_I2C_MasterRxCpltCallback                      build/debug/stm32f3xx_hal_i2c.o
HAL_I2C_MasterTxCpltCallback                      build/debug/stm32f3xx_hal_i2c.o
HAL_I2C_Master_Abort_IT                           build/debug/stm32f3xx_hal_i2c.o
HAL_I2C_Master_Receive                            build/debug/stm32f3xx_hal_i2c.o
HAL_I2C_Master_Receive_DMA                        build/debug/stm32f3xx_hal_i2c.o
HAL_I2C_Master_Receive_IT                         build/debug/stm32f3xx_hal_i2c.o
HAL_I2C_Master_Seq_Receive_DMA                    build/debug/stm32f3xx_hal_i2c.o
HAL_I2C_Master_Seq_Receive_IT                     build/debug/stm32f3xx_hal_i2c.o
HAL_I2C_Master_Seq_Transmit_DMA                   build/debug/stm32f3xx_hal_i2c.o
HAL_I2C_Master_Seq_Transmit_IT                    build/debug/stm32f3xx_hal_i2c.o
HAL_I2C_Master_Transmit                           build/debug/stm32f3xx_hal_i2c.o
HAL_I2C_Master_Transmit_DMA                       build/debug/stm32f3xx_hal_i2c.o
HAL_I2C_Master_Transmit_IT                        build/debug/stm32f3xx_hal_i2c.o
HAL_I2C_MemRxCpltCallback                         build/debug/stm32f3xx_hal_i2c.o
HAL_I2C_MemTxCpltCallback                         build/debug/stm32f3xx_hal_i2c.o
HAL_I2C_Mem_Read                                  build/debug/stm32f3xx_hal_i2c.o
HAL_I2C_Mem_Read_DMA                              build/debug/stm32f3xx_hal_i2c.o
HAL_I2C_Mem_Read_IT                               build/debug/stm32f3xx_hal_i2c.o
HAL_I2C_Mem_Write                                 build/debug/stm32f3xx_hal_i2c.o
HAL_I2C_Mem_Write_DMA                             build/debug/stm32f3xx_hal_i2c.o
HAL_I2C_Mem_Write_IT                              build/debug/stm32f3xx_hal_i2c.o
HAL_I2C_MspDeInit                                 build/debug/stm32f3xx_hal_i2c.o
HAL_I2C_MspInit                                   build/debug/stm32f3xx_hal_i2c.o
HAL_I2C_SlaveRxCpltCallback                       build/debug/stm32f3xx_hal_i2c.o
HAL_I2C_SlaveTxCpltCallback                       build/debug/stm32f3xx_hal_i2c.o
HAL_I2C_Slave_Receive                             build/debug/stm32f3xx_hal_i2c.o
HAL_I2C_Slave_Receive_DMA                         build/debug/stm32f3xx_hal_i2c.o
HAL_I2C_Slave_Receive_IT                          build/debug/stm32f3xx_hal_i2c.o
HAL_I2C_Slave_Seq_Receive_DMA                     build/debug/stm32f3xx_hal_i2c.o
HAL_I2C_Slave_Seq_Receive_IT                      build/debug/stm32f3xx_hal_i2c.o
HAL_I2C_Slave_Seq_Transmit_DMA                    build/debug/stm32f3xx_hal_i2c.o
HAL_I2C_Slave_Seq_Transmit_IT                     build/debug/stm32f3xx_hal_i2c.o
HAL_I2C_Slave_Transmit                            build/debug/stm32f3xx_hal_i2c.o
HAL_I2C_Slave_Transmit_DMA                        build/debug/stm32f3xx_hal_i2c.o
HAL_I2C_Slave_Transmit_IT                         build/debug/stm32f3xx_hal_i2c.o
HAL_IncTick                                       build/debug/stm32f3xx_hal.o
                                                  build/debug/stm32f3xx_it.o
HAL_Init                                          build/debug/stm32f3xx_hal.o
                                                  build/debug/main.o
HAL_InitTick                                      build/debug/stm32f3xx_hal.o
                                                  build/debug/stm32f3xx_hal_rcc.o
HAL_LIN_Init                                      build/debug/stm32f3xx_hal_uart.o
HAL_LIN_SendBreak                                 build/debug/stm32f3xx_hal_uart.o
HAL_MPU_ConfigRegion                              build/debug/stm32f3xx_hal_cortex.o
HAL_MPU_Disable                                   build/debug/stm32f3xx_hal_cortex.o
HAL_MPU_DisableRegion                             build/debug/stm32f3xx_hal_cortex.o
HAL_MPU_Enable                                    build/debug/stm32f3xx_hal_cortex.o
HAL_MPU_EnableRegion                              build/debug/stm32f3xx_hal_cortex.o
HAL_MspDeInit                                     build/debug/stm32f3xx_hal.o
HAL_MspInit                                       build/debug/stm32f3xx_hal_msp.o
                                                  build/debug/stm32f3xx_hal.o
HAL_MultiProcessorEx_AddressLength_Set            build/debug/stm32f3xx_hal_uart_ex.o
HAL_MultiProcessor_DisableMuteMode                build/debug/stm32f3xx_hal_uart.o
HAL_MultiProcessor_EnableMuteMode                 build/debug/stm32f3xx_hal_uart.o
HAL_MultiProcessor_EnterMuteMode                  build/debug/stm32f3xx_hal_uart.o
HAL_MultiProcessor_Init                           build/debug/stm32f3xx_hal_uart.o
HAL_NVIC_ClearPendingIRQ                          build/debug/stm32f3xx_hal_cortex.o
HAL_NVIC_DisableIRQ                               build/debug/stm32f3xx_hal_cortex.o
HAL_NVIC_EnableIRQ                                build/debug/stm32f3xx_hal_cortex.o
                                                  build/debug/main.o
HAL_NVIC_GetActive                                build/debug/stm32f3xx_hal_cortex.o
HAL_NVIC_GetPendingIRQ                            build/debug/stm32f3xx_hal_cortex.o
HAL_NVIC_GetPriority                              build/debug/stm32f3xx_hal_cortex.o
HAL_NVIC_GetPriorityGrouping                      build/debug/stm32f3xx_hal_cortex.o
HAL_NVIC_SetPendingIRQ                            build/debug/stm32f3xx_hal_cortex.o
HAL_NVIC_SetPriority                              build/debug/stm32f3xx_hal_cortex.o
                                                  build/debug/stm32f3xx_hal.o
                                                  build/debug/main.o
HAL_NVIC_SetPriorityGrouping                      build/debug/stm32f3xx_hal_cortex.o
                                                  build/debug/stm32f3xx_hal.o
HAL_NVIC_SystemReset                              build/debug/stm32f3xx_hal_cortex.o
HAL_PWR_ConfigPVD                                 build/debug/stm32f3xx_hal_pwr_ex.o
HAL_PWR_DeInit                                    build/debug/stm32f3xx_hal_pwr.o
HAL_PWR_DisableBkUpAccess                         build/debug/stm32f3xx_hal_pwr.o
HAL_PWR_DisablePVD                                build/debug/stm32f3xx_hal_pwr_ex.o
HAL_PWR_DisableSEVOnPend                          build/debug/stm32f3xx_hal_pwr.o
HAL_PWR_DisableSleepOnExit                        build/debug/stm32f3xx_hal_pwr.o
HAL_PWR_DisableWakeUpPin                          build/debug/stm32f3xx_hal_pwr.o
HAL_PWR_EnableBkUpAccess                          build/debug/stm32f3xx_hal_pwr.o
HAL_PWR_EnablePVD                                 build/debug/stm32f3xx_hal_pwr_ex.o
HAL_PWR_EnableSEVOnPend                           build/debug/stm32f3xx_hal_pwr.o
HAL_PWR_EnableSleepOnExit                         build/debug/stm32f3xx_hal_pwr.o
HAL_PWR_EnableWakeUpPin                           build/debug/stm32f3xx_hal_pwr.o
HAL_PWR_EnterSLEEPMode                            build/debug/stm32f3xx_hal_pwr.o
HAL_PWR_EnterSTANDBYMode                          build/debug/stm32f3xx_hal_pwr.o
HAL_PWR_EnterSTOPMode                             build/debug/stm32f3xx_hal_pwr.o
HAL_PWR_PVDCallback                               build/debug/stm32f3xx_hal_pwr_ex.o
HAL_PWR_PVD_IRQHandler                            build/debug/stm32f3xx_hal_pwr_ex.o
HAL_RCCEx_GetPeriphCLKConfig                      build/debug/stm32f3xx_hal_rcc_ex.o
HAL_RCCEx_GetPeriphCLKFreq                        build/debug/stm32f3xx_hal_rcc_ex.o
HAL_RCCEx_PeriphCLKConfig                         build/debug/stm32f3xx_hal_rcc_ex.o
                                                  build/debug/main.o
HAL_RCC_CSSCallback                               build/debug/stm32f3xx_hal_rcc.o
HAL_RCC_ClockConfig                               build/debug/stm32f3xx_hal_rcc.o
                                                  build/debug/main.o
HAL_RCC_DeInit                                    build/debug/stm32f3xx_hal_rcc.o
HAL_RCC_DisableCSS                                build/debug/stm32f3xx_hal_rcc.o
HAL_RCC_EnableCSS                                 build/debug/stm32f3xx_hal_rcc.o
HAL_RCC_GetClockConfig                            build/debug/stm32f3xx_hal_rcc.o
HAL_RCC_GetHCLKFreq                               build/debug/stm32f3xx_hal_rcc.o
HAL_RCC_GetOscConfig                              build/debug/stm32f3xx_hal_rcc.o
HAL_RCC_GetPCLK1Freq                              build/debug/stm32f3xx_hal_rcc.o
                                                  build/debug/stm32f3xx_hal_uart.o
                                                  build/debug/stm32f3xx_hal_rcc_ex.o
HAL_RCC_GetPCLK2Freq                              build/debug/stm32f3xx_hal_rcc.o
                                                  build/debug/stm32f3xx_hal_uart.o
                                                  build/debug/stm32f3xx_hal_rcc_ex.o
HAL_RCC_GetSysClockFreq                           build/debug/stm32f3xx_hal_rcc.o
                                                  build/debug/stm32f3xx_hal_uart.o
                                                  build/debug/stm32f3xx_hal_rcc_ex.o
HAL_RCC_MCOConfig                                 build/debug/stm32f3xx_hal_rcc.o
HAL_RCC_NMI_IRQHandler                            build/debug/stm32f3xx_hal_rcc.o
HAL_RCC_OscConfig                                 build/debug/stm32f3xx_hal_rcc.o
                                                  build/debug/main.o
HAL_RS485Ex_Init                                  build/debug/stm32f3xx_hal_uart_ex.o
HAL_ResumeTick                                    build/debug/stm32f3xx_hal.o
HAL_SYSTICK_CLKSourceConfig                       build/debug/stm32f3xx_hal_cortex.o
HAL_SYSTICK_Callback                              build/debug/stm32f3xx_hal_cortex.o
HAL_SYSTICK_Config                                build/debug/stm32f3xx_hal_cortex.o
                                                  build/debug/stm32f3xx_hal.o
HAL_SYSTICK_IRQHandler                            build/debug/stm32f3xx_hal_cortex.o
HAL_SetTickFreq                                   build/debug/stm32f3xx_hal.o
HAL_SuspendTick                                   build/debug/stm32f3xx_hal.o
HAL_TIMEx_Break2Callback                          build/debug/stm32f3xx_hal_tim_ex.o
                                                  build/debug/stm32f3xx_hal_tim.o
HAL_TIMEx_BreakCallback                           build/debug/stm32f3xx_hal_tim_ex.o
                                                  build/debug/stm32f3xx_hal_tim.o
HAL_TIMEx_CommutCallback                          build/debug/stm32f3xx_hal_tim_ex.o
                                                  build/debug/stm32f3xx_hal_tim.o
HAL_TIMEx_CommutHalfCpltCallback                  build/debug/stm32f3xx_hal_tim_ex.o
HAL_TIMEx_ConfigBreakDeadTime                     build/debug/stm32f3xx_hal_tim_ex.o
HAL_TIMEx_ConfigCommutEvent                       build/debug/stm32f3xx_hal_tim_ex.o
HAL_TIMEx_ConfigCommutEvent_DMA                   build/debug/stm32f3xx_hal_tim_ex.o
HAL_TIMEx_ConfigCommutEvent_IT                    build/debug/stm32f3xx_hal_tim_ex.o
HAL_TIMEx_GetChannelNState                        build/debug/stm32f3xx_hal_tim_ex.o
HAL_TIMEx_GroupChannel5                           build/debug/stm32f3xx_hal_tim_ex.o
HAL_TIMEx_HallSensor_DeInit                       build/debug/stm32f3xx_hal_tim_ex.o
HAL_TIMEx_HallSensor_GetState                     build/debug/stm32f3xx_hal_tim_ex.o
HAL_TIMEx_HallSensor_Init                         build/debug/stm32f3xx_hal_tim_ex.o
HAL_TIMEx_HallSensor_MspDeInit                    build/debug/stm32f3xx_hal_tim_ex.o
HAL_TIMEx_HallSensor_MspInit                      build/debug/stm32f3xx_hal_tim_ex.o
HAL_TIMEx_HallSensor_Start                        build/debug/stm32f3xx_hal_tim_ex.o
HAL_TIMEx_HallSensor_Start_DMA                    build/debug/stm32f3xx_hal_tim_ex.o
HAL_TIMEx_HallSensor_Start_IT                     build/debug/stm32f3xx_hal_tim_ex.o
HAL_TIMEx_HallSensor_Stop                         build/debug/stm32f3xx_hal_tim_ex.o
HAL_TIMEx_HallSensor_Stop_DMA                     build/debug/stm32f3xx_hal_tim_ex.o
HAL_TIMEx_HallSensor_Stop_IT                      build/debug/stm32f3xx_hal_tim_ex.o
HAL_TIMEx_MasterConfigSynchronization             build/debug/stm32f3xx_hal_tim_ex.o
                                                  build/debug/main.o
HAL_TIMEx_OCN_Start                               build/debug/stm32f3xx_hal_tim_ex.o
HAL_TIMEx_OCN_Start_DMA                           build/debug/stm32f3xx_hal_tim_ex.o
HAL_TIMEx_OCN_Start_IT                            build/debug/stm32f3xx_hal_tim_ex.o
HAL_TIMEx_OCN_Stop                                build/debug/stm32f3xx_hal_tim_ex.o
HAL_TIMEx_OCN_Stop_DMA                            build/debug/stm32f3xx_hal_tim_ex.o
HAL_TIMEx_OCN_Stop_IT                             build/debug/stm32f3xx_hal_tim_ex.o
HAL_TIMEx_OnePulseN_Start                         build/debug/stm32f3xx_hal_tim_ex.o
HAL_TIMEx_OnePulseN_Start_IT                      build/debug/stm32f3xx_hal_tim_ex.o
HAL_TIMEx_OnePulseN_Stop                          build/debug/stm32f3xx_hal_tim_ex.o
HAL_TIMEx_OnePulseN_Stop_IT                       build/debug/stm32f3xx_hal_tim_ex.o
HAL_TIMEx_PWMN_Start                              build/debug/stm32f3xx_hal_tim_ex.o
HAL_TIMEx_PWMN_Start_DMA                          build/debug/stm32f3xx_hal_tim_ex.o
HAL_TIMEx_PWMN_Start_IT                           build/debug/stm32f3xx_hal_tim_ex.o
HAL_TIMEx_PWMN_Stop                               build/debug/stm32f3xx_hal_tim_ex.o
HAL_TIMEx_PWMN_Stop_DMA                           build/debug/stm32f3xx_hal_tim_ex.o
HAL_TIMEx_PWMN_Stop_IT                            build/debug/stm32f3xx_hal_tim_ex.o
HAL_TIMEx_RemapConfig                             build/debug/stm32f3xx_hal_tim_ex.o
HAL_TIM_Base_DeInit                               build/debug/stm32f3xx_hal_tim.o
HAL_TIM_Base_GetState                             build/debug/stm32f3xx_hal_tim.o
HAL_TIM_Base_Init                                 build/debug/stm32f3xx_hal_tim.o
                                                  build/debug/main.o
HAL_TIM_Base_MspDeInit                            build/debug/stm32f3xx_hal_msp.o
HAL_TIM_Base_MspInit                              build/debug/stm32f3xx_hal_msp.o
HAL_TIM_Base_Start                                build/debug/stm32f3xx_hal_tim.o
HAL_TIM_Base_Start_DMA                            build/debug/stm32f3xx_hal_tim.o
HAL_TIM_Base_Start_IT                             build/debug/stm32f3xx_hal_tim.o
HAL_TIM_Base_Stop                                 build/debug/stm32f3xx_hal_tim.o
HAL_TIM_Base_Stop_DMA                             build/debug/stm32f3xx_hal_tim.o
HAL_TIM_Base_Stop_IT                              build/debug/stm32f3xx_hal_tim.o
HAL_TIM_ConfigClockSource                         build/debug/stm32f3xx_hal_tim.o
                                                  build/debug/main.o
HAL_TIM_ConfigOCrefClear                          build/debug/stm32f3xx_hal_tim.o
                                                  build/debug/main.o
HAL_TIM_ConfigTI1Input                            build/debug/stm32f3xx_hal_tim.o
HAL_TIM_DMABurstState                             build/debug/stm32f3xx_hal_tim.o
HAL_TIM_DMABurst_MultiReadStart                   build/debug/stm32f3xx_hal_tim.o
HAL_TIM_DMABurst_MultiWriteStart                  build/debug/stm32f3xx_hal_tim.o
HAL_TIM_DMABurst_ReadStart                        build/debug/stm32f3xx_hal_tim.o
HAL_TIM_DMABurst_ReadStop                         build/debug/stm32f3xx_hal_tim.o
HAL_TIM_DMABurst_WriteStart                       build/debug/stm32f3xx_hal_tim.o
HAL_TIM_DMABurst_WriteStop                        build/debug/stm32f3xx_hal_tim.o
HAL_TIM_Encoder_DeInit                            build/debug/stm32f3xx_hal_tim.o
HAL_TIM_Encoder_GetState                          build/debug/stm32f3xx_hal_tim.o
HAL_TIM_Encoder_Init                              build/debug/stm32f3xx_hal_tim.o
HAL_TIM_Encoder_MspDeInit                         build/debug/stm32f3xx_hal_tim.o
HAL_TIM_Encoder_MspInit                           build/debug/stm32f3xx_hal_tim.o
HAL_TIM_Encoder_Start                             build/debug/stm32f3xx_hal_tim.o
HAL_TIM_Encoder_Start_DMA                         build/debug/stm32f3xx_hal_tim.o
HAL_TIM_Encoder_Start_IT                          build/debug/stm32f3xx_hal_tim.o
HAL_TIM_Encoder_Stop                              build/debug/stm32f3xx_hal_tim.o
HAL_TIM_Encoder_Stop_DMA                          build/debug/stm32f3xx_hal_tim.o
HAL_TIM_Encoder_Stop_IT                           build/debug/stm32f3xx_hal_tim.o
HAL_TIM_ErrorCallback                             build/debug/stm32f3xx_hal_tim.o
                                                  build/debug/stm32f3xx_hal_tim_ex.o
HAL_TIM_GenerateEvent                             build/debug/stm32f3xx_hal_tim.o
HAL_TIM_GetActiveChannel                          build/debug/stm32f3xx_hal_tim.o
HAL_TIM_GetChannelState                           build/debug/stm32f3xx_hal_tim.o
HAL_TIM_IC_CaptureCallback                        build/debug/stm32f3xx_hal_tim.o
HAL_TIM_IC_CaptureHalfCpltCallback                build/debug/stm32f3xx_hal_tim.o
HAL_TIM_IC_ConfigChannel                          build/debug/stm32f3xx_hal_tim.o
HAL_TIM_IC_DeInit                                 build/debug/stm32f3xx_hal_tim.o
HAL_TIM_IC_GetState                               build/debug/stm32f3xx_hal_tim.o
HAL_TIM_IC_Init                                   build/debug/stm32f3xx_hal_tim.o
HAL_TIM_IC_MspDeInit                              build/debug/stm32f3xx_hal_tim.o
HAL_TIM_IC_MspInit                                build/debug/stm32f3xx_hal_tim.o
HAL_TIM_IC_Start                                  build/debug/stm32f3xx_hal_tim.o
HAL_TIM_IC_Start_DMA                              build/debug/stm32f3xx_hal_tim.o
HAL_TIM_IC_Start_IT                               build/debug/stm32f3xx_hal_tim.o
HAL_TIM_IC_Stop                                   build/debug/stm32f3xx_hal_tim.o
HAL_TIM_IC_Stop_DMA                               build/debug/stm32f3xx_hal_tim.o
HAL_TIM_IC_Stop_IT                                build/debug/stm32f3xx_hal_tim.o
HAL_TIM_IRQHandler                                build/debug/stm32f3xx_hal_tim.o
HAL_TIM_MspPostInit                               build/debug/stm32f3xx_hal_msp.o
                                                  build/debug/main.o
HAL_TIM_OC_ConfigChannel                          build/debug/stm32f3xx_hal_tim.o
                                                  build/debug/main.o
HAL_TIM_OC_DeInit                                 build/debug/stm32f3xx_hal_tim.o
HAL_TIM_OC_DelayElapsedCallback                   build/debug/stm32f3xx_hal_tim.o
HAL_TIM_OC_GetState                               build/debug/stm32f3xx_hal_tim.o
HAL_TIM_OC_Init                                   build/debug/stm32f3xx_hal_tim.o
                                                  build/debug/main.o
HAL_TIM_OC_MspDeInit                              build/debug/stm32f3xx_hal_tim.o
HAL_TIM_OC_MspInit                                build/debug/stm32f3xx_hal_tim.o
HAL_TIM_OC_Start                                  build/debug/stm32f3xx_hal_tim.o
HAL_TIM_OC_Start_DMA                              build/debug/stm32f3xx_hal_tim.o
HAL_TIM_OC_Start_IT                               build/debug/stm32f3xx_hal_tim.o
HAL_TIM_OC_Stop                                   build/debug/stm32f3xx_hal_tim.o
HAL_TIM_OC_Stop_DMA                               build/debug/stm32f3xx_hal_tim.o
HAL_TIM_OC_Stop_IT                                build/debug/stm32f3xx_hal_tim.o
HAL_TIM_OnePulse_ConfigChannel                    build/debug/stm32f3xx_hal_tim.o
HAL_TIM_OnePulse_DeInit                           build/debug/stm32f3xx_hal_tim.o
HAL_TIM_OnePulse_GetState                         build/debug/stm32f3xx_hal_tim.o
HAL_TIM_OnePulse_Init                             build/debug/stm32f3xx_hal_tim.o
HAL_TIM_OnePulse_MspDeInit                        build/debug/stm32f3xx_hal_tim.o
HAL_TIM_OnePulse_MspInit                          build/debug/stm32f3xx_hal_tim.o
HAL_TIM_OnePulse_Start                            build/debug/stm32f3xx_hal_tim.o
HAL_TIM_OnePulse_Start_IT                         build/debug/stm32f3xx_hal_tim.o
HAL_TIM_OnePulse_Stop                             build/debug/stm32f3xx_hal_tim.o
HAL_TIM_OnePulse_Stop_IT                          build/debug/stm32f3xx_hal_tim.o
HAL_TIM_PWM_ConfigChannel                         build/debug/stm32f3xx_hal_tim.o
                                                  build/debug/main.o
HAL_TIM_PWM_DeInit                                build/debug/stm32f3xx_hal_tim.o
HAL_TIM_PWM_GetState                              build/debug/stm32f3xx_hal_tim.o
HAL_TIM_PWM_Init                                  build/debug/stm32f3xx_hal_tim.o
                                                  build/debug/main.o
HAL_TIM_PWM_MspDeInit                             build/debug/stm32f3xx_hal_tim.o
HAL_TIM_PWM_MspInit                               build/debug/stm32f3xx_hal_tim.o
HAL_TIM_PWM_PulseFinishedCallback                 build/debug/stm32f3xx_hal_tim.o
                                                  build/debug/stm32f3xx_hal_tim_ex.o
HAL_TIM_PWM_PulseFinishedHalfCpltCallback         build/debug/stm32f3xx_hal_tim.o
HAL_TIM_PWM_Start                                 build/debug/stm32f3xx_hal_tim.o
HAL_TIM_PWM_Start_DMA                             build/debug/stm32f3xx_hal_tim.o
HAL_TIM_PWM_Start_IT                              build/debug/stm32f3xx_hal_tim.o
HAL_TIM_PWM_Stop                                  build/debug/stm32f3xx_hal_tim.o
HAL_TIM_PWM_Stop_DMA                              build/debug/stm32f3xx_hal_tim.o
HAL_TIM_PWM_Stop_IT                               build/debug/stm32f3xx_hal_tim.o
HAL_TIM_PeriodElapsedCallback                     build/debug/stm32f3xx_hal_tim.o
HAL_TIM_PeriodElapsedHalfCpltCallback             build/debug/stm32f3xx_hal_tim.o
HAL_TIM_ReadCapturedValue                         build/debug/stm32f3xx_hal_tim.o
HAL_TIM_SlaveConfigSynchro                        build/debug/stm32f3xx_hal_tim.o
HAL_TIM_SlaveConfigSynchro_IT                     build/debug/stm32f3xx_hal_tim.o
HAL_TIM_TriggerCallback                           build/debug/stm32f3xx_hal_tim.o
HAL_TIM_TriggerHalfCpltCallback                   build/debug/stm32f3xx_hal_tim.o
HAL_UARTEx_DisableStopMode                        build/debug/stm32f3xx_hal_uart_ex.o
HAL_UARTEx_EnableStopMode                         build/debug/stm32f3xx_hal_uart_ex.o
HAL_UARTEx_GetRxEventType                         build/debug/stm32f3xx_hal_uart_ex.o
HAL_UARTEx_ReceiveToIdle                          build/debug/stm32f3xx_hal_uart_ex.o
HAL_UARTEx_ReceiveToIdle_DMA                      build/debug/stm32f3xx_hal_uart_ex.o
HAL_UARTEx_ReceiveToIdle_IT                       build/debug/stm32f3xx_hal_uart_ex.o
HAL_UARTEx_RxEventCallback                        build/debug/stm32f3xx_hal_uart.o
HAL_UARTEx_StopModeWakeUpSourceConfig             build/debug/stm32f3xx_hal_uart_ex.o
HAL_UARTEx_WakeupCallback                         build/debug/stm32f3xx_hal_uart_ex.o
                                                  build/debug/stm32f3xx_hal_uart.o
HAL_UART_Abort                                    build/debug/stm32f3xx_hal_uart.o
HAL_UART_AbortCpltCallback                        build/debug/stm32f3xx_hal_uart.o
HAL_UART_AbortReceive                             build/debug/stm32f3xx_hal_uart.o
HAL_UART_AbortReceiveCpltCallback                 build/debug/stm32f3xx_hal_uart.o
HAL_UART_AbortReceive_IT                          build/debug/stm32f3xx_hal_uart.o
HAL_UART_AbortTransmit                            build/debug/stm32f3xx_hal_uart.o
HAL_UART_AbortTransmitCpltCallback                build/debug/stm32f3xx_hal_uart.o
HAL_UART_AbortTransmit_IT                         build/debug/stm32f3xx_hal_uart.o
HAL_UART_Abort_IT                                 build/debug/stm32f3xx_hal_uart.o
HAL_UART_DMAPause                                 build/debug/stm32f3xx_hal_uart.o
HAL_UART_DMAResume                                build/debug/stm32f3xx_hal_uart.o
HAL_UART_DMAStop                                  build/debug/stm32f3xx_hal_uart.o
HAL_UART_DeInit                                   build/debug/stm32f3xx_hal_uart.o
HAL_UART_DisableReceiverTimeout                   build/debug/stm32f3xx_hal_uart.o
HAL_UART_EnableReceiverTimeout                    build/debug/stm32f3xx_hal_uart.o
HAL_UART_ErrorCallback                            build/debug/stm32f3xx_hal_uart.o
HAL_UART_GetError                                 build/debug/stm32f3xx_hal_uart.o
HAL_UART_GetState                                 build/debug/stm32f3xx_hal_uart.o
HAL_UART_IRQHandler                               build/debug/stm32f3xx_hal_uart.o
HAL_UART_Init                                     build/debug/stm32f3xx_hal_uart.o
                                                  build/debug/main.o
HAL_UART_MspDeInit                                build/debug/stm32f3xx_hal_msp.o
HAL_UART_MspInit                                  build/debug/stm32f3xx_hal_msp.o
                                                  build/debug/stm32f3xx_hal_uart_ex.o