ARM GAS  /tmp/ccfPzwNv.s 			page 1


   1              		.cpu cortex-m4
   2              		.arch armv7e-m
   3              		.fpu fpv4-sp-d16
   4              		.eabi_attribute 27, 1
   5              		.eabi_attribute 28, 1
   6              		.eabi_attribute 20, 1
   7              		.eabi_attribute 21, 1
   8              		.eabi_attribute 23, 3
   9              		.eabi_attribute 24, 1
  10              		.eabi_attribute 25, 1
  11              		.eabi_attribute 26, 1
  12              		.eabi_attribute 30, 1
  13              		.eabi_attribute 34, 1
  14              		.eabi_attribute 18, 4
  15              		.file	"stm32f3xx_hal_msp.c"
  16              		.text
  17              	.Ltext0:
  18              		.cfi_sections	.debug_frame
  19              		.file 1 "Src/stm32f3xx_hal_msp.c"
  20              		.section	.text.HAL_MspInit,"ax",%progbits
  21              		.align	1
  22              		.global	HAL_MspInit
  23              		.syntax unified
  24              		.thumb
  25              		.thumb_func
  27              	HAL_MspInit:
  28              	.LFB130:
   1:Src/stm32f3xx_hal_msp.c **** /* USER CODE BEGIN Header */
   2:Src/stm32f3xx_hal_msp.c **** /**
   3:Src/stm32f3xx_hal_msp.c ****   ******************************************************************************
   4:Src/stm32f3xx_hal_msp.c ****   * @file         stm32f3xx_hal_msp.c
   5:Src/stm32f3xx_hal_msp.c ****   * @brief        This file provides code for the MSP Initialization
   6:Src/stm32f3xx_hal_msp.c ****   *               and de-Initialization codes.
   7:Src/stm32f3xx_hal_msp.c ****   ******************************************************************************
   8:Src/stm32f3xx_hal_msp.c ****   * @attention
   9:Src/stm32f3xx_hal_msp.c ****   *
  10:Src/stm32f3xx_hal_msp.c ****   * Copyright (c) 2026 STMicroelectronics.
  11:Src/stm32f3xx_hal_msp.c ****   * All rights reserved.
  12:Src/stm32f3xx_hal_msp.c ****   *
  13:Src/stm32f3xx_hal_msp.c ****   * This software is licensed under terms that can be found in the LICENSE file
  14:Src/stm32f3xx_hal_msp.c ****   * in the root directory of this software component.
  15:Src/stm32f3xx_hal_msp.c ****   * If no LICENSE file comes with this software, it is provided AS-IS.
  16:Src/stm32f3xx_hal_msp.c ****   *
  17:Src/stm32f3xx_hal_msp.c ****   ******************************************************************************
  18:Src/stm32f3xx_hal_msp.c ****   */
  19:Src/stm32f3xx_hal_msp.c **** /* USER CODE END Header */
  20:Src/stm32f3xx_hal_msp.c **** 
  21:Src/stm32f3xx_hal_msp.c **** /* Includes ------------------------------------------------------------------*/
  22:Src/stm32f3xx_hal_msp.c **** #include "main.h"
  23:Src/stm32f3xx_hal_msp.c **** /* USER CODE BEGIN Includes */
  24:Src/stm32f3xx_hal_msp.c **** 
  25:Src/stm32f3xx_hal_msp.c **** /* USER CODE END Includes */
  26:Src/stm32f3xx_hal_msp.c **** extern DMA_HandleTypeDef hdma_tim3_ch1_trig;
  27:Src/stm32f3xx_hal_msp.c **** 
  28:Src/stm32f3xx_hal_msp.c **** /* Private typedef -----------------------------------------------------------*/
  29:Src/stm32f3xx_hal_msp.c **** /* USER CODE BEGIN TD */
  30:Src/stm32f3xx_hal_msp.c **** 
ARM GAS  /tmp/ccfPzwNv.s 			page 2


  31:Src/stm32f3xx_hal_msp.c **** /* USER CODE END TD */
  32:Src/stm32f3xx_hal_msp.c **** 
  33:Src/stm32f3xx_hal_msp.c **** /* Private define ------------------------------------------------------------*/
  34:Src/stm32f3xx_hal_msp.c **** /* USER CODE BEGIN Define */
  35:Src/stm32f3xx_hal_msp.c **** 
  36:Src/stm32f3xx_hal_msp.c **** /* USER CODE END Define */
  37:Src/stm32f3xx_hal_msp.c **** 
  38:Src/stm32f3xx_hal_msp.c **** /* Private macro -------------------------------------------------------------*/
  39:Src/stm32f3xx_hal_msp.c **** /* USER CODE BEGIN Macro */
  40:Src/stm32f3xx_hal_msp.c **** 
  41:Src/stm32f3xx_hal_msp.c **** /* USER CODE END Macro */
  42:Src/stm32f3xx_hal_msp.c **** 
  43:Src/stm32f3xx_hal_msp.c **** /* Private variables ---------------------------------------------------------*/
  44:Src/stm32f3xx_hal_msp.c **** /* USER CODE BEGIN PV */
  45:Src/stm32f3xx_hal_msp.c **** 
  46:Src/stm32f3xx_hal_msp.c **** /* USER CODE END PV */
  47:Src/stm32f3xx_hal_msp.c **** 
  48:Src/stm32f3xx_hal_msp.c **** /* Private function prototypes -----------------------------------------------*/
  49:Src/stm32f3xx_hal_msp.c **** /* USER CODE BEGIN PFP */
  50:Src/stm32f3xx_hal_msp.c **** 
  51:Src/stm32f3xx_hal_msp.c **** /* USER CODE END PFP */
  52:Src/stm32f3xx_hal_msp.c **** 
  53:Src/stm32f3xx_hal_msp.c **** /* External functions --------------------------------------------------------*/
  54:Src/stm32f3xx_hal_msp.c **** /* USER CODE BEGIN ExternalFunctions */
  55:Src/stm32f3xx_hal_msp.c **** 
  56:Src/stm32f3xx_hal_msp.c **** /* USER CODE END ExternalFunctions */
  57:Src/stm32f3xx_hal_msp.c **** 
  58:Src/stm32f3xx_hal_msp.c **** /* USER CODE BEGIN 0 */
  59:Src/stm32f3xx_hal_msp.c **** 
  60:Src/stm32f3xx_hal_msp.c **** /* USER CODE END 0 */
  61:Src/stm32f3xx_hal_msp.c **** 
  62:Src/stm32f3xx_hal_msp.c **** void HAL_TIM_MspPostInit(TIM_HandleTypeDef *htim);
  63:Src/stm32f3xx_hal_msp.c ****                                         /**
  64:Src/stm32f3xx_hal_msp.c ****   * Initializes the Global MSP.
  65:Src/stm32f3xx_hal_msp.c ****   */
  66:Src/stm32f3xx_hal_msp.c **** void HAL_MspInit(void)
  67:Src/stm32f3xx_hal_msp.c **** {
  29              		.loc 1 67 1 view -0
  30              		.cfi_startproc
  31              		@ args = 0, pretend = 0, frame = 8
  32              		@ frame_needed = 0, uses_anonymous_args = 0
  33              		@ link register save eliminated.
  34 0000 82B0     		sub	sp, sp, #8
  35              		.cfi_def_cfa_offset 8
  68:Src/stm32f3xx_hal_msp.c **** 
  69:Src/stm32f3xx_hal_msp.c ****   /* USER CODE BEGIN MspInit 0 */
  70:Src/stm32f3xx_hal_msp.c **** 
  71:Src/stm32f3xx_hal_msp.c ****   /* USER CODE END MspInit 0 */
  72:Src/stm32f3xx_hal_msp.c **** 
  73:Src/stm32f3xx_hal_msp.c ****   __HAL_RCC_SYSCFG_CLK_ENABLE();
  36              		.loc 1 73 3 view .LVU1
  37              	.LBB2:
  38              		.loc 1 73 3 view .LVU2
  39              		.loc 1 73 3 view .LVU3
  40 0002 0A4B     		ldr	r3, .L3
  41 0004 9A69     		ldr	r2, [r3, #24]
  42 0006 42F00102 		orr	r2, r2, #1
ARM GAS  /tmp/ccfPzwNv.s 			page 3


  43 000a 9A61     		str	r2, [r3, #24]
  44              		.loc 1 73 3 view .LVU4
  45 000c 9A69     		ldr	r2, [r3, #24]
  46 000e 02F00102 		and	r2, r2, #1
  47 0012 0092     		str	r2, [sp]
  48              		.loc 1 73 3 view .LVU5
  49 0014 009A     		ldr	r2, [sp]
  50              	.LBE2:
  51              		.loc 1 73 3 view .LVU6
  74:Src/stm32f3xx_hal_msp.c ****   __HAL_RCC_PWR_CLK_ENABLE();
  52              		.loc 1 74 3 view .LVU7
  53              	.LBB3:
  54              		.loc 1 74 3 view .LVU8
  55              		.loc 1 74 3 view .LVU9
  56 0016 DA69     		ldr	r2, [r3, #28]
  57 0018 42F08052 		orr	r2, r2, #268435456
  58 001c DA61     		str	r2, [r3, #28]
  59              		.loc 1 74 3 view .LVU10
  60 001e DB69     		ldr	r3, [r3, #28]
  61 0020 03F08053 		and	r3, r3, #268435456
  62 0024 0193     		str	r3, [sp, #4]
  63              		.loc 1 74 3 view .LVU11
  64 0026 019B     		ldr	r3, [sp, #4]
  65              	.LBE3:
  66              		.loc 1 74 3 view .LVU12
  75:Src/stm32f3xx_hal_msp.c **** 
  76:Src/stm32f3xx_hal_msp.c ****   /* System interrupt init*/
  77:Src/stm32f3xx_hal_msp.c **** 
  78:Src/stm32f3xx_hal_msp.c ****   /* USER CODE BEGIN MspInit 1 */
  79:Src/stm32f3xx_hal_msp.c **** 
  80:Src/stm32f3xx_hal_msp.c ****   /* USER CODE END MspInit 1 */
  81:Src/stm32f3xx_hal_msp.c **** }
  67              		.loc 1 81 1 is_stmt 0 view .LVU13
  68 0028 02B0     		add	sp, sp, #8
  69              		.cfi_def_cfa_offset 0
  70              		@ sp needed
  71 002a 7047     		bx	lr
  72              	.L4:
  73              		.align	2
  74              	.L3:
  75 002c 00100240 		.word	1073876992
  76              		.cfi_endproc
  77              	.LFE130:
  79              		.section	.text.HAL_ADC_MspInit,"ax",%progbits
  80              		.align	1
  81              		.global	HAL_ADC_MspInit
  82              		.syntax unified
  83              		.thumb
  84              		.thumb_func
  86              	HAL_ADC_MspInit:
  87              	.LVL0:
  88              	.LFB131:
  82:Src/stm32f3xx_hal_msp.c **** 
  83:Src/stm32f3xx_hal_msp.c **** /**
  84:Src/stm32f3xx_hal_msp.c ****   * @brief ADC MSP Initialization
  85:Src/stm32f3xx_hal_msp.c ****   * This function configures the hardware resources used in this example
  86:Src/stm32f3xx_hal_msp.c ****   * @param hadc: ADC handle pointer
ARM GAS  /tmp/ccfPzwNv.s 			page 4


  87:Src/stm32f3xx_hal_msp.c ****   * @retval None
  88:Src/stm32f3xx_hal_msp.c ****   */
  89:Src/stm32f3xx_hal_msp.c **** void HAL_ADC_MspInit(ADC_HandleTypeDef* hadc)
  90:Src/stm32f3xx_hal_msp.c **** {
  89              		.loc 1 90 1 is_stmt 1 view -0
  90              		.cfi_startproc
  91              		@ args = 0, pretend = 0, frame = 32
  92              		@ frame_needed = 0, uses_anonymous_args = 0
  93              		.loc 1 90 1 is_stmt 0 view .LVU15
  94 0000 00B5     		push	{lr}
  95              		.cfi_def_cfa_offset 4
  96              		.cfi_offset 14, -4
  97 0002 89B0     		sub	sp, sp, #36
  98              		.cfi_def_cfa_offset 40
  91:Src/stm32f3xx_hal_msp.c ****   GPIO_InitTypeDef GPIO_InitStruct = {0};
  99              		.loc 1 91 3 is_stmt 1 view .LVU16
 100              		.loc 1 91 20 is_stmt 0 view .LVU17
 101 0004 0023     		movs	r3, #0
 102 0006 0393     		str	r3, [sp, #12]
 103 0008 0493     		str	r3, [sp, #16]
 104 000a 0593     		str	r3, [sp, #20]
 105 000c 0693     		str	r3, [sp, #24]
 106 000e 0793     		str	r3, [sp, #28]
  92:Src/stm32f3xx_hal_msp.c ****   if(hadc->Instance==ADC1)
 107              		.loc 1 92 3 is_stmt 1 view .LVU18
 108              		.loc 1 92 10 is_stmt 0 view .LVU19
 109 0010 0368     		ldr	r3, [r0]
 110              		.loc 1 92 5 view .LVU20
 111 0012 B3F1A04F 		cmp	r3, #1342177280
 112 0016 02D0     		beq	.L8
 113              	.LVL1:
 114              	.L5:
  93:Src/stm32f3xx_hal_msp.c ****   {
  94:Src/stm32f3xx_hal_msp.c ****     /* USER CODE BEGIN ADC1_MspInit 0 */
  95:Src/stm32f3xx_hal_msp.c **** 
  96:Src/stm32f3xx_hal_msp.c ****     /* USER CODE END ADC1_MspInit 0 */
  97:Src/stm32f3xx_hal_msp.c ****     /* Peripheral clock enable */
  98:Src/stm32f3xx_hal_msp.c ****     __HAL_RCC_ADC12_CLK_ENABLE();
  99:Src/stm32f3xx_hal_msp.c **** 
 100:Src/stm32f3xx_hal_msp.c ****     __HAL_RCC_GPIOA_CLK_ENABLE();
 101:Src/stm32f3xx_hal_msp.c ****     /**ADC1 GPIO Configuration
 102:Src/stm32f3xx_hal_msp.c ****     PA0     ------> ADC1_IN1
 103:Src/stm32f3xx_hal_msp.c ****     PA1     ------> ADC1_IN2
 104:Src/stm32f3xx_hal_msp.c ****     PA2     ------> ADC1_IN3
 105:Src/stm32f3xx_hal_msp.c ****     PA3     ------> ADC1_IN4
 106:Src/stm32f3xx_hal_msp.c ****     */
 107:Src/stm32f3xx_hal_msp.c ****     GPIO_InitStruct.Pin = HVSense_Pin|GPIO_PIN_1|PulseVS_Pin|GPIO_PIN_3;
 108:Src/stm32f3xx_hal_msp.c ****     GPIO_InitStruct.Mode = GPIO_MODE_ANALOG;
 109:Src/stm32f3xx_hal_msp.c ****     GPIO_InitStruct.Pull = GPIO_NOPULL;
 110:Src/stm32f3xx_hal_msp.c ****     HAL_GPIO_Init(GPIOA, &GPIO_InitStruct);
 111:Src/stm32f3xx_hal_msp.c **** 
 112:Src/stm32f3xx_hal_msp.c ****     /* USER CODE BEGIN ADC1_MspInit 1 */
 113:Src/stm32f3xx_hal_msp.c **** 
 114:Src/stm32f3xx_hal_msp.c ****     /* USER CODE END ADC1_MspInit 1 */
 115:Src/stm32f3xx_hal_msp.c **** 
 116:Src/stm32f3xx_hal_msp.c ****   }
 117:Src/stm32f3xx_hal_msp.c **** 
ARM GAS  /tmp/ccfPzwNv.s 			page 5


 118:Src/stm32f3xx_hal_msp.c **** }
 115              		.loc 1 118 1 view .LVU21
 116 0018 09B0     		add	sp, sp, #36
 117              		.cfi_remember_state
 118              		.cfi_def_cfa_offset 4
 119              		@ sp needed
 120 001a 5DF804FB 		ldr	pc, [sp], #4
 121              	.LVL2:
 122              	.L8:
 123              		.cfi_restore_state
  98:Src/stm32f3xx_hal_msp.c **** 
 124              		.loc 1 98 5 is_stmt 1 view .LVU22
 125              	.LBB4:
  98:Src/stm32f3xx_hal_msp.c **** 
 126              		.loc 1 98 5 view .LVU23
  98:Src/stm32f3xx_hal_msp.c **** 
 127              		.loc 1 98 5 view .LVU24
 128 001e 03F17043 		add	r3, r3, #-268435456
 129 0022 03F50433 		add	r3, r3, #135168
 130 0026 5A69     		ldr	r2, [r3, #20]
 131 0028 42F08052 		orr	r2, r2, #268435456
 132 002c 5A61     		str	r2, [r3, #20]
  98:Src/stm32f3xx_hal_msp.c **** 
 133              		.loc 1 98 5 view .LVU25
 134 002e 5A69     		ldr	r2, [r3, #20]
 135 0030 02F08052 		and	r2, r2, #268435456
 136 0034 0192     		str	r2, [sp, #4]
  98:Src/stm32f3xx_hal_msp.c **** 
 137              		.loc 1 98 5 view .LVU26
 138 0036 019A     		ldr	r2, [sp, #4]
 139              	.LBE4:
  98:Src/stm32f3xx_hal_msp.c **** 
 140              		.loc 1 98 5 view .LVU27
 100:Src/stm32f3xx_hal_msp.c ****     /**ADC1 GPIO Configuration
 141              		.loc 1 100 5 view .LVU28
 142              	.LBB5:
 100:Src/stm32f3xx_hal_msp.c ****     /**ADC1 GPIO Configuration
 143              		.loc 1 100 5 view .LVU29
 100:Src/stm32f3xx_hal_msp.c ****     /**ADC1 GPIO Configuration
 144              		.loc 1 100 5 view .LVU30
 145 0038 5A69     		ldr	r2, [r3, #20]
 146 003a 42F40032 		orr	r2, r2, #131072
 147 003e 5A61     		str	r2, [r3, #20]
 100:Src/stm32f3xx_hal_msp.c ****     /**ADC1 GPIO Configuration
 148              		.loc 1 100 5 view .LVU31
 149 0040 5B69     		ldr	r3, [r3, #20]
 150 0042 03F40033 		and	r3, r3, #131072
 151 0046 0293     		str	r3, [sp, #8]
 100:Src/stm32f3xx_hal_msp.c ****     /**ADC1 GPIO Configuration
 152              		.loc 1 100 5 view .LVU32
 153 0048 029B     		ldr	r3, [sp, #8]
 154              	.LBE5:
 100:Src/stm32f3xx_hal_msp.c ****     /**ADC1 GPIO Configuration
 155              		.loc 1 100 5 view .LVU33
 107:Src/stm32f3xx_hal_msp.c ****     GPIO_InitStruct.Mode = GPIO_MODE_ANALOG;
 156              		.loc 1 107 5 view .LVU34
 107:Src/stm32f3xx_hal_msp.c ****     GPIO_InitStruct.Mode = GPIO_MODE_ANALOG;
ARM GAS  /tmp/ccfPzwNv.s 			page 6


 157              		.loc 1 107 25 is_stmt 0 view .LVU35
 158 004a 0F23     		movs	r3, #15
 159 004c 0393     		str	r3, [sp, #12]
 108:Src/stm32f3xx_hal_msp.c ****     GPIO_InitStruct.Pull = GPIO_NOPULL;
 160              		.loc 1 108 5 is_stmt 1 view .LVU36
 108:Src/stm32f3xx_hal_msp.c ****     GPIO_InitStruct.Pull = GPIO_NOPULL;
 161              		.loc 1 108 26 is_stmt 0 view .LVU37
 162 004e 0323     		movs	r3, #3
 163 0050 0493     		str	r3, [sp, #16]
 109:Src/stm32f3xx_hal_msp.c ****     HAL_GPIO_Init(GPIOA, &GPIO_InitStruct);
 164              		.loc 1 109 5 is_stmt 1 view .LVU38
 110:Src/stm32f3xx_hal_msp.c **** 
 165              		.loc 1 110 5 view .LVU39
 166 0052 03A9     		add	r1, sp, #12
 167 0054 4FF09040 		mov	r0, #1207959552
 168              	.LVL3:
 110:Src/stm32f3xx_hal_msp.c **** 
 169              		.loc 1 110 5 is_stmt 0 view .LVU40
 170 0058 FFF7FEFF 		bl	HAL_GPIO_Init
 171              	.LVL4:
 172              		.loc 1 118 1 view .LVU41
 173 005c DCE7     		b	.L5
 174              		.cfi_endproc
 175              	.LFE131:
 177              		.section	.text.HAL_ADC_MspDeInit,"ax",%progbits
 178              		.align	1
 179              		.global	HAL_ADC_MspDeInit
 180              		.syntax unified
 181              		.thumb
 182              		.thumb_func
 184              	HAL_ADC_MspDeInit:
 185              	.LVL5:
 186              	.LFB132:
 119:Src/stm32f3xx_hal_msp.c **** 
 120:Src/stm32f3xx_hal_msp.c **** /**
 121:Src/stm32f3xx_hal_msp.c ****   * @brief ADC MSP De-Initialization
 122:Src/stm32f3xx_hal_msp.c ****   * This function freeze the hardware resources used in this example
 123:Src/stm32f3xx_hal_msp.c ****   * @param hadc: ADC handle pointer
 124:Src/stm32f3xx_hal_msp.c ****   * @retval None
 125:Src/stm32f3xx_hal_msp.c ****   */
 126:Src/stm32f3xx_hal_msp.c **** void HAL_ADC_MspDeInit(ADC_HandleTypeDef* hadc)
 127:Src/stm32f3xx_hal_msp.c **** {
 187              		.loc 1 127 1 is_stmt 1 view -0
 188              		.cfi_startproc
 189              		@ args = 0, pretend = 0, frame = 0
 190              		@ frame_needed = 0, uses_anonymous_args = 0
 191              		.loc 1 127 1 is_stmt 0 view .LVU43
 192 0000 08B5     		push	{r3, lr}
 193              		.cfi_def_cfa_offset 8
 194              		.cfi_offset 3, -8
 195              		.cfi_offset 14, -4
 128:Src/stm32f3xx_hal_msp.c ****   if(hadc->Instance==ADC1)
 196              		.loc 1 128 3 is_stmt 1 view .LVU44
 197              		.loc 1 128 10 is_stmt 0 view .LVU45
 198 0002 0368     		ldr	r3, [r0]
 199              		.loc 1 128 5 view .LVU46
 200 0004 B3F1A04F 		cmp	r3, #1342177280
ARM GAS  /tmp/ccfPzwNv.s 			page 7


 201 0008 00D0     		beq	.L12
 202              	.LVL6:
 203              	.L9:
 129:Src/stm32f3xx_hal_msp.c ****   {
 130:Src/stm32f3xx_hal_msp.c ****     /* USER CODE BEGIN ADC1_MspDeInit 0 */
 131:Src/stm32f3xx_hal_msp.c **** 
 132:Src/stm32f3xx_hal_msp.c ****     /* USER CODE END ADC1_MspDeInit 0 */
 133:Src/stm32f3xx_hal_msp.c ****     /* Peripheral clock disable */
 134:Src/stm32f3xx_hal_msp.c ****     __HAL_RCC_ADC12_CLK_DISABLE();
 135:Src/stm32f3xx_hal_msp.c **** 
 136:Src/stm32f3xx_hal_msp.c ****     /**ADC1 GPIO Configuration
 137:Src/stm32f3xx_hal_msp.c ****     PA0     ------> ADC1_IN1
 138:Src/stm32f3xx_hal_msp.c ****     PA1     ------> ADC1_IN2
 139:Src/stm32f3xx_hal_msp.c ****     PA2     ------> ADC1_IN3
 140:Src/stm32f3xx_hal_msp.c ****     PA3     ------> ADC1_IN4
 141:Src/stm32f3xx_hal_msp.c ****     */
 142:Src/stm32f3xx_hal_msp.c ****     HAL_GPIO_DeInit(GPIOA, HVSense_Pin|GPIO_PIN_1|PulseVS_Pin|GPIO_PIN_3);
 143:Src/stm32f3xx_hal_msp.c **** 
 144:Src/stm32f3xx_hal_msp.c ****     /* USER CODE BEGIN ADC1_MspDeInit 1 */
 145:Src/stm32f3xx_hal_msp.c **** 
 146:Src/stm32f3xx_hal_msp.c ****     /* USER CODE END ADC1_MspDeInit 1 */
 147:Src/stm32f3xx_hal_msp.c ****   }
 148:Src/stm32f3xx_hal_msp.c **** 
 149:Src/stm32f3xx_hal_msp.c **** }
 204              		.loc 1 149 1 view .LVU47
 205 000a 08BD     		pop	{r3, pc}
 206              	.LVL7:
 207              	.L12:
 134:Src/stm32f3xx_hal_msp.c **** 
 208              		.loc 1 134 5 is_stmt 1 view .LVU48
 209 000c 054A     		ldr	r2, .L13
 210 000e 5369     		ldr	r3, [r2, #20]
 211 0010 23F08053 		bic	r3, r3, #268435456
 212 0014 5361     		str	r3, [r2, #20]
 142:Src/stm32f3xx_hal_msp.c **** 
 213              		.loc 1 142 5 view .LVU49
 214 0016 0F21     		movs	r1, #15
 215 0018 4FF09040 		mov	r0, #1207959552
 216              	.LVL8:
 142:Src/stm32f3xx_hal_msp.c **** 
 217              		.loc 1 142 5 is_stmt 0 view .LVU50
 218 001c FFF7FEFF 		bl	HAL_GPIO_DeInit
 219              	.LVL9:
 220              		.loc 1 149 1 view .LVU51
 221 0020 F3E7     		b	.L9
 222              	.L14:
 223 0022 00BF     		.align	2
 224              	.L13:
 225 0024 00100240 		.word	1073876992
 226              		.cfi_endproc
 227              	.LFE132:
 229              		.section	.text.HAL_COMP_MspInit,"ax",%progbits
 230              		.align	1
 231              		.global	HAL_COMP_MspInit
 232              		.syntax unified
 233              		.thumb
 234              		.thumb_func
ARM GAS  /tmp/ccfPzwNv.s 			page 8


 236              	HAL_COMP_MspInit:
 237              	.LVL10:
 238              	.LFB133:
 150:Src/stm32f3xx_hal_msp.c **** 
 151:Src/stm32f3xx_hal_msp.c **** /**
 152:Src/stm32f3xx_hal_msp.c ****   * @brief COMP MSP Initialization
 153:Src/stm32f3xx_hal_msp.c ****   * This function configures the hardware resources used in this example
 154:Src/stm32f3xx_hal_msp.c ****   * @param hcomp: COMP handle pointer
 155:Src/stm32f3xx_hal_msp.c ****   * @retval None
 156:Src/stm32f3xx_hal_msp.c ****   */
 157:Src/stm32f3xx_hal_msp.c **** void HAL_COMP_MspInit(COMP_HandleTypeDef* hcomp)
 158:Src/stm32f3xx_hal_msp.c **** {
 239              		.loc 1 158 1 is_stmt 1 view -0
 240              		.cfi_startproc
 241              		@ args = 0, pretend = 0, frame = 32
 242              		@ frame_needed = 0, uses_anonymous_args = 0
 243              		.loc 1 158 1 is_stmt 0 view .LVU53
 244 0000 10B5     		push	{r4, lr}
 245              		.cfi_def_cfa_offset 8
 246              		.cfi_offset 4, -8
 247              		.cfi_offset 14, -4
 248 0002 88B0     		sub	sp, sp, #32
 249              		.cfi_def_cfa_offset 40
 159:Src/stm32f3xx_hal_msp.c ****   GPIO_InitTypeDef GPIO_InitStruct = {0};
 250              		.loc 1 159 3 is_stmt 1 view .LVU54
 251              		.loc 1 159 20 is_stmt 0 view .LVU55
 252 0004 0023     		movs	r3, #0
 253 0006 0393     		str	r3, [sp, #12]
 254 0008 0493     		str	r3, [sp, #16]
 255 000a 0593     		str	r3, [sp, #20]
 256 000c 0693     		str	r3, [sp, #24]
 257 000e 0793     		str	r3, [sp, #28]
 160:Src/stm32f3xx_hal_msp.c ****   if(hcomp->Instance==COMP2)
 258              		.loc 1 160 3 is_stmt 1 view .LVU56
 259              		.loc 1 160 11 is_stmt 0 view .LVU57
 260 0010 0368     		ldr	r3, [r0]
 261              		.loc 1 160 5 view .LVU58
 262 0012 244A     		ldr	r2, .L21
 263 0014 9342     		cmp	r3, r2
 264 0016 04D0     		beq	.L19
 161:Src/stm32f3xx_hal_msp.c ****   {
 162:Src/stm32f3xx_hal_msp.c ****     /* USER CODE BEGIN COMP2_MspInit 0 */
 163:Src/stm32f3xx_hal_msp.c **** 
 164:Src/stm32f3xx_hal_msp.c ****     /* USER CODE END COMP2_MspInit 0 */
 165:Src/stm32f3xx_hal_msp.c **** 
 166:Src/stm32f3xx_hal_msp.c ****     __HAL_RCC_GPIOA_CLK_ENABLE();
 167:Src/stm32f3xx_hal_msp.c ****     __HAL_RCC_GPIOB_CLK_ENABLE();
 168:Src/stm32f3xx_hal_msp.c ****     /**COMP2 GPIO Configuration
 169:Src/stm32f3xx_hal_msp.c ****     PA7     ------> COMP2_INP
 170:Src/stm32f3xx_hal_msp.c ****     PB9     ------> COMP2_OUT
 171:Src/stm32f3xx_hal_msp.c ****     */
 172:Src/stm32f3xx_hal_msp.c ****     GPIO_InitStruct.Pin = GPIO_PIN_7;
 173:Src/stm32f3xx_hal_msp.c ****     GPIO_InitStruct.Mode = GPIO_MODE_ANALOG;
 174:Src/stm32f3xx_hal_msp.c ****     GPIO_InitStruct.Pull = GPIO_NOPULL;
 175:Src/stm32f3xx_hal_msp.c ****     HAL_GPIO_Init(GPIOA, &GPIO_InitStruct);
 176:Src/stm32f3xx_hal_msp.c **** 
 177:Src/stm32f3xx_hal_msp.c ****     GPIO_InitStruct.Pin = GPIO_PIN_9;
ARM GAS  /tmp/ccfPzwNv.s 			page 9


 178:Src/stm32f3xx_hal_msp.c ****     GPIO_InitStruct.Mode = GPIO_MODE_AF_PP;
 179:Src/stm32f3xx_hal_msp.c ****     GPIO_InitStruct.Pull = GPIO_NOPULL;
 180:Src/stm32f3xx_hal_msp.c ****     GPIO_InitStruct.Speed = GPIO_SPEED_FREQ_LOW;
 181:Src/stm32f3xx_hal_msp.c ****     GPIO_InitStruct.Alternate = GPIO_AF8_COMP2;
 182:Src/stm32f3xx_hal_msp.c ****     HAL_GPIO_Init(GPIOB, &GPIO_InitStruct);
 183:Src/stm32f3xx_hal_msp.c **** 
 184:Src/stm32f3xx_hal_msp.c ****     /* USER CODE BEGIN COMP2_MspInit 1 */
 185:Src/stm32f3xx_hal_msp.c **** 
 186:Src/stm32f3xx_hal_msp.c ****     /* USER CODE END COMP2_MspInit 1 */
 187:Src/stm32f3xx_hal_msp.c ****   }
 188:Src/stm32f3xx_hal_msp.c ****   else if(hcomp->Instance==COMP3)
 265              		.loc 1 188 8 is_stmt 1 view .LVU59
 266              		.loc 1 188 10 is_stmt 0 view .LVU60
 267 0018 234A     		ldr	r2, .L21+4
 268 001a 9342     		cmp	r3, r2
 269 001c 2DD0     		beq	.L20
 270              	.LVL11:
 271              	.L15:
 189:Src/stm32f3xx_hal_msp.c ****   {
 190:Src/stm32f3xx_hal_msp.c ****     /* USER CODE BEGIN COMP3_MspInit 0 */
 191:Src/stm32f3xx_hal_msp.c **** 
 192:Src/stm32f3xx_hal_msp.c ****     /* USER CODE END COMP3_MspInit 0 */
 193:Src/stm32f3xx_hal_msp.c **** 
 194:Src/stm32f3xx_hal_msp.c ****     __HAL_RCC_GPIOB_CLK_ENABLE();
 195:Src/stm32f3xx_hal_msp.c ****     /**COMP3 GPIO Configuration
 196:Src/stm32f3xx_hal_msp.c ****     PB14     ------> COMP3_INP
 197:Src/stm32f3xx_hal_msp.c ****     */
 198:Src/stm32f3xx_hal_msp.c ****     GPIO_InitStruct.Pin = GPIO_PIN_14;
 199:Src/stm32f3xx_hal_msp.c ****     GPIO_InitStruct.Mode = GPIO_MODE_ANALOG;
 200:Src/stm32f3xx_hal_msp.c ****     GPIO_InitStruct.Pull = GPIO_NOPULL;
 201:Src/stm32f3xx_hal_msp.c ****     HAL_GPIO_Init(GPIOB, &GPIO_InitStruct);
 202:Src/stm32f3xx_hal_msp.c **** 
 203:Src/stm32f3xx_hal_msp.c ****     /* USER CODE BEGIN COMP3_MspInit 1 */
 204:Src/stm32f3xx_hal_msp.c **** 
 205:Src/stm32f3xx_hal_msp.c ****     /* USER CODE END COMP3_MspInit 1 */
 206:Src/stm32f3xx_hal_msp.c ****   }
 207:Src/stm32f3xx_hal_msp.c **** 
 208:Src/stm32f3xx_hal_msp.c **** }
 272              		.loc 1 208 1 view .LVU61
 273 001e 08B0     		add	sp, sp, #32
 274              		.cfi_remember_state
 275              		.cfi_def_cfa_offset 8
 276              		@ sp needed
 277 0020 10BD     		pop	{r4, pc}
 278              	.LVL12:
 279              	.L19:
 280              		.cfi_restore_state
 166:Src/stm32f3xx_hal_msp.c ****     __HAL_RCC_GPIOB_CLK_ENABLE();
 281              		.loc 1 166 5 is_stmt 1 view .LVU62
 282              	.LBB6:
 166:Src/stm32f3xx_hal_msp.c ****     __HAL_RCC_GPIOB_CLK_ENABLE();
 283              		.loc 1 166 5 view .LVU63
 166:Src/stm32f3xx_hal_msp.c ****     __HAL_RCC_GPIOB_CLK_ENABLE();
 284              		.loc 1 166 5 view .LVU64
 285 0022 224B     		ldr	r3, .L21+8
 286 0024 5A69     		ldr	r2, [r3, #20]
 287 0026 42F40032 		orr	r2, r2, #131072
ARM GAS  /tmp/ccfPzwNv.s 			page 10


 288 002a 5A61     		str	r2, [r3, #20]
 166:Src/stm32f3xx_hal_msp.c ****     __HAL_RCC_GPIOB_CLK_ENABLE();
 289              		.loc 1 166 5 view .LVU65
 290 002c 5A69     		ldr	r2, [r3, #20]
 291 002e 02F40032 		and	r2, r2, #131072
 292 0032 0092     		str	r2, [sp]
 166:Src/stm32f3xx_hal_msp.c ****     __HAL_RCC_GPIOB_CLK_ENABLE();
 293              		.loc 1 166 5 view .LVU66
 294 0034 009A     		ldr	r2, [sp]
 295              	.LBE6:
 166:Src/stm32f3xx_hal_msp.c ****     __HAL_RCC_GPIOB_CLK_ENABLE();
 296              		.loc 1 166 5 view .LVU67
 167:Src/stm32f3xx_hal_msp.c ****     /**COMP2 GPIO Configuration
 297              		.loc 1 167 5 view .LVU68
 298              	.LBB7:
 167:Src/stm32f3xx_hal_msp.c ****     /**COMP2 GPIO Configuration
 299              		.loc 1 167 5 view .LVU69
 167:Src/stm32f3xx_hal_msp.c ****     /**COMP2 GPIO Configuration
 300              		.loc 1 167 5 view .LVU70
 301 0036 5A69     		ldr	r2, [r3, #20]
 302 0038 42F48022 		orr	r2, r2, #262144
 303 003c 5A61     		str	r2, [r3, #20]
 167:Src/stm32f3xx_hal_msp.c ****     /**COMP2 GPIO Configuration
 304              		.loc 1 167 5 view .LVU71
 305 003e 5B69     		ldr	r3, [r3, #20]
 306 0040 03F48023 		and	r3, r3, #262144
 307 0044 0193     		str	r3, [sp, #4]
 167:Src/stm32f3xx_hal_msp.c ****     /**COMP2 GPIO Configuration
 308              		.loc 1 167 5 view .LVU72
 309 0046 019B     		ldr	r3, [sp, #4]
 310              	.LBE7:
 167:Src/stm32f3xx_hal_msp.c ****     /**COMP2 GPIO Configuration
 311              		.loc 1 167 5 view .LVU73
 172:Src/stm32f3xx_hal_msp.c ****     GPIO_InitStruct.Mode = GPIO_MODE_ANALOG;
 312              		.loc 1 172 5 view .LVU74
 172:Src/stm32f3xx_hal_msp.c ****     GPIO_InitStruct.Mode = GPIO_MODE_ANALOG;
 313              		.loc 1 172 25 is_stmt 0 view .LVU75
 314 0048 8023     		movs	r3, #128
 315 004a 0393     		str	r3, [sp, #12]
 173:Src/stm32f3xx_hal_msp.c ****     GPIO_InitStruct.Pull = GPIO_NOPULL;
 316              		.loc 1 173 5 is_stmt 1 view .LVU76
 173:Src/stm32f3xx_hal_msp.c ****     GPIO_InitStruct.Pull = GPIO_NOPULL;
 317              		.loc 1 173 26 is_stmt 0 view .LVU77
 318 004c 0323     		movs	r3, #3
 319 004e 0493     		str	r3, [sp, #16]
 174:Src/stm32f3xx_hal_msp.c ****     HAL_GPIO_Init(GPIOA, &GPIO_InitStruct);
 320              		.loc 1 174 5 is_stmt 1 view .LVU78
 175:Src/stm32f3xx_hal_msp.c **** 
 321              		.loc 1 175 5 view .LVU79
 322 0050 03AC     		add	r4, sp, #12
 323 0052 2146     		mov	r1, r4
 324 0054 4FF09040 		mov	r0, #1207959552
 325              	.LVL13:
 175:Src/stm32f3xx_hal_msp.c **** 
 326              		.loc 1 175 5 is_stmt 0 view .LVU80
 327 0058 FFF7FEFF 		bl	HAL_GPIO_Init
 328              	.LVL14:
ARM GAS  /tmp/ccfPzwNv.s 			page 11


 177:Src/stm32f3xx_hal_msp.c ****     GPIO_InitStruct.Mode = GPIO_MODE_AF_PP;
 329              		.loc 1 177 5 is_stmt 1 view .LVU81
 177:Src/stm32f3xx_hal_msp.c ****     GPIO_InitStruct.Mode = GPIO_MODE_AF_PP;
 330              		.loc 1 177 25 is_stmt 0 view .LVU82
 331 005c 4FF40073 		mov	r3, #512
 332 0060 0393     		str	r3, [sp, #12]
 178:Src/stm32f3xx_hal_msp.c ****     GPIO_InitStruct.Pull = GPIO_NOPULL;
 333              		.loc 1 178 5 is_stmt 1 view .LVU83
 178:Src/stm32f3xx_hal_msp.c ****     GPIO_InitStruct.Pull = GPIO_NOPULL;
 334              		.loc 1 178 26 is_stmt 0 view .LVU84
 335 0062 0223     		movs	r3, #2
 336 0064 0493     		str	r3, [sp, #16]
 179:Src/stm32f3xx_hal_msp.c ****     GPIO_InitStruct.Speed = GPIO_SPEED_FREQ_LOW;
 337              		.loc 1 179 5 is_stmt 1 view .LVU85
 179:Src/stm32f3xx_hal_msp.c ****     GPIO_InitStruct.Speed = GPIO_SPEED_FREQ_LOW;
 338              		.loc 1 179 26 is_stmt 0 view .LVU86
 339 0066 0023     		movs	r3, #0
 340 0068 0593     		str	r3, [sp, #20]
 180:Src/stm32f3xx_hal_msp.c ****     GPIO_InitStruct.Alternate = GPIO_AF8_COMP2;
 341              		.loc 1 180 5 is_stmt 1 view .LVU87
 180:Src/stm32f3xx_hal_msp.c ****     GPIO_InitStruct.Alternate = GPIO_AF8_COMP2;
 342              		.loc 1 180 27 is_stmt 0 view .LVU88
 343 006a 0693     		str	r3, [sp, #24]
 181:Src/stm32f3xx_hal_msp.c ****     HAL_GPIO_Init(GPIOB, &GPIO_InitStruct);
 344              		.loc 1 181 5 is_stmt 1 view .LVU89
 181:Src/stm32f3xx_hal_msp.c ****     HAL_GPIO_Init(GPIOB, &GPIO_InitStruct);
 345              		.loc 1 181 31 is_stmt 0 view .LVU90
 346 006c 0823     		movs	r3, #8
 347 006e 0793     		str	r3, [sp, #28]
 182:Src/stm32f3xx_hal_msp.c **** 
 348              		.loc 1 182 5 is_stmt 1 view .LVU91
 349 0070 2146     		mov	r1, r4
 350 0072 0F48     		ldr	r0, .L21+12
 351 0074 FFF7FEFF 		bl	HAL_GPIO_Init
 352              	.LVL15:
 353 0078 D1E7     		b	.L15
 354              	.LVL16:
 355              	.L20:
 194:Src/stm32f3xx_hal_msp.c ****     /**COMP3 GPIO Configuration
 356              		.loc 1 194 5 view .LVU92
 357              	.LBB8:
 194:Src/stm32f3xx_hal_msp.c ****     /**COMP3 GPIO Configuration
 358              		.loc 1 194 5 view .LVU93
 194:Src/stm32f3xx_hal_msp.c ****     /**COMP3 GPIO Configuration
 359              		.loc 1 194 5 view .LVU94
 360 007a 0C4B     		ldr	r3, .L21+8
 361 007c 5A69     		ldr	r2, [r3, #20]
 362 007e 42F48022 		orr	r2, r2, #262144
 363 0082 5A61     		str	r2, [r3, #20]
 194:Src/stm32f3xx_hal_msp.c ****     /**COMP3 GPIO Configuration
 364              		.loc 1 194 5 view .LVU95
 365 0084 5B69     		ldr	r3, [r3, #20]
 366 0086 03F48023 		and	r3, r3, #262144
 367 008a 0293     		str	r3, [sp, #8]
 194:Src/stm32f3xx_hal_msp.c ****     /**COMP3 GPIO Configuration
 368              		.loc 1 194 5 view .LVU96
 369 008c 029B     		ldr	r3, [sp, #8]
ARM GAS  /tmp/ccfPzwNv.s 			page 12


 370              	.LBE8:
 194:Src/stm32f3xx_hal_msp.c ****     /**COMP3 GPIO Configuration
 371              		.loc 1 194 5 view .LVU97
 198:Src/stm32f3xx_hal_msp.c ****     GPIO_InitStruct.Mode = GPIO_MODE_ANALOG;
 372              		.loc 1 198 5 view .LVU98
 198:Src/stm32f3xx_hal_msp.c ****     GPIO_InitStruct.Mode = GPIO_MODE_ANALOG;
 373              		.loc 1 198 25 is_stmt 0 view .LVU99
 374 008e 4FF48043 		mov	r3, #16384
 375 0092 0393     		str	r3, [sp, #12]
 199:Src/stm32f3xx_hal_msp.c ****     GPIO_InitStruct.Pull = GPIO_NOPULL;
 376              		.loc 1 199 5 is_stmt 1 view .LVU100
 199:Src/stm32f3xx_hal_msp.c ****     GPIO_InitStruct.Pull = GPIO_NOPULL;
 377              		.loc 1 199 26 is_stmt 0 view .LVU101
 378 0094 0323     		movs	r3, #3
 379 0096 0493     		str	r3, [sp, #16]
 200:Src/stm32f3xx_hal_msp.c ****     HAL_GPIO_Init(GPIOB, &GPIO_InitStruct);
 380              		.loc 1 200 5 is_stmt 1 view .LVU102
 201:Src/stm32f3xx_hal_msp.c **** 
 381              		.loc 1 201 5 view .LVU103
 382 0098 03A9     		add	r1, sp, #12
 383 009a 0548     		ldr	r0, .L21+12
 384              	.LVL17:
 201:Src/stm32f3xx_hal_msp.c **** 
 385              		.loc 1 201 5 is_stmt 0 view .LVU104
 386 009c FFF7FEFF 		bl	HAL_GPIO_Init
 387              	.LVL18:
 388              		.loc 1 208 1 view .LVU105
 389 00a0 BDE7     		b	.L15
 390              	.L22:
 391 00a2 00BF     		.align	2
 392              	.L21:
 393 00a4 20000140 		.word	1073807392
 394 00a8 24000140 		.word	1073807396
 395 00ac 00100240 		.word	1073876992
 396 00b0 00040048 		.word	1207960576
 397              		.cfi_endproc
 398              	.LFE133:
 400              		.section	.text.HAL_COMP_MspDeInit,"ax",%progbits
 401              		.align	1
 402              		.global	HAL_COMP_MspDeInit
 403              		.syntax unified
 404              		.thumb
 405              		.thumb_func
 407              	HAL_COMP_MspDeInit:
 408              	.LVL19:
 409              	.LFB134:
 209:Src/stm32f3xx_hal_msp.c **** 
 210:Src/stm32f3xx_hal_msp.c **** /**
 211:Src/stm32f3xx_hal_msp.c ****   * @brief COMP MSP De-Initialization
 212:Src/stm32f3xx_hal_msp.c ****   * This function freeze the hardware resources used in this example
 213:Src/stm32f3xx_hal_msp.c ****   * @param hcomp: COMP handle pointer
 214:Src/stm32f3xx_hal_msp.c ****   * @retval None
 215:Src/stm32f3xx_hal_msp.c ****   */
 216:Src/stm32f3xx_hal_msp.c **** void HAL_COMP_MspDeInit(COMP_HandleTypeDef* hcomp)
 217:Src/stm32f3xx_hal_msp.c **** {
 410              		.loc 1 217 1 is_stmt 1 view -0
 411              		.cfi_startproc
ARM GAS  /tmp/ccfPzwNv.s 			page 13


 412              		@ args = 0, pretend = 0, frame = 0
 413              		@ frame_needed = 0, uses_anonymous_args = 0
 414              		.loc 1 217 1 is_stmt 0 view .LVU107
 415 0000 08B5     		push	{r3, lr}
 416              		.cfi_def_cfa_offset 8
 417              		.cfi_offset 3, -8
 418              		.cfi_offset 14, -4
 218:Src/stm32f3xx_hal_msp.c ****   if(hcomp->Instance==COMP2)
 419              		.loc 1 218 3 is_stmt 1 view .LVU108
 420              		.loc 1 218 11 is_stmt 0 view .LVU109
 421 0002 0368     		ldr	r3, [r0]
 422              		.loc 1 218 5 view .LVU110
 423 0004 0B4A     		ldr	r2, .L29
 424 0006 9342     		cmp	r3, r2
 425 0008 03D0     		beq	.L27
 219:Src/stm32f3xx_hal_msp.c ****   {
 220:Src/stm32f3xx_hal_msp.c ****     /* USER CODE BEGIN COMP2_MspDeInit 0 */
 221:Src/stm32f3xx_hal_msp.c **** 
 222:Src/stm32f3xx_hal_msp.c ****     /* USER CODE END COMP2_MspDeInit 0 */
 223:Src/stm32f3xx_hal_msp.c **** 
 224:Src/stm32f3xx_hal_msp.c ****     /**COMP2 GPIO Configuration
 225:Src/stm32f3xx_hal_msp.c ****     PA7     ------> COMP2_INP
 226:Src/stm32f3xx_hal_msp.c ****     PB9     ------> COMP2_OUT
 227:Src/stm32f3xx_hal_msp.c ****     */
 228:Src/stm32f3xx_hal_msp.c ****     HAL_GPIO_DeInit(GPIOA, GPIO_PIN_7);
 229:Src/stm32f3xx_hal_msp.c **** 
 230:Src/stm32f3xx_hal_msp.c ****     HAL_GPIO_DeInit(GPIOB, GPIO_PIN_9);
 231:Src/stm32f3xx_hal_msp.c **** 
 232:Src/stm32f3xx_hal_msp.c ****     /* USER CODE BEGIN COMP2_MspDeInit 1 */
 233:Src/stm32f3xx_hal_msp.c **** 
 234:Src/stm32f3xx_hal_msp.c ****     /* USER CODE END COMP2_MspDeInit 1 */
 235:Src/stm32f3xx_hal_msp.c ****   }
 236:Src/stm32f3xx_hal_msp.c ****   else if(hcomp->Instance==COMP3)
 426              		.loc 1 236 8 is_stmt 1 view .LVU111
 427              		.loc 1 236 10 is_stmt 0 view .LVU112
 428 000a 0B4A     		ldr	r2, .L29+4
 429 000c 9342     		cmp	r3, r2
 430 000e 0BD0     		beq	.L28
 431              	.LVL20:
 432              	.L23:
 237:Src/stm32f3xx_hal_msp.c ****   {
 238:Src/stm32f3xx_hal_msp.c ****     /* USER CODE BEGIN COMP3_MspDeInit 0 */
 239:Src/stm32f3xx_hal_msp.c **** 
 240:Src/stm32f3xx_hal_msp.c ****     /* USER CODE END COMP3_MspDeInit 0 */
 241:Src/stm32f3xx_hal_msp.c **** 
 242:Src/stm32f3xx_hal_msp.c ****     /**COMP3 GPIO Configuration
 243:Src/stm32f3xx_hal_msp.c ****     PB14     ------> COMP3_INP
 244:Src/stm32f3xx_hal_msp.c ****     */
 245:Src/stm32f3xx_hal_msp.c ****     HAL_GPIO_DeInit(GPIOB, GPIO_PIN_14);
 246:Src/stm32f3xx_hal_msp.c **** 
 247:Src/stm32f3xx_hal_msp.c ****     /* USER CODE BEGIN COMP3_MspDeInit 1 */
 248:Src/stm32f3xx_hal_msp.c **** 
 249:Src/stm32f3xx_hal_msp.c ****     /* USER CODE END COMP3_MspDeInit 1 */
 250:Src/stm32f3xx_hal_msp.c ****   }
 251:Src/stm32f3xx_hal_msp.c **** 
 252:Src/stm32f3xx_hal_msp.c **** }
 433              		.loc 1 252 1 view .LVU113
ARM GAS  /tmp/ccfPzwNv.s 			page 14


 434 0010 08BD     		pop	{r3, pc}
 435              	.LVL21:
 436              	.L27:
 228:Src/stm32f3xx_hal_msp.c **** 
 437              		.loc 1 228 5 is_stmt 1 view .LVU114
 438 0012 8021     		movs	r1, #128
 439 0014 4FF09040 		mov	r0, #1207959552
 440              	.LVL22:
 228:Src/stm32f3xx_hal_msp.c **** 
 441              		.loc 1 228 5 is_stmt 0 view .LVU115
 442 0018 FFF7FEFF 		bl	HAL_GPIO_DeInit
 443              	.LVL23:
 230:Src/stm32f3xx_hal_msp.c **** 
 444              		.loc 1 230 5 is_stmt 1 view .LVU116
 445 001c 4FF40071 		mov	r1, #512
 446 0020 0648     		ldr	r0, .L29+8
 447 0022 FFF7FEFF 		bl	HAL_GPIO_DeInit
 448              	.LVL24:
 449 0026 F3E7     		b	.L23
 450              	.LVL25:
 451              	.L28:
 245:Src/stm32f3xx_hal_msp.c **** 
 452              		.loc 1 245 5 view .LVU117
 453 0028 4FF48041 		mov	r1, #16384
 454 002c 0348     		ldr	r0, .L29+8
 455              	.LVL26:
 245:Src/stm32f3xx_hal_msp.c **** 
 456              		.loc 1 245 5 is_stmt 0 view .LVU118
 457 002e FFF7FEFF 		bl	HAL_GPIO_DeInit
 458              	.LVL27:
 459              		.loc 1 252 1 view .LVU119
 460 0032 EDE7     		b	.L23
 461              	.L30:
 462              		.align	2
 463              	.L29:
 464 0034 20000140 		.word	1073807392
 465 0038 24000140 		.word	1073807396
 466 003c 00040048 		.word	1207960576
 467              		.cfi_endproc
 468              	.LFE134:
 470              		.section	.text.HAL_DAC_MspInit,"ax",%progbits
 471              		.align	1
 472              		.global	HAL_DAC_MspInit
 473              		.syntax unified
 474              		.thumb
 475              		.thumb_func
 477              	HAL_DAC_MspInit:
 478              	.LVL28:
 479              	.LFB135:
 253:Src/stm32f3xx_hal_msp.c **** 
 254:Src/stm32f3xx_hal_msp.c **** /**
 255:Src/stm32f3xx_hal_msp.c ****   * @brief DAC MSP Initialization
 256:Src/stm32f3xx_hal_msp.c ****   * This function configures the hardware resources used in this example
 257:Src/stm32f3xx_hal_msp.c ****   * @param hdac: DAC handle pointer
 258:Src/stm32f3xx_hal_msp.c ****   * @retval None
 259:Src/stm32f3xx_hal_msp.c ****   */
 260:Src/stm32f3xx_hal_msp.c **** void HAL_DAC_MspInit(DAC_HandleTypeDef* hdac)
ARM GAS  /tmp/ccfPzwNv.s 			page 15


 261:Src/stm32f3xx_hal_msp.c **** {
 480              		.loc 1 261 1 is_stmt 1 view -0
 481              		.cfi_startproc
 482              		@ args = 0, pretend = 0, frame = 32
 483              		@ frame_needed = 0, uses_anonymous_args = 0
 484              		.loc 1 261 1 is_stmt 0 view .LVU121
 485 0000 00B5     		push	{lr}
 486              		.cfi_def_cfa_offset 4
 487              		.cfi_offset 14, -4
 488 0002 89B0     		sub	sp, sp, #36
 489              		.cfi_def_cfa_offset 40
 262:Src/stm32f3xx_hal_msp.c ****   GPIO_InitTypeDef GPIO_InitStruct = {0};
 490              		.loc 1 262 3 is_stmt 1 view .LVU122
 491              		.loc 1 262 20 is_stmt 0 view .LVU123
 492 0004 0023     		movs	r3, #0
 493 0006 0393     		str	r3, [sp, #12]
 494 0008 0493     		str	r3, [sp, #16]
 495 000a 0593     		str	r3, [sp, #20]
 496 000c 0693     		str	r3, [sp, #24]
 497 000e 0793     		str	r3, [sp, #28]
 263:Src/stm32f3xx_hal_msp.c ****   if(hdac->Instance==DAC1)
 498              		.loc 1 263 3 is_stmt 1 view .LVU124
 499              		.loc 1 263 10 is_stmt 0 view .LVU125
 500 0010 0268     		ldr	r2, [r0]
 501              		.loc 1 263 5 view .LVU126
 502 0012 124B     		ldr	r3, .L35
 503 0014 9A42     		cmp	r2, r3
 504 0016 02D0     		beq	.L34
 505              	.LVL29:
 506              	.L31:
 264:Src/stm32f3xx_hal_msp.c ****   {
 265:Src/stm32f3xx_hal_msp.c ****     /* USER CODE BEGIN DAC1_MspInit 0 */
 266:Src/stm32f3xx_hal_msp.c **** 
 267:Src/stm32f3xx_hal_msp.c ****     /* USER CODE END DAC1_MspInit 0 */
 268:Src/stm32f3xx_hal_msp.c ****     /* Peripheral clock enable */
 269:Src/stm32f3xx_hal_msp.c ****     __HAL_RCC_DAC1_CLK_ENABLE();
 270:Src/stm32f3xx_hal_msp.c **** 
 271:Src/stm32f3xx_hal_msp.c ****     __HAL_RCC_GPIOA_CLK_ENABLE();
 272:Src/stm32f3xx_hal_msp.c ****     /**DAC1 GPIO Configuration
 273:Src/stm32f3xx_hal_msp.c ****     PA4     ------> DAC1_OUT1
 274:Src/stm32f3xx_hal_msp.c ****     */
 275:Src/stm32f3xx_hal_msp.c ****     GPIO_InitStruct.Pin = GPIO_PIN_4;
 276:Src/stm32f3xx_hal_msp.c ****     GPIO_InitStruct.Mode = GPIO_MODE_ANALOG;
 277:Src/stm32f3xx_hal_msp.c ****     GPIO_InitStruct.Pull = GPIO_NOPULL;
 278:Src/stm32f3xx_hal_msp.c ****     HAL_GPIO_Init(GPIOA, &GPIO_InitStruct);
 279:Src/stm32f3xx_hal_msp.c **** 
 280:Src/stm32f3xx_hal_msp.c ****     /* USER CODE BEGIN DAC1_MspInit 1 */
 281:Src/stm32f3xx_hal_msp.c **** 
 282:Src/stm32f3xx_hal_msp.c ****     /* USER CODE END DAC1_MspInit 1 */
 283:Src/stm32f3xx_hal_msp.c **** 
 284:Src/stm32f3xx_hal_msp.c ****   }
 285:Src/stm32f3xx_hal_msp.c **** 
 286:Src/stm32f3xx_hal_msp.c **** }
 507              		.loc 1 286 1 view .LVU127
 508 0018 09B0     		add	sp, sp, #36
 509              		.cfi_remember_state
 510              		.cfi_def_cfa_offset 4
ARM GAS  /tmp/ccfPzwNv.s 			page 16


 511              		@ sp needed
 512 001a 5DF804FB 		ldr	pc, [sp], #4
 513              	.LVL30:
 514              	.L34:
 515              		.cfi_restore_state
 269:Src/stm32f3xx_hal_msp.c **** 
 516              		.loc 1 269 5 is_stmt 1 view .LVU128
 517              	.LBB9:
 269:Src/stm32f3xx_hal_msp.c **** 
 518              		.loc 1 269 5 view .LVU129
 269:Src/stm32f3xx_hal_msp.c **** 
 519              		.loc 1 269 5 view .LVU130
 520 001e 03F5CE33 		add	r3, r3, #105472
 521 0022 DA69     		ldr	r2, [r3, #28]
 522 0024 42F00052 		orr	r2, r2, #536870912
 523 0028 DA61     		str	r2, [r3, #28]
 269:Src/stm32f3xx_hal_msp.c **** 
 524              		.loc 1 269 5 view .LVU131
 525 002a DA69     		ldr	r2, [r3, #28]
 526 002c 02F00052 		and	r2, r2, #536870912
 527 0030 0192     		str	r2, [sp, #4]
 269:Src/stm32f3xx_hal_msp.c **** 
 528              		.loc 1 269 5 view .LVU132
 529 0032 019A     		ldr	r2, [sp, #4]
 530              	.LBE9:
 269:Src/stm32f3xx_hal_msp.c **** 
 531              		.loc 1 269 5 view .LVU133
 271:Src/stm32f3xx_hal_msp.c ****     /**DAC1 GPIO Configuration
 532              		.loc 1 271 5 view .LVU134
 533              	.LBB10:
 271:Src/stm32f3xx_hal_msp.c ****     /**DAC1 GPIO Configuration
 534              		.loc 1 271 5 view .LVU135
 271:Src/stm32f3xx_hal_msp.c ****     /**DAC1 GPIO Configuration
 535              		.loc 1 271 5 view .LVU136
 536 0034 5A69     		ldr	r2, [r3, #20]
 537 0036 42F40032 		orr	r2, r2, #131072
 538 003a 5A61     		str	r2, [r3, #20]
 271:Src/stm32f3xx_hal_msp.c ****     /**DAC1 GPIO Configuration
 539              		.loc 1 271 5 view .LVU137
 540 003c 5B69     		ldr	r3, [r3, #20]
 541 003e 03F40033 		and	r3, r3, #131072
 542 0042 0293     		str	r3, [sp, #8]
 271:Src/stm32f3xx_hal_msp.c ****     /**DAC1 GPIO Configuration
 543              		.loc 1 271 5 view .LVU138
 544 0044 029B     		ldr	r3, [sp, #8]
 545              	.LBE10:
 271:Src/stm32f3xx_hal_msp.c ****     /**DAC1 GPIO Configuration
 546              		.loc 1 271 5 view .LVU139
 275:Src/stm32f3xx_hal_msp.c ****     GPIO_InitStruct.Mode = GPIO_MODE_ANALOG;
 547              		.loc 1 275 5 view .LVU140
 275:Src/stm32f3xx_hal_msp.c ****     GPIO_InitStruct.Mode = GPIO_MODE_ANALOG;
 548              		.loc 1 275 25 is_stmt 0 view .LVU141
 549 0046 1023     		movs	r3, #16
 550 0048 0393     		str	r3, [sp, #12]
 276:Src/stm32f3xx_hal_msp.c ****     GPIO_InitStruct.Pull = GPIO_NOPULL;
 551              		.loc 1 276 5 is_stmt 1 view .LVU142
 276:Src/stm32f3xx_hal_msp.c ****     GPIO_InitStruct.Pull = GPIO_NOPULL;
ARM GAS  /tmp/ccfPzwNv.s 			page 17


 552              		.loc 1 276 26 is_stmt 0 view .LVU143
 553 004a 0323     		movs	r3, #3
 554 004c 0493     		str	r3, [sp, #16]
 277:Src/stm32f3xx_hal_msp.c ****     HAL_GPIO_Init(GPIOA, &GPIO_InitStruct);
 555              		.loc 1 277 5 is_stmt 1 view .LVU144
 278:Src/stm32f3xx_hal_msp.c **** 
 556              		.loc 1 278 5 view .LVU145
 557 004e 03A9     		add	r1, sp, #12
 558 0050 4FF09040 		mov	r0, #1207959552
 559              	.LVL31:
 278:Src/stm32f3xx_hal_msp.c **** 
 560              		.loc 1 278 5 is_stmt 0 view .LVU146
 561 0054 FFF7FEFF 		bl	HAL_GPIO_Init
 562              	.LVL32:
 563              		.loc 1 286 1 view .LVU147
 564 0058 DEE7     		b	.L31
 565              	.L36:
 566 005a 00BF     		.align	2
 567              	.L35:
 568 005c 00740040 		.word	1073771520
 569              		.cfi_endproc
 570              	.LFE135:
 572              		.section	.text.HAL_DAC_MspDeInit,"ax",%progbits
 573              		.align	1
 574              		.global	HAL_DAC_MspDeInit
 575              		.syntax unified
 576              		.thumb
 577              		.thumb_func
 579              	HAL_DAC_MspDeInit:
 580              	.LVL33:
 581              	.LFB136:
 287:Src/stm32f3xx_hal_msp.c **** 
 288:Src/stm32f3xx_hal_msp.c **** /**
 289:Src/stm32f3xx_hal_msp.c ****   * @brief DAC MSP De-Initialization
 290:Src/stm32f3xx_hal_msp.c ****   * This function freeze the hardware resources used in this example
 291:Src/stm32f3xx_hal_msp.c ****   * @param hdac: DAC handle pointer
 292:Src/stm32f3xx_hal_msp.c ****   * @retval None
 293:Src/stm32f3xx_hal_msp.c ****   */
 294:Src/stm32f3xx_hal_msp.c **** void HAL_DAC_MspDeInit(DAC_HandleTypeDef* hdac)
 295:Src/stm32f3xx_hal_msp.c **** {
 582              		.loc 1 295 1 is_stmt 1 view -0
 583              		.cfi_startproc
 584              		@ args = 0, pretend = 0, frame = 0
 585              		@ frame_needed = 0, uses_anonymous_args = 0
 586              		.loc 1 295 1 is_stmt 0 view .LVU149
 587 0000 08B5     		push	{r3, lr}
 588              		.cfi_def_cfa_offset 8
 589              		.cfi_offset 3, -8
 590              		.cfi_offset 14, -4
 296:Src/stm32f3xx_hal_msp.c ****   if(hdac->Instance==DAC1)
 591              		.loc 1 296 3 is_stmt 1 view .LVU150
 592              		.loc 1 296 10 is_stmt 0 view .LVU151
 593 0002 0268     		ldr	r2, [r0]
 594              		.loc 1 296 5 view .LVU152
 595 0004 074B     		ldr	r3, .L41
 596 0006 9A42     		cmp	r2, r3
 597 0008 00D0     		beq	.L40
ARM GAS  /tmp/ccfPzwNv.s 			page 18


 598              	.LVL34:
 599              	.L37:
 297:Src/stm32f3xx_hal_msp.c ****   {
 298:Src/stm32f3xx_hal_msp.c ****     /* USER CODE BEGIN DAC1_MspDeInit 0 */
 299:Src/stm32f3xx_hal_msp.c **** 
 300:Src/stm32f3xx_hal_msp.c ****     /* USER CODE END DAC1_MspDeInit 0 */
 301:Src/stm32f3xx_hal_msp.c ****     /* Peripheral clock disable */
 302:Src/stm32f3xx_hal_msp.c ****     __HAL_RCC_DAC1_CLK_DISABLE();
 303:Src/stm32f3xx_hal_msp.c **** 
 304:Src/stm32f3xx_hal_msp.c ****     /**DAC1 GPIO Configuration
 305:Src/stm32f3xx_hal_msp.c ****     PA4     ------> DAC1_OUT1
 306:Src/stm32f3xx_hal_msp.c ****     */
 307:Src/stm32f3xx_hal_msp.c ****     HAL_GPIO_DeInit(GPIOA, GPIO_PIN_4);
 308:Src/stm32f3xx_hal_msp.c **** 
 309:Src/stm32f3xx_hal_msp.c ****     /* USER CODE BEGIN DAC1_MspDeInit 1 */
 310:Src/stm32f3xx_hal_msp.c **** 
 311:Src/stm32f3xx_hal_msp.c ****     /* USER CODE END DAC1_MspDeInit 1 */
 312:Src/stm32f3xx_hal_msp.c ****   }
 313:Src/stm32f3xx_hal_msp.c **** 
 314:Src/stm32f3xx_hal_msp.c **** }
 600              		.loc 1 314 1 view .LVU153
 601 000a 08BD     		pop	{r3, pc}
 602              	.LVL35:
 603              	.L40:
 302:Src/stm32f3xx_hal_msp.c **** 
 604              		.loc 1 302 5 is_stmt 1 view .LVU154
 605 000c 064A     		ldr	r2, .L41+4
 606 000e D369     		ldr	r3, [r2, #28]
 607 0010 23F00053 		bic	r3, r3, #536870912
 608 0014 D361     		str	r3, [r2, #28]
 307:Src/stm32f3xx_hal_msp.c **** 
 609              		.loc 1 307 5 view .LVU155
 610 0016 1021     		movs	r1, #16
 611 0018 4FF09040 		mov	r0, #1207959552
 612              	.LVL36:
 307:Src/stm32f3xx_hal_msp.c **** 
 613              		.loc 1 307 5 is_stmt 0 view .LVU156
 614 001c FFF7FEFF 		bl	HAL_GPIO_DeInit
 615              	.LVL37:
 616              		.loc 1 314 1 view .LVU157
 617 0020 F3E7     		b	.L37
 618              	.L42:
 619 0022 00BF     		.align	2
 620              	.L41:
 621 0024 00740040 		.word	1073771520
 622 0028 00100240 		.word	1073876992
 623              		.cfi_endproc
 624              	.LFE136:
 626              		.section	.text.HAL_TIM_Base_MspInit,"ax",%progbits
 627              		.align	1
 628              		.global	HAL_TIM_Base_MspInit
 629              		.syntax unified
 630              		.thumb
 631              		.thumb_func
 633              	HAL_TIM_Base_MspInit:
 634              	.LVL38:
 635              	.LFB137:
ARM GAS  /tmp/ccfPzwNv.s 			page 19


 315:Src/stm32f3xx_hal_msp.c **** 
 316:Src/stm32f3xx_hal_msp.c **** /**
 317:Src/stm32f3xx_hal_msp.c ****   * @brief TIM_Base MSP Initialization
 318:Src/stm32f3xx_hal_msp.c ****   * This function configures the hardware resources used in this example
 319:Src/stm32f3xx_hal_msp.c ****   * @param htim_base: TIM_Base handle pointer
 320:Src/stm32f3xx_hal_msp.c ****   * @retval None
 321:Src/stm32f3xx_hal_msp.c ****   */
 322:Src/stm32f3xx_hal_msp.c **** void HAL_TIM_Base_MspInit(TIM_HandleTypeDef* htim_base)
 323:Src/stm32f3xx_hal_msp.c **** {
 636              		.loc 1 323 1 is_stmt 1 view -0
 637              		.cfi_startproc
 638              		@ args = 0, pretend = 0, frame = 8
 639              		@ frame_needed = 0, uses_anonymous_args = 0
 640              		.loc 1 323 1 is_stmt 0 view .LVU159
 641 0000 10B5     		push	{r4, lr}
 642              		.cfi_def_cfa_offset 8
 643              		.cfi_offset 4, -8
 644              		.cfi_offset 14, -4
 645 0002 82B0     		sub	sp, sp, #8
 646              		.cfi_def_cfa_offset 16
 324:Src/stm32f3xx_hal_msp.c ****   if(htim_base->Instance==TIM2)
 647              		.loc 1 324 3 is_stmt 1 view .LVU160
 648              		.loc 1 324 15 is_stmt 0 view .LVU161
 649 0004 0368     		ldr	r3, [r0]
 650              		.loc 1 324 5 view .LVU162
 651 0006 B3F1804F 		cmp	r3, #1073741824
 652 000a 05D0     		beq	.L48
 653 000c 0446     		mov	r4, r0
 325:Src/stm32f3xx_hal_msp.c ****   {
 326:Src/stm32f3xx_hal_msp.c ****     /* USER CODE BEGIN TIM2_MspInit 0 */
 327:Src/stm32f3xx_hal_msp.c **** 
 328:Src/stm32f3xx_hal_msp.c ****     /* USER CODE END TIM2_MspInit 0 */
 329:Src/stm32f3xx_hal_msp.c ****     /* Peripheral clock enable */
 330:Src/stm32f3xx_hal_msp.c ****     __HAL_RCC_TIM2_CLK_ENABLE();
 331:Src/stm32f3xx_hal_msp.c ****     /* USER CODE BEGIN TIM2_MspInit 1 */
 332:Src/stm32f3xx_hal_msp.c **** 
 333:Src/stm32f3xx_hal_msp.c ****     /* USER CODE END TIM2_MspInit 1 */
 334:Src/stm32f3xx_hal_msp.c ****   }
 335:Src/stm32f3xx_hal_msp.c ****   else if(htim_base->Instance==TIM3)
 654              		.loc 1 335 8 is_stmt 1 view .LVU163
 655              		.loc 1 335 10 is_stmt 0 view .LVU164
 656 000e 1C4A     		ldr	r2, .L51
 657 0010 9342     		cmp	r3, r2
 658 0012 0DD0     		beq	.L49
 659              	.LVL39:
 660              	.L43:
 336:Src/stm32f3xx_hal_msp.c ****   {
 337:Src/stm32f3xx_hal_msp.c ****     /* USER CODE BEGIN TIM3_MspInit 0 */
 338:Src/stm32f3xx_hal_msp.c **** 
 339:Src/stm32f3xx_hal_msp.c ****     /* USER CODE END TIM3_MspInit 0 */
 340:Src/stm32f3xx_hal_msp.c ****     /* Peripheral clock enable */
 341:Src/stm32f3xx_hal_msp.c ****     __HAL_RCC_TIM3_CLK_ENABLE();
 342:Src/stm32f3xx_hal_msp.c **** 
 343:Src/stm32f3xx_hal_msp.c ****     /* TIM3 DMA Init */
 344:Src/stm32f3xx_hal_msp.c ****     /* TIM3_CH1_TRIG Init */
 345:Src/stm32f3xx_hal_msp.c ****     hdma_tim3_ch1_trig.Instance = DMA1_Channel6;
 346:Src/stm32f3xx_hal_msp.c ****     hdma_tim3_ch1_trig.Init.Direction = DMA_MEMORY_TO_PERIPH;
ARM GAS  /tmp/ccfPzwNv.s 			page 20


 347:Src/stm32f3xx_hal_msp.c ****     hdma_tim3_ch1_trig.Init.PeriphInc = DMA_PINC_DISABLE;
 348:Src/stm32f3xx_hal_msp.c ****     hdma_tim3_ch1_trig.Init.MemInc = DMA_MINC_ENABLE;
 349:Src/stm32f3xx_hal_msp.c ****     hdma_tim3_ch1_trig.Init.PeriphDataAlignment = DMA_PDATAALIGN_HALFWORD;
 350:Src/stm32f3xx_hal_msp.c ****     hdma_tim3_ch1_trig.Init.MemDataAlignment = DMA_MDATAALIGN_HALFWORD;
 351:Src/stm32f3xx_hal_msp.c ****     hdma_tim3_ch1_trig.Init.Mode = DMA_NORMAL;
 352:Src/stm32f3xx_hal_msp.c ****     hdma_tim3_ch1_trig.Init.Priority = DMA_PRIORITY_VERY_HIGH;
 353:Src/stm32f3xx_hal_msp.c ****     if (HAL_DMA_Init(&hdma_tim3_ch1_trig) != HAL_OK)
 354:Src/stm32f3xx_hal_msp.c ****     {
 355:Src/stm32f3xx_hal_msp.c ****       Error_Handler();
 356:Src/stm32f3xx_hal_msp.c ****     }
 357:Src/stm32f3xx_hal_msp.c **** 
 358:Src/stm32f3xx_hal_msp.c ****     /* Several peripheral DMA handle pointers point to the same DMA handle.
 359:Src/stm32f3xx_hal_msp.c ****      Be aware that there is only one channel to perform all the requested DMAs. */
 360:Src/stm32f3xx_hal_msp.c ****     __HAL_LINKDMA(htim_base,hdma[TIM_DMA_ID_CC1],hdma_tim3_ch1_trig);
 361:Src/stm32f3xx_hal_msp.c ****     __HAL_LINKDMA(htim_base,hdma[TIM_DMA_ID_TRIGGER],hdma_tim3_ch1_trig);
 362:Src/stm32f3xx_hal_msp.c **** 
 363:Src/stm32f3xx_hal_msp.c ****     /* USER CODE BEGIN TIM3_MspInit 1 */
 364:Src/stm32f3xx_hal_msp.c **** 
 365:Src/stm32f3xx_hal_msp.c ****     /* USER CODE END TIM3_MspInit 1 */
 366:Src/stm32f3xx_hal_msp.c ****   }
 367:Src/stm32f3xx_hal_msp.c **** 
 368:Src/stm32f3xx_hal_msp.c **** }
 661              		.loc 1 368 1 view .LVU165
 662 0014 02B0     		add	sp, sp, #8
 663              		.cfi_remember_state
 664              		.cfi_def_cfa_offset 8
 665              		@ sp needed
 666 0016 10BD     		pop	{r4, pc}
 667              	.LVL40:
 668              	.L48:
 669              		.cfi_restore_state
 330:Src/stm32f3xx_hal_msp.c ****     /* USER CODE BEGIN TIM2_MspInit 1 */
 670              		.loc 1 330 5 is_stmt 1 view .LVU166
 671              	.LBB11:
 330:Src/stm32f3xx_hal_msp.c ****     /* USER CODE BEGIN TIM2_MspInit 1 */
 672              		.loc 1 330 5 view .LVU167
 330:Src/stm32f3xx_hal_msp.c ****     /* USER CODE BEGIN TIM2_MspInit 1 */
 673              		.loc 1 330 5 view .LVU168
 674 0018 03F50433 		add	r3, r3, #135168
 675 001c DA69     		ldr	r2, [r3, #28]
 676 001e 42F00102 		orr	r2, r2, #1
 677 0022 DA61     		str	r2, [r3, #28]
 330:Src/stm32f3xx_hal_msp.c ****     /* USER CODE BEGIN TIM2_MspInit 1 */
 678              		.loc 1 330 5 view .LVU169
 679 0024 DB69     		ldr	r3, [r3, #28]
 680 0026 03F00103 		and	r3, r3, #1
 681 002a 0093     		str	r3, [sp]
 330:Src/stm32f3xx_hal_msp.c ****     /* USER CODE BEGIN TIM2_MspInit 1 */
 682              		.loc 1 330 5 view .LVU170
 683 002c 009B     		ldr	r3, [sp]
 684              	.LBE11:
 330:Src/stm32f3xx_hal_msp.c ****     /* USER CODE BEGIN TIM2_MspInit 1 */
 685              		.loc 1 330 5 view .LVU171
 686 002e F1E7     		b	.L43
 687              	.L49:
 341:Src/stm32f3xx_hal_msp.c **** 
 688              		.loc 1 341 5 view .LVU172
ARM GAS  /tmp/ccfPzwNv.s 			page 21


 689              	.LBB12:
 341:Src/stm32f3xx_hal_msp.c **** 
 690              		.loc 1 341 5 view .LVU173
 341:Src/stm32f3xx_hal_msp.c **** 
 691              		.loc 1 341 5 view .LVU174
 692 0030 144B     		ldr	r3, .L51+4
 693 0032 DA69     		ldr	r2, [r3, #28]
 694 0034 42F00202 		orr	r2, r2, #2
 695 0038 DA61     		str	r2, [r3, #28]
 341:Src/stm32f3xx_hal_msp.c **** 
 696              		.loc 1 341 5 view .LVU175
 697 003a DB69     		ldr	r3, [r3, #28]
 698 003c 03F00203 		and	r3, r3, #2
 699 0040 0193     		str	r3, [sp, #4]
 341:Src/stm32f3xx_hal_msp.c **** 
 700              		.loc 1 341 5 view .LVU176
 701 0042 019B     		ldr	r3, [sp, #4]
 702              	.LBE12:
 341:Src/stm32f3xx_hal_msp.c **** 
 703              		.loc 1 341 5 view .LVU177
 345:Src/stm32f3xx_hal_msp.c ****     hdma_tim3_ch1_trig.Init.Direction = DMA_MEMORY_TO_PERIPH;
 704              		.loc 1 345 5 view .LVU178
 345:Src/stm32f3xx_hal_msp.c ****     hdma_tim3_ch1_trig.Init.Direction = DMA_MEMORY_TO_PERIPH;
 705              		.loc 1 345 33 is_stmt 0 view .LVU179
 706 0044 1048     		ldr	r0, .L51+8
 707              	.LVL41:
 345:Src/stm32f3xx_hal_msp.c ****     hdma_tim3_ch1_trig.Init.Direction = DMA_MEMORY_TO_PERIPH;
 708              		.loc 1 345 33 view .LVU180
 709 0046 114B     		ldr	r3, .L51+12
 710 0048 0360     		str	r3, [r0]
 346:Src/stm32f3xx_hal_msp.c ****     hdma_tim3_ch1_trig.Init.PeriphInc = DMA_PINC_DISABLE;
 711              		.loc 1 346 5 is_stmt 1 view .LVU181
 346:Src/stm32f3xx_hal_msp.c ****     hdma_tim3_ch1_trig.Init.PeriphInc = DMA_PINC_DISABLE;
 712              		.loc 1 346 39 is_stmt 0 view .LVU182
 713 004a 1023     		movs	r3, #16
 714 004c 4360     		str	r3, [r0, #4]
 347:Src/stm32f3xx_hal_msp.c ****     hdma_tim3_ch1_trig.Init.MemInc = DMA_MINC_ENABLE;
 715              		.loc 1 347 5 is_stmt 1 view .LVU183
 347:Src/stm32f3xx_hal_msp.c ****     hdma_tim3_ch1_trig.Init.MemInc = DMA_MINC_ENABLE;
 716              		.loc 1 347 39 is_stmt 0 view .LVU184
 717 004e 0023     		movs	r3, #0
 718 0050 8360     		str	r3, [r0, #8]
 348:Src/stm32f3xx_hal_msp.c ****     hdma_tim3_ch1_trig.Init.PeriphDataAlignment = DMA_PDATAALIGN_HALFWORD;
 719              		.loc 1 348 5 is_stmt 1 view .LVU185
 348:Src/stm32f3xx_hal_msp.c ****     hdma_tim3_ch1_trig.Init.PeriphDataAlignment = DMA_PDATAALIGN_HALFWORD;
 720              		.loc 1 348 36 is_stmt 0 view .LVU186
 721 0052 8022     		movs	r2, #128
 722 0054 C260     		str	r2, [r0, #12]
 349:Src/stm32f3xx_hal_msp.c ****     hdma_tim3_ch1_trig.Init.MemDataAlignment = DMA_MDATAALIGN_HALFWORD;
 723              		.loc 1 349 5 is_stmt 1 view .LVU187
 349:Src/stm32f3xx_hal_msp.c ****     hdma_tim3_ch1_trig.Init.MemDataAlignment = DMA_MDATAALIGN_HALFWORD;
 724              		.loc 1 349 49 is_stmt 0 view .LVU188
 725 0056 4FF48072 		mov	r2, #256
 726 005a 0261     		str	r2, [r0, #16]
 350:Src/stm32f3xx_hal_msp.c ****     hdma_tim3_ch1_trig.Init.Mode = DMA_NORMAL;
 727              		.loc 1 350 5 is_stmt 1 view .LVU189
 350:Src/stm32f3xx_hal_msp.c ****     hdma_tim3_ch1_trig.Init.Mode = DMA_NORMAL;
ARM GAS  /tmp/ccfPzwNv.s 			page 22


 728              		.loc 1 350 46 is_stmt 0 view .LVU190
 729 005c 4FF48062 		mov	r2, #1024
 730 0060 4261     		str	r2, [r0, #20]
 351:Src/stm32f3xx_hal_msp.c ****     hdma_tim3_ch1_trig.Init.Priority = DMA_PRIORITY_VERY_HIGH;
 731              		.loc 1 351 5 is_stmt 1 view .LVU191
 351:Src/stm32f3xx_hal_msp.c ****     hdma_tim3_ch1_trig.Init.Priority = DMA_PRIORITY_VERY_HIGH;
 732              		.loc 1 351 34 is_stmt 0 view .LVU192
 733 0062 8361     		str	r3, [r0, #24]
 352:Src/stm32f3xx_hal_msp.c ****     if (HAL_DMA_Init(&hdma_tim3_ch1_trig) != HAL_OK)
 734              		.loc 1 352 5 is_stmt 1 view .LVU193
 352:Src/stm32f3xx_hal_msp.c ****     if (HAL_DMA_Init(&hdma_tim3_ch1_trig) != HAL_OK)
 735              		.loc 1 352 38 is_stmt 0 view .LVU194
 736 0064 4FF44053 		mov	r3, #12288
 737 0068 C361     		str	r3, [r0, #28]
 353:Src/stm32f3xx_hal_msp.c ****     {
 738              		.loc 1 353 5 is_stmt 1 view .LVU195
 353:Src/stm32f3xx_hal_msp.c ****     {
 739              		.loc 1 353 9 is_stmt 0 view .LVU196
 740 006a FFF7FEFF 		bl	HAL_DMA_Init
 741              	.LVL42:
 353:Src/stm32f3xx_hal_msp.c ****     {
 742              		.loc 1 353 8 discriminator 1 view .LVU197
 743 006e 20B9     		cbnz	r0, .L50
 744              	.L46:
 360:Src/stm32f3xx_hal_msp.c ****     __HAL_LINKDMA(htim_base,hdma[TIM_DMA_ID_TRIGGER],hdma_tim3_ch1_trig);
 745              		.loc 1 360 5 is_stmt 1 view .LVU198
 360:Src/stm32f3xx_hal_msp.c ****     __HAL_LINKDMA(htim_base,hdma[TIM_DMA_ID_TRIGGER],hdma_tim3_ch1_trig);
 746              		.loc 1 360 5 view .LVU199
 747 0070 054B     		ldr	r3, .L51+8
 748 0072 6362     		str	r3, [r4, #36]
 360:Src/stm32f3xx_hal_msp.c ****     __HAL_LINKDMA(htim_base,hdma[TIM_DMA_ID_TRIGGER],hdma_tim3_ch1_trig);
 749              		.loc 1 360 5 view .LVU200
 750 0074 5C62     		str	r4, [r3, #36]
 360:Src/stm32f3xx_hal_msp.c ****     __HAL_LINKDMA(htim_base,hdma[TIM_DMA_ID_TRIGGER],hdma_tim3_ch1_trig);
 751              		.loc 1 360 5 view .LVU201
 361:Src/stm32f3xx_hal_msp.c **** 
 752              		.loc 1 361 5 view .LVU202
 361:Src/stm32f3xx_hal_msp.c **** 
 753              		.loc 1 361 5 view .LVU203
 754 0076 A363     		str	r3, [r4, #56]
 361:Src/stm32f3xx_hal_msp.c **** 
 755              		.loc 1 361 5 view .LVU204
 361:Src/stm32f3xx_hal_msp.c **** 
 756              		.loc 1 361 5 discriminator 1 view .LVU205
 757              		.loc 1 368 1 is_stmt 0 view .LVU206
 758 0078 CCE7     		b	.L43
 759              	.L50:
 355:Src/stm32f3xx_hal_msp.c ****     }
 760              		.loc 1 355 7 is_stmt 1 view .LVU207
 761 007a FFF7FEFF 		bl	Error_Handler
 762              	.LVL43:
 763 007e F7E7     		b	.L46
 764              	.L52:
 765              		.align	2
 766              	.L51:
 767 0080 00040040 		.word	1073742848
 768 0084 00100240 		.word	1073876992
ARM GAS  /tmp/ccfPzwNv.s 			page 23


 769 0088 00000000 		.word	hdma_tim3_ch1_trig
 770 008c 6C000240 		.word	1073873004
 771              		.cfi_endproc
 772              	.LFE137:
 774              		.section	.text.HAL_TIM_MspPostInit,"ax",%progbits
 775              		.align	1
 776              		.global	HAL_TIM_MspPostInit
 777              		.syntax unified
 778              		.thumb
 779              		.thumb_func
 781              	HAL_TIM_MspPostInit:
 782              	.LVL44:
 783              	.LFB138:
 369:Src/stm32f3xx_hal_msp.c **** 
 370:Src/stm32f3xx_hal_msp.c **** void HAL_TIM_MspPostInit(TIM_HandleTypeDef* htim)
 371:Src/stm32f3xx_hal_msp.c **** {
 784              		.loc 1 371 1 view -0
 785              		.cfi_startproc
 786              		@ args = 0, pretend = 0, frame = 32
 787              		@ frame_needed = 0, uses_anonymous_args = 0
 788              		.loc 1 371 1 is_stmt 0 view .LVU209
 789 0000 00B5     		push	{lr}
 790              		.cfi_def_cfa_offset 4
 791              		.cfi_offset 14, -4
 792 0002 89B0     		sub	sp, sp, #36
 793              		.cfi_def_cfa_offset 40
 372:Src/stm32f3xx_hal_msp.c ****   GPIO_InitTypeDef GPIO_InitStruct = {0};
 794              		.loc 1 372 3 is_stmt 1 view .LVU210
 795              		.loc 1 372 20 is_stmt 0 view .LVU211
 796 0004 0023     		movs	r3, #0
 797 0006 0393     		str	r3, [sp, #12]
 798 0008 0493     		str	r3, [sp, #16]
 799 000a 0593     		str	r3, [sp, #20]
 800 000c 0693     		str	r3, [sp, #24]
 801 000e 0793     		str	r3, [sp, #28]
 373:Src/stm32f3xx_hal_msp.c ****   if(htim->Instance==TIM2)
 802              		.loc 1 373 3 is_stmt 1 view .LVU212
 803              		.loc 1 373 10 is_stmt 0 view .LVU213
 804 0010 0368     		ldr	r3, [r0]
 805              		.loc 1 373 5 view .LVU214
 806 0012 B3F1804F 		cmp	r3, #1073741824
 807 0016 05D0     		beq	.L57
 374:Src/stm32f3xx_hal_msp.c ****   {
 375:Src/stm32f3xx_hal_msp.c ****     /* USER CODE BEGIN TIM2_MspPostInit 0 */
 376:Src/stm32f3xx_hal_msp.c **** 
 377:Src/stm32f3xx_hal_msp.c ****     /* USER CODE END TIM2_MspPostInit 0 */
 378:Src/stm32f3xx_hal_msp.c ****     __HAL_RCC_GPIOA_CLK_ENABLE();
 379:Src/stm32f3xx_hal_msp.c ****     /**TIM2 GPIO Configuration
 380:Src/stm32f3xx_hal_msp.c ****     PA5     ------> TIM2_CH1
 381:Src/stm32f3xx_hal_msp.c ****     */
 382:Src/stm32f3xx_hal_msp.c ****     GPIO_InitStruct.Pin = GPIO_PIN_5;
 383:Src/stm32f3xx_hal_msp.c ****     GPIO_InitStruct.Mode = GPIO_MODE_AF_PP;
 384:Src/stm32f3xx_hal_msp.c ****     GPIO_InitStruct.Pull = GPIO_NOPULL;
 385:Src/stm32f3xx_hal_msp.c ****     GPIO_InitStruct.Speed = GPIO_SPEED_FREQ_LOW;
 386:Src/stm32f3xx_hal_msp.c ****     GPIO_InitStruct.Alternate = GPIO_AF1_TIM2;
 387:Src/stm32f3xx_hal_msp.c ****     HAL_GPIO_Init(GPIOA, &GPIO_InitStruct);
 388:Src/stm32f3xx_hal_msp.c **** 
ARM GAS  /tmp/ccfPzwNv.s 			page 24


 389:Src/stm32f3xx_hal_msp.c ****     /* USER CODE BEGIN TIM2_MspPostInit 1 */
 390:Src/stm32f3xx_hal_msp.c **** 
 391:Src/stm32f3xx_hal_msp.c ****     /* USER CODE END TIM2_MspPostInit 1 */
 392:Src/stm32f3xx_hal_msp.c ****   }
 393:Src/stm32f3xx_hal_msp.c ****   else if(htim->Instance==TIM3)
 808              		.loc 1 393 8 is_stmt 1 view .LVU215
 809              		.loc 1 393 10 is_stmt 0 view .LVU216
 810 0018 184A     		ldr	r2, .L59
 811 001a 9342     		cmp	r3, r2
 812 001c 19D0     		beq	.L58
 813              	.LVL45:
 814              	.L53:
 394:Src/stm32f3xx_hal_msp.c ****   {
 395:Src/stm32f3xx_hal_msp.c ****     /* USER CODE BEGIN TIM3_MspPostInit 0 */
 396:Src/stm32f3xx_hal_msp.c **** 
 397:Src/stm32f3xx_hal_msp.c ****     /* USER CODE END TIM3_MspPostInit 0 */
 398:Src/stm32f3xx_hal_msp.c **** 
 399:Src/stm32f3xx_hal_msp.c ****     __HAL_RCC_GPIOA_CLK_ENABLE();
 400:Src/stm32f3xx_hal_msp.c ****     /**TIM3 GPIO Configuration
 401:Src/stm32f3xx_hal_msp.c ****     PA6     ------> TIM3_CH1
 402:Src/stm32f3xx_hal_msp.c ****     */
 403:Src/stm32f3xx_hal_msp.c ****     GPIO_InitStruct.Pin = GPIO_PIN_6;
 404:Src/stm32f3xx_hal_msp.c ****     GPIO_InitStruct.Mode = GPIO_MODE_AF_PP;
 405:Src/stm32f3xx_hal_msp.c ****     GPIO_InitStruct.Pull = GPIO_NOPULL;
 406:Src/stm32f3xx_hal_msp.c ****     GPIO_InitStruct.Speed = GPIO_SPEED_FREQ_LOW;
 407:Src/stm32f3xx_hal_msp.c ****     GPIO_InitStruct.Alternate = GPIO_AF2_TIM3;
 408:Src/stm32f3xx_hal_msp.c ****     HAL_GPIO_Init(GPIOA, &GPIO_InitStruct);
 409:Src/stm32f3xx_hal_msp.c **** 
 410:Src/stm32f3xx_hal_msp.c ****     /* USER CODE BEGIN TIM3_MspPostInit 1 */
 411:Src/stm32f3xx_hal_msp.c **** 
 412:Src/stm32f3xx_hal_msp.c ****     /* USER CODE END TIM3_MspPostInit 1 */
 413:Src/stm32f3xx_hal_msp.c ****   }
 414:Src/stm32f3xx_hal_msp.c **** 
 415:Src/stm32f3xx_hal_msp.c **** }
 815              		.loc 1 415 1 view .LVU217
 816 001e 09B0     		add	sp, sp, #36
 817              		.cfi_remember_state
 818              		.cfi_def_cfa_offset 4
 819              		@ sp needed
 820 0020 5DF804FB 		ldr	pc, [sp], #4
 821              	.LVL46:
 822              	.L57:
 823              		.cfi_restore_state
 378:Src/stm32f3xx_hal_msp.c ****     /**TIM2 GPIO Configuration
 824              		.loc 1 378 5 is_stmt 1 view .LVU218
 825              	.LBB13:
 378:Src/stm32f3xx_hal_msp.c ****     /**TIM2 GPIO Configuration
 826              		.loc 1 378 5 view .LVU219
 378:Src/stm32f3xx_hal_msp.c ****     /**TIM2 GPIO Configuration
 827              		.loc 1 378 5 view .LVU220
 828 0024 03F50433 		add	r3, r3, #135168
 829 0028 5A69     		ldr	r2, [r3, #20]
 830 002a 42F40032 		orr	r2, r2, #131072
 831 002e 5A61     		str	r2, [r3, #20]
 378:Src/stm32f3xx_hal_msp.c ****     /**TIM2 GPIO Configuration
 832              		.loc 1 378 5 view .LVU221
 833 0030 5B69     		ldr	r3, [r3, #20]
ARM GAS  /tmp/ccfPzwNv.s 			page 25


 834 0032 03F40033 		and	r3, r3, #131072
 835 0036 0193     		str	r3, [sp, #4]
 378:Src/stm32f3xx_hal_msp.c ****     /**TIM2 GPIO Configuration
 836              		.loc 1 378 5 view .LVU222
 837 0038 019B     		ldr	r3, [sp, #4]
 838              	.LBE13:
 378:Src/stm32f3xx_hal_msp.c ****     /**TIM2 GPIO Configuration
 839              		.loc 1 378 5 view .LVU223
 382:Src/stm32f3xx_hal_msp.c ****     GPIO_InitStruct.Mode = GPIO_MODE_AF_PP;
 840              		.loc 1 382 5 view .LVU224
 382:Src/stm32f3xx_hal_msp.c ****     GPIO_InitStruct.Mode = GPIO_MODE_AF_PP;
 841              		.loc 1 382 25 is_stmt 0 view .LVU225
 842 003a 2023     		movs	r3, #32
 843 003c 0393     		str	r3, [sp, #12]
 383:Src/stm32f3xx_hal_msp.c ****     GPIO_InitStruct.Pull = GPIO_NOPULL;
 844              		.loc 1 383 5 is_stmt 1 view .LVU226
 383:Src/stm32f3xx_hal_msp.c ****     GPIO_InitStruct.Pull = GPIO_NOPULL;
 845              		.loc 1 383 26 is_stmt 0 view .LVU227
 846 003e 0223     		movs	r3, #2
 847 0040 0493     		str	r3, [sp, #16]
 384:Src/stm32f3xx_hal_msp.c ****     GPIO_InitStruct.Speed = GPIO_SPEED_FREQ_LOW;
 848              		.loc 1 384 5 is_stmt 1 view .LVU228
 385:Src/stm32f3xx_hal_msp.c ****     GPIO_InitStruct.Alternate = GPIO_AF1_TIM2;
 849              		.loc 1 385 5 view .LVU229
 386:Src/stm32f3xx_hal_msp.c ****     HAL_GPIO_Init(GPIOA, &GPIO_InitStruct);
 850              		.loc 1 386 5 view .LVU230
 386:Src/stm32f3xx_hal_msp.c ****     HAL_GPIO_Init(GPIOA, &GPIO_InitStruct);
 851              		.loc 1 386 31 is_stmt 0 view .LVU231
 852 0042 0123     		movs	r3, #1
 853 0044 0793     		str	r3, [sp, #28]
 387:Src/stm32f3xx_hal_msp.c **** 
 854              		.loc 1 387 5 is_stmt 1 view .LVU232
 855 0046 03A9     		add	r1, sp, #12
 856 0048 4FF09040 		mov	r0, #1207959552
 857              	.LVL47:
 387:Src/stm32f3xx_hal_msp.c **** 
 858              		.loc 1 387 5 is_stmt 0 view .LVU233
 859 004c FFF7FEFF 		bl	HAL_GPIO_Init
 860              	.LVL48:
 861 0050 E5E7     		b	.L53
 862              	.LVL49:
 863              	.L58:
 399:Src/stm32f3xx_hal_msp.c ****     /**TIM3 GPIO Configuration
 864              		.loc 1 399 5 is_stmt 1 view .LVU234
 865              	.LBB14:
 399:Src/stm32f3xx_hal_msp.c ****     /**TIM3 GPIO Configuration
 866              		.loc 1 399 5 view .LVU235
 399:Src/stm32f3xx_hal_msp.c ****     /**TIM3 GPIO Configuration
 867              		.loc 1 399 5 view .LVU236
 868 0052 0B4B     		ldr	r3, .L59+4
 869 0054 5A69     		ldr	r2, [r3, #20]
 870 0056 42F40032 		orr	r2, r2, #131072
 871 005a 5A61     		str	r2, [r3, #20]
 399:Src/stm32f3xx_hal_msp.c ****     /**TIM3 GPIO Configuration
 872              		.loc 1 399 5 view .LVU237
 873 005c 5B69     		ldr	r3, [r3, #20]
 874 005e 03F40033 		and	r3, r3, #131072
ARM GAS  /tmp/ccfPzwNv.s 			page 26


 875 0062 0293     		str	r3, [sp, #8]
 399:Src/stm32f3xx_hal_msp.c ****     /**TIM3 GPIO Configuration
 876              		.loc 1 399 5 view .LVU238
 877 0064 029B     		ldr	r3, [sp, #8]
 878              	.LBE14:
 399:Src/stm32f3xx_hal_msp.c ****     /**TIM3 GPIO Configuration
 879              		.loc 1 399 5 view .LVU239
 403:Src/stm32f3xx_hal_msp.c ****     GPIO_InitStruct.Mode = GPIO_MODE_AF_PP;
 880              		.loc 1 403 5 view .LVU240
 403:Src/stm32f3xx_hal_msp.c ****     GPIO_InitStruct.Mode = GPIO_MODE_AF_PP;
 881              		.loc 1 403 25 is_stmt 0 view .LVU241
 882 0066 4023     		movs	r3, #64
 883 0068 0393     		str	r3, [sp, #12]
 404:Src/stm32f3xx_hal_msp.c ****     GPIO_InitStruct.Pull = GPIO_NOPULL;
 884              		.loc 1 404 5 is_stmt 1 view .LVU242
 404:Src/stm32f3xx_hal_msp.c ****     GPIO_InitStruct.Pull = GPIO_NOPULL;
 885              		.loc 1 404 26 is_stmt 0 view .LVU243
 886 006a 0223     		movs	r3, #2
 887 006c 0493     		str	r3, [sp, #16]
 405:Src/stm32f3xx_hal_msp.c ****     GPIO_InitStruct.Speed = GPIO_SPEED_FREQ_LOW;
 888              		.loc 1 405 5 is_stmt 1 view .LVU244
 406:Src/stm32f3xx_hal_msp.c ****     GPIO_InitStruct.Alternate = GPIO_AF2_TIM3;
 889              		.loc 1 406 5 view .LVU245
 407:Src/stm32f3xx_hal_msp.c ****     HAL_GPIO_Init(GPIOA, &GPIO_InitStruct);
 890              		.loc 1 407 5 view .LVU246
 407:Src/stm32f3xx_hal_msp.c ****     HAL_GPIO_Init(GPIOA, &GPIO_InitStruct);
 891              		.loc 1 407 31 is_stmt 0 view .LVU247
 892 006e 0793     		str	r3, [sp, #28]
 408:Src/stm32f3xx_hal_msp.c **** 
 893              		.loc 1 408 5 is_stmt 1 view .LVU248
 894 0070 03A9     		add	r1, sp, #12
 895 0072 4FF09040 		mov	r0, #1207959552
 896              	.LVL50:
 408:Src/stm32f3xx_hal_msp.c **** 
 897              		.loc 1 408 5 is_stmt 0 view .LVU249
 898 0076 FFF7FEFF 		bl	HAL_GPIO_Init
 899              	.LVL51:
 900              		.loc 1 415 1 view .LVU250
 901 007a D0E7     		b	.L53
 902              	.L60:
 903              		.align	2
 904              	.L59:
 905 007c 00040040 		.word	1073742848
 906 0080 00100240 		.word	1073876992
 907              		.cfi_endproc
 908              	.LFE138:
 910              		.section	.text.HAL_TIM_Base_MspDeInit,"ax",%progbits
 911              		.align	1
 912              		.global	HAL_TIM_Base_MspDeInit
 913              		.syntax unified
 914              		.thumb
 915              		.thumb_func
 917              	HAL_TIM_Base_MspDeInit:
 918              	.LVL52:
 919              	.LFB139:
 416:Src/stm32f3xx_hal_msp.c **** /**
 417:Src/stm32f3xx_hal_msp.c ****   * @brief TIM_Base MSP De-Initialization
ARM GAS  /tmp/ccfPzwNv.s 			page 27


 418:Src/stm32f3xx_hal_msp.c ****   * This function freeze the hardware resources used in this example
 419:Src/stm32f3xx_hal_msp.c ****   * @param htim_base: TIM_Base handle pointer
 420:Src/stm32f3xx_hal_msp.c ****   * @retval None
 421:Src/stm32f3xx_hal_msp.c ****   */
 422:Src/stm32f3xx_hal_msp.c **** void HAL_TIM_Base_MspDeInit(TIM_HandleTypeDef* htim_base)
 423:Src/stm32f3xx_hal_msp.c **** {
 920              		.loc 1 423 1 is_stmt 1 view -0
 921              		.cfi_startproc
 922              		@ args = 0, pretend = 0, frame = 0
 923              		@ frame_needed = 0, uses_anonymous_args = 0
 424:Src/stm32f3xx_hal_msp.c ****   if(htim_base->Instance==TIM2)
 924              		.loc 1 424 3 view .LVU252
 925              		.loc 1 424 15 is_stmt 0 view .LVU253
 926 0000 0368     		ldr	r3, [r0]
 927              		.loc 1 424 5 view .LVU254
 928 0002 B3F1804F 		cmp	r3, #1073741824
 929 0006 05D0     		beq	.L67
 423:Src/stm32f3xx_hal_msp.c ****   if(htim_base->Instance==TIM2)
 930              		.loc 1 423 1 view .LVU255
 931 0008 10B5     		push	{r4, lr}
 932              		.cfi_def_cfa_offset 8
 933              		.cfi_offset 4, -8
 934              		.cfi_offset 14, -4
 935 000a 0446     		mov	r4, r0
 425:Src/stm32f3xx_hal_msp.c ****   {
 426:Src/stm32f3xx_hal_msp.c ****     /* USER CODE BEGIN TIM2_MspDeInit 0 */
 427:Src/stm32f3xx_hal_msp.c **** 
 428:Src/stm32f3xx_hal_msp.c ****     /* USER CODE END TIM2_MspDeInit 0 */
 429:Src/stm32f3xx_hal_msp.c ****     /* Peripheral clock disable */
 430:Src/stm32f3xx_hal_msp.c ****     __HAL_RCC_TIM2_CLK_DISABLE();
 431:Src/stm32f3xx_hal_msp.c ****     /* USER CODE BEGIN TIM2_MspDeInit 1 */
 432:Src/stm32f3xx_hal_msp.c **** 
 433:Src/stm32f3xx_hal_msp.c ****     /* USER CODE END TIM2_MspDeInit 1 */
 434:Src/stm32f3xx_hal_msp.c ****   }
 435:Src/stm32f3xx_hal_msp.c ****   else if(htim_base->Instance==TIM3)
 936              		.loc 1 435 8 is_stmt 1 view .LVU256
 937              		.loc 1 435 10 is_stmt 0 view .LVU257
 938 000c 0B4A     		ldr	r2, .L69
 939 000e 9342     		cmp	r3, r2
 940 0010 06D0     		beq	.L68
 941              	.LVL53:
 942              	.L61:
 436:Src/stm32f3xx_hal_msp.c ****   {
 437:Src/stm32f3xx_hal_msp.c ****     /* USER CODE BEGIN TIM3_MspDeInit 0 */
 438:Src/stm32f3xx_hal_msp.c **** 
 439:Src/stm32f3xx_hal_msp.c ****     /* USER CODE END TIM3_MspDeInit 0 */
 440:Src/stm32f3xx_hal_msp.c ****     /* Peripheral clock disable */
 441:Src/stm32f3xx_hal_msp.c ****     __HAL_RCC_TIM3_CLK_DISABLE();
 442:Src/stm32f3xx_hal_msp.c **** 
 443:Src/stm32f3xx_hal_msp.c ****     /* TIM3 DMA DeInit */
 444:Src/stm32f3xx_hal_msp.c ****     HAL_DMA_DeInit(htim_base->hdma[TIM_DMA_ID_CC1]);
 445:Src/stm32f3xx_hal_msp.c ****     HAL_DMA_DeInit(htim_base->hdma[TIM_DMA_ID_TRIGGER]);
 446:Src/stm32f3xx_hal_msp.c ****     /* USER CODE BEGIN TIM3_MspDeInit 1 */
 447:Src/stm32f3xx_hal_msp.c **** 
 448:Src/stm32f3xx_hal_msp.c ****     /* USER CODE END TIM3_MspDeInit 1 */
 449:Src/stm32f3xx_hal_msp.c ****   }
 450:Src/stm32f3xx_hal_msp.c **** 
ARM GAS  /tmp/ccfPzwNv.s 			page 28


 451:Src/stm32f3xx_hal_msp.c **** }
 943              		.loc 1 451 1 view .LVU258
 944 0012 10BD     		pop	{r4, pc}
 945              	.LVL54:
 946              	.L67:
 947              		.cfi_def_cfa_offset 0
 948              		.cfi_restore 4
 949              		.cfi_restore 14
 430:Src/stm32f3xx_hal_msp.c ****     /* USER CODE BEGIN TIM2_MspDeInit 1 */
 950              		.loc 1 430 5 is_stmt 1 view .LVU259
 951 0014 0A4A     		ldr	r2, .L69+4
 952 0016 D369     		ldr	r3, [r2, #28]
 953 0018 23F00103 		bic	r3, r3, #1
 954 001c D361     		str	r3, [r2, #28]
 955 001e 7047     		bx	lr
 956              	.L68:
 957              		.cfi_def_cfa_offset 8
 958              		.cfi_offset 4, -8
 959              		.cfi_offset 14, -4
 441:Src/stm32f3xx_hal_msp.c **** 
 960              		.loc 1 441 5 view .LVU260
 961 0020 02F50332 		add	r2, r2, #134144
 962 0024 D369     		ldr	r3, [r2, #28]
 963 0026 23F00203 		bic	r3, r3, #2
 964 002a D361     		str	r3, [r2, #28]
 444:Src/stm32f3xx_hal_msp.c ****     HAL_DMA_DeInit(htim_base->hdma[TIM_DMA_ID_TRIGGER]);
 965              		.loc 1 444 5 view .LVU261
 966 002c 406A     		ldr	r0, [r0, #36]
 967              	.LVL55:
 444:Src/stm32f3xx_hal_msp.c ****     HAL_DMA_DeInit(htim_base->hdma[TIM_DMA_ID_TRIGGER]);
 968              		.loc 1 444 5 is_stmt 0 view .LVU262
 969 002e FFF7FEFF 		bl	HAL_DMA_DeInit
 970              	.LVL56:
 445:Src/stm32f3xx_hal_msp.c ****     /* USER CODE BEGIN TIM3_MspDeInit 1 */
 971              		.loc 1 445 5 is_stmt 1 view .LVU263
 972 0032 A06B     		ldr	r0, [r4, #56]
 973 0034 FFF7FEFF 		bl	HAL_DMA_DeInit
 974              	.LVL57:
 975              		.loc 1 451 1 is_stmt 0 view .LVU264
 976 0038 EBE7     		b	.L61
 977              	.L70:
 978 003a 00BF     		.align	2
 979              	.L69:
 980 003c 00040040 		.word	1073742848
 981 0040 00100240 		.word	1073876992
 982              		.cfi_endproc
 983              	.LFE139:
 985              		.section	.text.HAL_UART_MspInit,"ax",%progbits
 986              		.align	1
 987              		.global	HAL_UART_MspInit
 988              		.syntax unified
 989              		.thumb
 990              		.thumb_func
 992              	HAL_UART_MspInit:
 993              	.LVL58:
 994              	.LFB140:
 452:Src/stm32f3xx_hal_msp.c **** 
ARM GAS  /tmp/ccfPzwNv.s 			page 29


 453:Src/stm32f3xx_hal_msp.c **** /**
 454:Src/stm32f3xx_hal_msp.c ****   * @brief UART MSP Initialization
 455:Src/stm32f3xx_hal_msp.c ****   * This function configures the hardware resources used in this example
 456:Src/stm32f3xx_hal_msp.c ****   * @param huart: UART handle pointer
 457:Src/stm32f3xx_hal_msp.c ****   * @retval None
 458:Src/stm32f3xx_hal_msp.c ****   */
 459:Src/stm32f3xx_hal_msp.c **** void HAL_UART_MspInit(UART_HandleTypeDef* huart)
 460:Src/stm32f3xx_hal_msp.c **** {
 995              		.loc 1 460 1 is_stmt 1 view -0
 996              		.cfi_startproc
 997              		@ args = 0, pretend = 0, frame = 32
 998              		@ frame_needed = 0, uses_anonymous_args = 0
 999              		.loc 1 460 1 is_stmt 0 view .LVU266
 1000 0000 00B5     		push	{lr}
 1001              		.cfi_def_cfa_offset 4
 1002              		.cfi_offset 14, -4
 1003 0002 89B0     		sub	sp, sp, #36
 1004              		.cfi_def_cfa_offset 40
 461:Src/stm32f3xx_hal_msp.c ****   GPIO_InitTypeDef GPIO_InitStruct = {0};
 1005              		.loc 1 461 3 is_stmt 1 view .LVU267
 1006              		.loc 1 461 20 is_stmt 0 view .LVU268
 1007 0004 0023     		movs	r3, #0
 1008 0006 0393     		str	r3, [sp, #12]
 1009 0008 0493     		str	r3, [sp, #16]
 1010 000a 0593     		str	r3, [sp, #20]
 1011 000c 0693     		str	r3, [sp, #24]
 1012 000e 0793     		str	r3, [sp, #28]
 462:Src/stm32f3xx_hal_msp.c ****   if(huart->Instance==USART1)
 1013              		.loc 1 462 3 is_stmt 1 view .LVU269
 1014              		.loc 1 462 11 is_stmt 0 view .LVU270
 1015 0010 0268     		ldr	r2, [r0]
 1016              		.loc 1 462 5 view .LVU271
 1017 0012 134B     		ldr	r3, .L75
 1018 0014 9A42     		cmp	r2, r3
 1019 0016 02D0     		beq	.L74
 1020              	.LVL59:
 1021              	.L71:
 463:Src/stm32f3xx_hal_msp.c ****   {
 464:Src/stm32f3xx_hal_msp.c ****     /* USER CODE BEGIN USART1_MspInit 0 */
 465:Src/stm32f3xx_hal_msp.c **** 
 466:Src/stm32f3xx_hal_msp.c ****     /* USER CODE END USART1_MspInit 0 */
 467:Src/stm32f3xx_hal_msp.c ****     /* Peripheral clock enable */
 468:Src/stm32f3xx_hal_msp.c ****     __HAL_RCC_USART1_CLK_ENABLE();
 469:Src/stm32f3xx_hal_msp.c **** 
 470:Src/stm32f3xx_hal_msp.c ****     __HAL_RCC_GPIOC_CLK_ENABLE();
 471:Src/stm32f3xx_hal_msp.c ****     /**USART1 GPIO Configuration
 472:Src/stm32f3xx_hal_msp.c ****     PC4     ------> USART1_TX
 473:Src/stm32f3xx_hal_msp.c ****     PC5     ------> USART1_RX
 474:Src/stm32f3xx_hal_msp.c ****     */
 475:Src/stm32f3xx_hal_msp.c ****     GPIO_InitStruct.Pin = GPIO_PIN_4|GPIO_PIN_5;
 476:Src/stm32f3xx_hal_msp.c ****     GPIO_InitStruct.Mode = GPIO_MODE_AF_PP;
 477:Src/stm32f3xx_hal_msp.c ****     GPIO_InitStruct.Pull = GPIO_NOPULL;
 478:Src/stm32f3xx_hal_msp.c ****     GPIO_InitStruct.Speed = GPIO_SPEED_FREQ_HIGH;
 479:Src/stm32f3xx_hal_msp.c ****     GPIO_InitStruct.Alternate = GPIO_AF7_USART1;
 480:Src/stm32f3xx_hal_msp.c ****     HAL_GPIO_Init(GPIOC, &GPIO_InitStruct);
 481:Src/stm32f3xx_hal_msp.c **** 
 482:Src/stm32f3xx_hal_msp.c ****     /* USER CODE BEGIN USART1_MspInit 1 */
ARM GAS  /tmp/ccfPzwNv.s 			page 30


 483:Src/stm32f3xx_hal_msp.c **** 
 484:Src/stm32f3xx_hal_msp.c ****     /* USER CODE END USART1_MspInit 1 */
 485:Src/stm32f3xx_hal_msp.c **** 
 486:Src/stm32f3xx_hal_msp.c ****   }
 487:Src/stm32f3xx_hal_msp.c **** 
 488:Src/stm32f3xx_hal_msp.c **** }
 1022              		.loc 1 488 1 view .LVU272
 1023 0018 09B0     		add	sp, sp, #36
 1024              		.cfi_remember_state
 1025              		.cfi_def_cfa_offset 4
 1026              		@ sp needed
 1027 001a 5DF804FB 		ldr	pc, [sp], #4
 1028              	.LVL60:
 1029              	.L74:
 1030              		.cfi_restore_state
 468:Src/stm32f3xx_hal_msp.c **** 
 1031              		.loc 1 468 5 is_stmt 1 view .LVU273
 1032              	.LBB15:
 468:Src/stm32f3xx_hal_msp.c **** 
 1033              		.loc 1 468 5 view .LVU274
 468:Src/stm32f3xx_hal_msp.c **** 
 1034              		.loc 1 468 5 view .LVU275
 1035 001e 03F55843 		add	r3, r3, #55296
 1036 0022 9A69     		ldr	r2, [r3, #24]
 1037 0024 42F48042 		orr	r2, r2, #16384
 1038 0028 9A61     		str	r2, [r3, #24]
 468:Src/stm32f3xx_hal_msp.c **** 
 1039              		.loc 1 468 5 view .LVU276
 1040 002a 9A69     		ldr	r2, [r3, #24]
 1041 002c 02F48042 		and	r2, r2, #16384
 1042 0030 0192     		str	r2, [sp, #4]
 468:Src/stm32f3xx_hal_msp.c **** 
 1043              		.loc 1 468 5 view .LVU277
 1044 0032 019A     		ldr	r2, [sp, #4]
 1045              	.LBE15:
 468:Src/stm32f3xx_hal_msp.c **** 
 1046              		.loc 1 468 5 view .LVU278
 470:Src/stm32f3xx_hal_msp.c ****     /**USART1 GPIO Configuration
 1047              		.loc 1 470 5 view .LVU279
 1048              	.LBB16:
 470:Src/stm32f3xx_hal_msp.c ****     /**USART1 GPIO Configuration
 1049              		.loc 1 470 5 view .LVU280
 470:Src/stm32f3xx_hal_msp.c ****     /**USART1 GPIO Configuration
 1050              		.loc 1 470 5 view .LVU281
 1051 0034 5A69     		ldr	r2, [r3, #20]
 1052 0036 42F40022 		orr	r2, r2, #524288
 1053 003a 5A61     		str	r2, [r3, #20]
 470:Src/stm32f3xx_hal_msp.c ****     /**USART1 GPIO Configuration
 1054              		.loc 1 470 5 view .LVU282
 1055 003c 5B69     		ldr	r3, [r3, #20]
 1056 003e 03F40023 		and	r3, r3, #524288
 1057 0042 0293     		str	r3, [sp, #8]
 470:Src/stm32f3xx_hal_msp.c ****     /**USART1 GPIO Configuration
 1058              		.loc 1 470 5 view .LVU283
 1059 0044 029B     		ldr	r3, [sp, #8]
 1060              	.LBE16:
 470:Src/stm32f3xx_hal_msp.c ****     /**USART1 GPIO Configuration
ARM GAS  /tmp/ccfPzwNv.s 			page 31


 1061              		.loc 1 470 5 view .LVU284
 475:Src/stm32f3xx_hal_msp.c ****     GPIO_InitStruct.Mode = GPIO_MODE_AF_PP;
 1062              		.loc 1 475 5 view .LVU285
 475:Src/stm32f3xx_hal_msp.c ****     GPIO_InitStruct.Mode = GPIO_MODE_AF_PP;
 1063              		.loc 1 475 25 is_stmt 0 view .LVU286
 1064 0046 3023     		movs	r3, #48
 1065 0048 0393     		str	r3, [sp, #12]
 476:Src/stm32f3xx_hal_msp.c ****     GPIO_InitStruct.Pull = GPIO_NOPULL;
 1066              		.loc 1 476 5 is_stmt 1 view .LVU287
 476:Src/stm32f3xx_hal_msp.c ****     GPIO_InitStruct.Pull = GPIO_NOPULL;
 1067              		.loc 1 476 26 is_stmt 0 view .LVU288
 1068 004a 0223     		movs	r3, #2
 1069 004c 0493     		str	r3, [sp, #16]
 477:Src/stm32f3xx_hal_msp.c ****     GPIO_InitStruct.Speed = GPIO_SPEED_FREQ_HIGH;
 1070              		.loc 1 477 5 is_stmt 1 view .LVU289
 478:Src/stm32f3xx_hal_msp.c ****     GPIO_InitStruct.Alternate = GPIO_AF7_USART1;
 1071              		.loc 1 478 5 view .LVU290
 478:Src/stm32f3xx_hal_msp.c ****     GPIO_InitStruct.Alternate = GPIO_AF7_USART1;
 1072              		.loc 1 478 27 is_stmt 0 view .LVU291
 1073 004e 0323     		movs	r3, #3
 1074 0050 0693     		str	r3, [sp, #24]
 479:Src/stm32f3xx_hal_msp.c ****     HAL_GPIO_Init(GPIOC, &GPIO_InitStruct);
 1075              		.loc 1 479 5 is_stmt 1 view .LVU292
 479:Src/stm32f3xx_hal_msp.c ****     HAL_GPIO_Init(GPIOC, &GPIO_InitStruct);
 1076              		.loc 1 479 31 is_stmt 0 view .LVU293
 1077 0052 0723     		movs	r3, #7
 1078 0054 0793     		str	r3, [sp, #28]
 480:Src/stm32f3xx_hal_msp.c **** 
 1079              		.loc 1 480 5 is_stmt 1 view .LVU294
 1080 0056 03A9     		add	r1, sp, #12
 1081 0058 0248     		ldr	r0, .L75+4
 1082              	.LVL61:
 480:Src/stm32f3xx_hal_msp.c **** 
 1083              		.loc 1 480 5 is_stmt 0 view .LVU295
 1084 005a FFF7FEFF 		bl	HAL_GPIO_Init
 1085              	.LVL62:
 1086              		.loc 1 488 1 view .LVU296
 1087 005e DBE7     		b	.L71
 1088              	.L76:
 1089              		.align	2
 1090              	.L75:
 1091 0060 00380140 		.word	1073821696
 1092 0064 00080048 		.word	1207961600
 1093              		.cfi_endproc
 1094              	.LFE140:
 1096              		.section	.text.HAL_UART_MspDeInit,"ax",%progbits
 1097              		.align	1
 1098              		.global	HAL_UART_MspDeInit
 1099              		.syntax unified
 1100              		.thumb
 1101              		.thumb_func
 1103              	HAL_UART_MspDeInit:
 1104              	.LVL63:
 1105              	.LFB141:
 489:Src/stm32f3xx_hal_msp.c **** 
 490:Src/stm32f3xx_hal_msp.c **** /**
 491:Src/stm32f3xx_hal_msp.c ****   * @brief UART MSP De-Initialization
ARM GAS  /tmp/ccfPzwNv.s 			page 32


 492:Src/stm32f3xx_hal_msp.c ****   * This function freeze the hardware resources used in this example
 493:Src/stm32f3xx_hal_msp.c ****   * @param huart: UART handle pointer
 494:Src/stm32f3xx_hal_msp.c ****   * @retval None
 495:Src/stm32f3xx_hal_msp.c ****   */
 496:Src/stm32f3xx_hal_msp.c **** void HAL_UART_MspDeInit(UART_HandleTypeDef* huart)
 497:Src/stm32f3xx_hal_msp.c **** {
 1106              		.loc 1 497 1 is_stmt 1 view -0
 1107              		.cfi_startproc
 1108              		@ args = 0, pretend = 0, frame = 0
 1109              		@ frame_needed = 0, uses_anonymous_args = 0
 1110              		.loc 1 497 1 is_stmt 0 view .LVU298
 1111 0000 08B5     		push	{r3, lr}
 1112              		.cfi_def_cfa_offset 8
 1113              		.cfi_offset 3, -8
 1114              		.cfi_offset 14, -4
 498:Src/stm32f3xx_hal_msp.c ****   if(huart->Instance==USART1)
 1115              		.loc 1 498 3 is_stmt 1 view .LVU299
 1116              		.loc 1 498 11 is_stmt 0 view .LVU300
 1117 0002 0268     		ldr	r2, [r0]
 1118              		.loc 1 498 5 view .LVU301
 1119 0004 064B     		ldr	r3, .L81
 1120 0006 9A42     		cmp	r2, r3
 1121 0008 00D0     		beq	.L80
 1122              	.LVL64:
 1123              	.L77:
 499:Src/stm32f3xx_hal_msp.c ****   {
 500:Src/stm32f3xx_hal_msp.c ****     /* USER CODE BEGIN USART1_MspDeInit 0 */
 501:Src/stm32f3xx_hal_msp.c **** 
 502:Src/stm32f3xx_hal_msp.c ****     /* USER CODE END USART1_MspDeInit 0 */
 503:Src/stm32f3xx_hal_msp.c ****     /* Peripheral clock disable */
 504:Src/stm32f3xx_hal_msp.c ****     __HAL_RCC_USART1_CLK_DISABLE();
 505:Src/stm32f3xx_hal_msp.c **** 
 506:Src/stm32f3xx_hal_msp.c ****     /**USART1 GPIO Configuration
 507:Src/stm32f3xx_hal_msp.c ****     PC4     ------> USART1_TX
 508:Src/stm32f3xx_hal_msp.c ****     PC5     ------> USART1_RX
 509:Src/stm32f3xx_hal_msp.c ****     */
 510:Src/stm32f3xx_hal_msp.c ****     HAL_GPIO_DeInit(GPIOC, GPIO_PIN_4|GPIO_PIN_5);
 511:Src/stm32f3xx_hal_msp.c **** 
 512:Src/stm32f3xx_hal_msp.c ****     /* USER CODE BEGIN USART1_MspDeInit 1 */
 513:Src/stm32f3xx_hal_msp.c **** 
 514:Src/stm32f3xx_hal_msp.c ****     /* USER CODE END USART1_MspDeInit 1 */
 515:Src/stm32f3xx_hal_msp.c ****   }
 516:Src/stm32f3xx_hal_msp.c **** 
 517:Src/stm32f3xx_hal_msp.c **** }
 1124              		.loc 1 517 1 view .LVU302
 1125 000a 08BD     		pop	{r3, pc}
 1126              	.LVL65:
 1127              	.L80:
 504:Src/stm32f3xx_hal_msp.c **** 
 1128              		.loc 1 504 5 is_stmt 1 view .LVU303
 1129 000c 054A     		ldr	r2, .L81+4
 1130 000e 9369     		ldr	r3, [r2, #24]
 1131 0010 23F48043 		bic	r3, r3, #16384
 1132 0014 9361     		str	r3, [r2, #24]
 510:Src/stm32f3xx_hal_msp.c **** 
 1133              		.loc 1 510 5 view .LVU304
 1134 0016 3021     		movs	r1, #48
ARM GAS  /tmp/ccfPzwNv.s 			page 33


 1135 0018 0348     		ldr	r0, .L81+8
 1136              	.LVL66:
 510:Src/stm32f3xx_hal_msp.c **** 
 1137              		.loc 1 510 5 is_stmt 0 view .LVU305
 1138 001a FFF7FEFF 		bl	HAL_GPIO_DeInit
 1139              	.LVL67:
 1140              		.loc 1 517 1 view .LVU306
 1141 001e F4E7     		b	.L77
 1142              	.L82:
 1143              		.align	2
 1144              	.L81:
 1145 0020 00380140 		.word	1073821696
 1146 0024 00100240 		.word	1073876992
 1147 0028 00080048 		.word	1207961600
 1148              		.cfi_endproc
 1149              	.LFE141:
 1151              		.text
 1152              	.Letext0:
 1153              		.file 2 "/usr/arm-none-eabi/include/machine/_default_types.h"
 1154              		.file 3 "/usr/arm-none-eabi/include/sys/_stdint.h"
 1155              		.file 4 "Inc/CMSIS/Device/ST/STM32F3xx/Include/stm32f303xe.h"
 1156              		.file 5 "Inc/CMSIS/Device/ST/STM32F3xx/Include/stm32f3xx.h"
 1157              		.file 6 "Inc/STM32F3xx_HAL_Driver/Inc/stm32f3xx_hal_def.h"
 1158              		.file 7 "Inc/STM32F3xx_HAL_Driver/Inc/stm32f3xx_hal_gpio.h"
 1159              		.file 8 "Inc/STM32F3xx_HAL_Driver/Inc/stm32f3xx_hal_dma.h"
 1160              		.file 9 "Inc/STM32F3xx_HAL_Driver/Inc/stm32f3xx_hal_adc_ex.h"
 1161              		.file 10 "Inc/STM32F3xx_HAL_Driver/Inc/stm32f3xx_hal_adc.h"
 1162              		.file 11 "Inc/STM32F3xx_HAL_Driver/Inc/stm32f3xx_hal_comp.h"
 1163              		.file 12 "Inc/STM32F3xx_HAL_Driver/Inc/stm32f3xx_hal_dac.h"
 1164              		.file 13 "Inc/STM32F3xx_HAL_Driver/Inc/stm32f3xx_hal_tim.h"
 1165              		.file 14 "Inc/STM32F3xx_HAL_Driver/Inc/stm32f3xx_hal_uart.h"
 1166              		.file 15 "Inc/main.h"
ARM GAS  /tmp/ccfPzwNv.s 			page 34


DEFINED SYMBOLS
                            *ABS*:00000000 stm32f3xx_hal_msp.c
     /tmp/ccfPzwNv.s:21     .text.HAL_MspInit:00000000 $t
     /tmp/ccfPzwNv.s:27     .text.HAL_MspInit:00000000 HAL_MspInit
     /tmp/ccfPzwNv.s:75     .text.HAL_MspInit:0000002c $d
     /tmp/ccfPzwNv.s:80     .text.HAL_ADC_MspInit:00000000 $t
     /tmp/ccfPzwNv.s:86     .text.HAL_ADC_MspInit:00000000 HAL_ADC_MspInit
     /tmp/ccfPzwNv.s:178    .text.HAL_ADC_MspDeInit:00000000 $t
     /tmp/ccfPzwNv.s:184    .text.HAL_ADC_MspDeInit:00000000 HAL_ADC_MspDeInit
     /tmp/ccfPzwNv.s:225    .text.HAL_ADC_MspDeInit:00000024 $d
     /tmp/ccfPzwNv.s:230    .text.HAL_COMP_MspInit:00000000 $t
     /tmp/ccfPzwNv.s:236    .text.HAL_COMP_MspInit:00000000 HAL_COMP_MspInit
     /tmp/ccfPzwNv.s:393    .text.HAL_COMP_MspInit:000000a4 $d
     /tmp/ccfPzwNv.s:401    .text.HAL_COMP_MspDeInit:00000000 $t
     /tmp/ccfPzwNv.s:407    .text.HAL_COMP_MspDeInit:00000000 HAL_COMP_MspDeInit
     /tmp/ccfPzwNv.s:464    .text.HAL_COMP_MspDeInit:00000034 $d
     /tmp/ccfPzwNv.s:471    .text.HAL_DAC_MspInit:00000000 $t
     /tmp/ccfPzwNv.s:477    .text.HAL_DAC_MspInit:00000000 HAL_DAC_MspInit
     /tmp/ccfPzwNv.s:568    .text.HAL_DAC_MspInit:0000005c $d
     /tmp/ccfPzwNv.s:573    .text.HAL_DAC_MspDeInit:00000000 $t
     /tmp/ccfPzwNv.s:579    .text.HAL_DAC_MspDeInit:00000000 HAL_DAC_MspDeInit
     /tmp/ccfPzwNv.s:621    .text.HAL_DAC_MspDeInit:00000024 $d
     /tmp/ccfPzwNv.s:627    .text.HAL_TIM_Base_MspInit:00000000 $t
     /tmp/ccfPzwNv.s:633    .text.HAL_TIM_Base_MspInit:00000000 HAL_TIM_Base_MspInit
     /tmp/ccfPzwNv.s:767    .text.HAL_TIM_Base_MspInit:00000080 $d
     /tmp/ccfPzwNv.s:775    .text.HAL_TIM_MspPostInit:00000000 $t
     /tmp/ccfPzwNv.s:781    .text.HAL_TIM_MspPostInit:00000000 HAL_TIM_MspPostInit
     /tmp/ccfPzwNv.s:905    .text.HAL_TIM_MspPostInit:0000007c $d
     /tmp/ccfPzwNv.s:911    .text.HAL_TIM_Base_MspDeInit:00000000 $t
     /tmp/ccfPzwNv.s:917    .text.HAL_TIM_Base_MspDeInit:00000000 HAL_TIM_Base_MspDeInit
     /tmp/ccfPzwNv.s:980    .text.HAL_TIM_Base_MspDeInit:0000003c $d
     /tmp/ccfPzwNv.s:986    .text.HAL_UART_MspInit:00000000 $t
     /tmp/ccfPzwNv.s:992    .text.HAL_UART_MspInit:00000000 HAL_UART_MspInit
     /tmp/ccfPzwNv.s:1091   .text.HAL_UART_MspInit:00000060 $d
     /tmp/ccfPzwNv.s:1097   .text.HAL_UART_MspDeInit:00000000 $t
     /tmp/ccfPzwNv.s:1103   .text.HAL_UART_MspDeInit:00000000 HAL_UART_MspDeInit
     /tmp/ccfPzwNv.s:1145   .text.HAL_UART_MspDeInit:00000020 $d

UNDEFINED SYMBOLS
HAL_GPIO_Init
HAL_GPIO_DeInit
HAL_DMA_Init
Error_Handler
hdma_tim3_ch1_trig
HAL_DMA_DeInit
